---
source: kcl-lib/src/simulation_tests.rs
description: Variables in memory after executing marine-ladder.kcl
---
{
  "ladderHeight": {
    "type": "Number",
    "value": 2000.0,
    "ty": {
      "type": "Default",
      "len": "mm",
      "angle": "degrees"
    }
  },
  "ladderReach": {
    "type": "Number",
    "value": 450.0,
    "ty": {
      "type": "Default",
      "len": "mm",
      "angle": "degrees"
    }
  },
  "ladderWidth": {
    "type": "Number",
    "value": 450.0,
    "ty": {
      "type": "Default",
      "len": "mm",
      "angle": "degrees"
    }
  },
  "railDiameter": {
    "type": "Number",
    "value": 30.0,
    "ty": {
      "type": "Default",
      "len": "mm",
      "angle": "degrees"
    }
  },
  "railPath": {
    "type": "Sketch",
    "value": {
      "type": "Sketch",
      "id": "[uuid]",
      "paths": [
        {
          "__geoMeta": {
            "id": "[uuid]",
            "sourceRange": []
          },
          "from": [
            0.0,
            0.0
          ],
          "tag": null,
          "to": [
            0.0,
            1775.0
          ],
          "type": "ToPoint",
          "units": "mm"
        },
        {
          "__geoMeta": {
            "id": "[uuid]",
            "sourceRange": []
          },
          "ccw": false,
          "center": [
            225.0,
            1775.0
          ],
          "from": [
            0.0,
            1775.0
          ],
          "tag": null,
          "to": [
            450.0,
            1775.0
          ],
          "type": "TangentialArcTo",
          "units": "mm"
        },
        {
          "__geoMeta": {
            "id": "[uuid]",
            "sourceRange": []
          },
          "from": [
            450.0,
            1775.0
          ],
          "tag": null,
          "to": [
            450.0,
            1550.0
          ],
          "type": "ToPoint",
          "units": "mm"
        }
      ],
      "on": {
        "artifactId": "[uuid]",
        "id": "[uuid]",
        "objectId": null,
        "origin": {
          "x": 0.0,
          "y": 0.0,
          "z": 0.0,
          "units": "mm"
        },
        "type": "plane",
        "value": "YZ",
        "xAxis": {
          "x": 0.0,
          "y": 1.0,
          "z": 0.0,
          "units": null
        },
        "yAxis": {
          "x": 0.0,
          "y": 0.0,
          "z": 1.0,
          "units": null
        },
        "zAxis": {
          "x": 1.0,
          "y": 0.0,
          "z": 0.0,
          "units": null
        }
      },
      "start": {
        "from": [
          0.0,
          0.0
        ],
        "to": [
          0.0,
          0.0
        ],
        "units": "mm",
        "tag": null,
        "__geoMeta": {
          "id": "[uuid]",
          "sourceRange": []
        }
      },
      "artifactId": "[uuid]",
      "originalId": "[uuid]",
      "units": "mm",
      "isClosed": false
    }
  },
  "railSection": {
    "type": "Sketch",
    "value": {
      "type": "Sketch",
      "id": "[uuid]",
      "paths": [
        {
          "__geoMeta": {
            "id": "[uuid]",
            "sourceRange": []
          },
          "ccw": true,
          "center": [
            0.0,
            0.0
          ],
          "from": [
            15.0,
            0.0
          ],
          "radius": 15.0,
          "tag": null,
          "to": [
            15.0,
            0.0
          ],
          "type": "Circle",
          "units": "mm"
        }
      ],
      "on": {
        "artifactId": "[uuid]",
        "id": "[uuid]",
        "objectId": null,
        "origin": {
          "x": 0.0,
          "y": 0.0,
          "z": 0.0,
          "units": "mm"
        },
        "type": "plane",
        "value": "XY",
        "xAxis": {
          "x": 1.0,
          "y": 0.0,
          "z": 0.0,
          "units": null
        },
        "yAxis": {
          "x": 0.0,
          "y": 1.0,
          "z": 0.0,
          "units": null
        },
        "zAxis": {
          "x": 0.0,
          "y": 0.0,
          "z": 1.0,
          "units": null
        }
      },
      "start": {
        "from": [
          15.0,
          0.0
        ],
        "to": [
          15.0,
          0.0
        ],
        "units": "mm",
        "tag": null,
        "__geoMeta": {
          "id": "[uuid]",
          "sourceRange": []
        }
      },
      "artifactId": "[uuid]",
      "originalId": "[uuid]",
      "units": "mm"
    }
  },
  "rails": {
    "type": "HomArray",
    "value": [
      {
        "type": "Solid",
        "value": {
          "type": "Solid",
          "id": "[uuid]",
          "artifactId": "[uuid]",
          "value": [
            {
              "faceId": "[uuid]",
              "id": "[uuid]",
              "sourceRange": [],
              "tag": null,
              "type": "extrudeArc"
            }
          ],
          "sketch": {
            "type": "Sketch",
            "id": "[uuid]",
            "paths": [
              {
                "__geoMeta": {
                  "id": "[uuid]",
                  "sourceRange": []
                },
                "ccw": true,
                "center": [
                  0.0,
                  0.0
                ],
                "from": [
                  15.0,
                  0.0
                ],
                "radius": 15.0,
                "tag": null,
                "to": [
                  15.0,
                  0.0
                ],
                "type": "Circle",
                "units": "mm"
              }
            ],
            "on": {
              "artifactId": "[uuid]",
              "id": "[uuid]",
              "objectId": null,
              "origin": {
                "x": 0.0,
                "y": 0.0,
                "z": 0.0,
                "units": "mm"
              },
              "type": "plane",
              "value": "XY",
              "xAxis": {
                "x": 1.0,
                "y": 0.0,
                "z": 0.0,
                "units": null
              },
              "yAxis": {
                "x": 0.0,
                "y": 1.0,
                "z": 0.0,
                "units": null
              },
              "zAxis": {
                "x": 0.0,
                "y": 0.0,
                "z": 1.0,
                "units": null
              }
            },
            "start": {
              "from": [
                15.0,
                0.0
              ],
              "to": [
                15.0,
                0.0
              ],
              "units": "mm",
              "tag": null,
              "__geoMeta": {
                "id": "[uuid]",
                "sourceRange": []
              }
            },
            "artifactId": "[uuid]",
            "originalId": "[uuid]",
            "units": "mm"
          },
          "startCapId": "[uuid]",
          "endCapId": "[uuid]",
          "units": "mm",
          "sectional": false
        }
      },
      {
        "type": "Solid",
        "value": {
          "type": "Solid",
          "id": "[uuid]",
          "artifactId": "[uuid]",
          "value": [
            {
              "faceId": "[uuid]",
              "id": "[uuid]",
              "sourceRange": [],
              "tag": null,
              "type": "extrudeArc"
            }
          ],
          "sketch": {
            "type": "Sketch",
            "id": "[uuid]",
            "paths": [
              {
                "__geoMeta": {
                  "id": "[uuid]",
                  "sourceRange": []
                },
                "ccw": true,
                "center": [
                  0.0,
                  0.0
                ],
                "from": [
                  15.0,
                  0.0
                ],
                "radius": 15.0,
                "tag": null,
                "to": [
                  15.0,
                  0.0
                ],
                "type": "Circle",
                "units": "mm"
              }
            ],
            "on": {
              "artifactId": "[uuid]",
              "id": "[uuid]",
              "objectId": null,
              "origin": {
                "x": 0.0,
                "y": 0.0,
                "z": 0.0,
                "units": "mm"
              },
              "type": "plane",
              "value": "XY",
              "xAxis": {
                "x": 1.0,
                "y": 0.0,
                "z": 0.0,
                "units": null
              },
              "yAxis": {
                "x": 0.0,
                "y": 1.0,
                "z": 0.0,
                "units": null
              },
              "zAxis": {
                "x": 0.0,
                "y": 0.0,
                "z": 1.0,
                "units": null
              }
            },
            "start": {
              "from": [
                15.0,
                0.0
              ],
              "to": [
                15.0,
                0.0
              ],
              "units": "mm",
              "tag": null,
              "__geoMeta": {
                "id": "[uuid]",
                "sourceRange": []
              }
            },
            "artifactId": "[uuid]",
            "originalId": "[uuid]",
            "units": "mm"
          },
          "startCapId": "[uuid]",
          "endCapId": "[uuid]",
          "units": "mm",
          "sectional": false
        }
      }
    ]
  },
  "rungCount": {
    "type": "Number",
    "value": 4.0,
    "ty": {
      "type": "Default",
      "len": "mm",
      "angle": "degrees"
    }
  },
  "rungDepth": {
    "type": "Number",
    "value": 450.0,
    "ty": {
      "type": "Default",
      "len": "mm",
      "angle": "degrees"
    }
  },
  "rungDiameter": {
    "type": "Number",
    "value": 30.0,
    "ty": {
      "type": "Default",
      "len": "mm",
      "angle": "degrees"
    }
  },
  "rungProfile": {
    "type": "Sketch",
    "value": {
      "type": "Sketch",
      "id": "[uuid]",
      "paths": [
        {
          "__geoMeta": {
            "id": "[uuid]",
            "sourceRange": []
          },
          "ccw": true,
          "center": [
            0.0,
            0.0
          ],
          "from": [
            15.0,
            0.0
          ],
          "radius": 15.0,
          "tag": null,
          "to": [
            15.0,
            0.0
          ],
          "type": "Circle",
          "units": "mm"
        }
      ],
      "on": {
        "artifactId": "[uuid]",
        "id": "[uuid]",
        "objectId": null,
        "origin": {
          "x": -225.0,
          "y": 0.0,
          "z": 0.0,
          "units": "mm"
        },
        "type": "plane",
        "value": "Custom",
        "xAxis": {
          "x": 0.0,
          "y": 1.0,
          "z": 0.0,
          "units": null
        },
        "yAxis": {
          "x": 0.0,
          "y": 0.0,
          "z": 1.0,
          "units": null
        },
        "zAxis": {
          "x": 1.0,
          "y": 0.0,
          "z": 0.0,
          "units": null
        }
      },
      "start": {
        "from": [
          15.0,
          0.0
        ],
        "to": [
          15.0,
          0.0
        ],
        "units": "mm",
        "tag": null,
        "__geoMeta": {
          "id": "[uuid]",
          "sourceRange": []
        }
      },
      "artifactId": "[uuid]",
      "originalId": "[uuid]",
      "units": "mm"
    }
  },
  "rungSpacing": {
    "type": "Number",
    "value": 355.0,
    "ty": {
      "type": "Default",
      "len": "mm",
      "angle": "degrees"
    }
  },
  "rungs": {
    "type": "HomArray",
    "value": [
      {
        "type": "Solid",
        "value": {
          "type": "Solid",
          "id": "[uuid]",
          "artifactId": "[uuid]",
          "value": [
            {
              "faceId": "[uuid]",
              "id": "[uuid]",
              "sourceRange": [],
              "tag": null,
              "type": "extrudeArc"
            }
          ],
          "sketch": {
            "type": "Sketch",
            "id": "[uuid]",
            "paths": [
              {
                "__geoMeta": {
                  "id": "[uuid]",
                  "sourceRange": []
                },
                "ccw": true,
                "center": [
                  0.0,
                  0.0
                ],
                "from": [
                  15.0,
                  0.0
                ],
                "radius": 15.0,
                "tag": null,
                "to": [
                  15.0,
                  0.0
                ],
                "type": "Circle",
                "units": "mm"
              }
            ],
            "on": {
              "artifactId": "[uuid]",
              "id": "[uuid]",
              "objectId": null,
              "origin": {
                "x": -225.0,
                "y": 0.0,
                "z": 0.0,
                "units": "mm"
              },
              "type": "plane",
              "value": "Custom",
              "xAxis": {
                "x": 0.0,
                "y": 1.0,
                "z": 0.0,
                "units": null
              },
              "yAxis": {
                "x": 0.0,
                "y": 0.0,
                "z": 1.0,
                "units": null
              },
              "zAxis": {
                "x": 1.0,
                "y": 0.0,
                "z": 0.0,
                "units": null
              }
            },
            "start": {
              "from": [
                15.0,
                0.0
              ],
              "to": [
                15.0,
                0.0
              ],
              "units": "mm",
              "tag": null,
              "__geoMeta": {
                "id": "[uuid]",
                "sourceRange": []
              }
            },
            "artifactId": "[uuid]",
            "originalId": "[uuid]",
            "units": "mm"
          },
          "startCapId": "[uuid]",
          "endCapId": "[uuid]",
          "units": "mm",
          "sectional": false
        }
      },
      {
        "type": "Solid",
        "value": {
          "type": "Solid",
          "id": "[uuid]",
          "artifactId": "[uuid]",
          "value": [
            {
              "faceId": "[uuid]",
              "id": "[uuid]",
              "sourceRange": [],
              "tag": null,
              "type": "extrudeArc"
            }
          ],
          "sketch": {
            "type": "Sketch",
            "id": "[uuid]",
            "paths": [
              {
                "__geoMeta": {
                  "id": "[uuid]",
                  "sourceRange": []
                },
                "ccw": true,
                "center": [
                  0.0,
                  0.0
                ],
                "from": [
                  15.0,
                  0.0
                ],
                "radius": 15.0,
                "tag": null,
                "to": [
                  15.0,
                  0.0
                ],
                "type": "Circle",
                "units": "mm"
              }
            ],
            "on": {
              "artifactId": "[uuid]",
              "id": "[uuid]",
              "objectId": null,
              "origin": {
                "x": -225.0,
                "y": 0.0,
                "z": 0.0,
                "units": "mm"
              },
              "type": "plane",
              "value": "Custom",
              "xAxis": {
                "x": 0.0,
                "y": 1.0,
                "z": 0.0,
                "units": null
              },
              "yAxis": {
                "x": 0.0,
                "y": 0.0,
                "z": 1.0,
                "units": null
              },
              "zAxis": {
                "x": 1.0,
                "y": 0.0,
                "z": 0.0,
                "units": null
              }
            },
            "start": {
              "from": [
                15.0,
                0.0
              ],
              "to": [
                15.0,
                0.0
              ],
              "units": "mm",
              "tag": null,
              "__geoMeta": {
                "id": "[uuid]",
                "sourceRange": []
              }
            },
            "artifactId": "[uuid]",
            "originalId": "[uuid]",
            "units": "mm"
          },
          "startCapId": "[uuid]",
          "endCapId": "[uuid]",
          "units": "mm",
          "sectional": false
        }
      },
      {
        "type": "Solid",
        "value": {
          "type": "Solid",
          "id": "[uuid]",
          "artifactId": "[uuid]",
          "value": [
            {
              "faceId": "[uuid]",
              "id": "[uuid]",
              "sourceRange": [],
              "tag": null,
              "type": "extrudeArc"
            }
          ],
          "sketch": {
            "type": "Sketch",
            "id": "[uuid]",
            "paths": [
              {
                "__geoMeta": {
                  "id": "[uuid]",
                  "sourceRange": []
                },
                "ccw": true,
                "center": [
                  0.0,
                  0.0
                ],
                "from": [
                  15.0,
                  0.0
                ],
                "radius": 15.0,
                "tag": null,
                "to": [
                  15.0,
                  0.0
                ],
                "type": "Circle",
                "units": "mm"
              }
            ],
            "on": {
              "artifactId": "[uuid]",
              "id": "[uuid]",
              "objectId": null,
              "origin": {
                "x": -225.0,
                "y": 0.0,
                "z": 0.0,
                "units": "mm"
              },
              "type": "plane",
              "value": "Custom",
              "xAxis": {
                "x": 0.0,
                "y": 1.0,
                "z": 0.0,
                "units": null
              },
              "yAxis": {
                "x": 0.0,
                "y": 0.0,
                "z": 1.0,
                "units": null
              },
              "zAxis": {
                "x": 1.0,
                "y": 0.0,
                "z": 0.0,
                "units": null
              }
            },
            "start": {
              "from": [
                15.0,
                0.0
              ],
              "to": [
                15.0,
                0.0
              ],
              "units": "mm",
              "tag": null,
              "__geoMeta": {
                "id": "[uuid]",
                "sourceRange": []
              }
            },
            "artifactId": "[uuid]",
            "originalId": "[uuid]",
            "units": "mm"
          },
          "startCapId": "[uuid]",
          "endCapId": "[uuid]",
          "units": "mm",
          "sectional": false
        }
      },
      {
        "type": "Solid",
        "value": {
          "type": "Solid",
          "id": "[uuid]",
          "artifactId": "[uuid]",
          "value": [
            {
              "faceId": "[uuid]",
              "id": "[uuid]",
              "sourceRange": [],
              "tag": null,
              "type": "extrudeArc"
            }
          ],
          "sketch": {
            "type": "Sketch",
            "id": "[uuid]",
            "paths": [
              {
                "__geoMeta": {
                  "id": "[uuid]",
                  "sourceRange": []
                },
                "ccw": true,
                "center": [
                  0.0,
                  0.0
                ],
                "from": [
                  15.0,
                  0.0
                ],
                "radius": 15.0,
                "tag": null,
                "to": [
                  15.0,
                  0.0
                ],
                "type": "Circle",
                "units": "mm"
              }
            ],
            "on": {
              "artifactId": "[uuid]",
              "id": "[uuid]",
              "objectId": null,
              "origin": {
                "x": -225.0,
                "y": 0.0,
                "z": 0.0,
                "units": "mm"
              },
              "type": "plane",
              "value": "Custom",
              "xAxis": {
                "x": 0.0,
                "y": 1.0,
                "z": 0.0,
                "units": null
              },
              "yAxis": {
                "x": 0.0,
                "y": 0.0,
                "z": 1.0,
                "units": null
              },
              "zAxis": {
                "x": 1.0,
                "y": 0.0,
                "z": 0.0,
                "units": null
              }
            },
            "start": {
              "from": [
                15.0,
                0.0
              ],
              "to": [
                15.0,
                0.0
              ],
              "units": "mm",
              "tag": null,
              "__geoMeta": {
                "id": "[uuid]",
                "sourceRange": []
              }
            },
            "artifactId": "[uuid]",
            "originalId": "[uuid]",
            "units": "mm"
          },
          "startCapId": "[uuid]",
          "endCapId": "[uuid]",
          "units": "mm",
          "sectional": false
        }
      }
    ]
  },
  "singleRail": {
    "type": "Solid",
    "value": {
      "type": "Solid",
      "id": "[uuid]",
      "artifactId": "[uuid]",
      "value": [
        {
          "faceId": "[uuid]",
          "id": "[uuid]",
          "sourceRange": [],
          "tag": null,
          "type": "extrudeArc"
        }
      ],
      "sketch": {
        "type": "Sketch",
        "id": "[uuid]",
        "paths": [
          {
            "__geoMeta": {
              "id": "[uuid]",
              "sourceRange": []
            },
            "ccw": true,
            "center": [
              0.0,
              0.0
            ],
            "from": [
              15.0,
              0.0
            ],
            "radius": 15.0,
            "tag": null,
            "to": [
              15.0,
              0.0
            ],
            "type": "Circle",
            "units": "mm"
          }
        ],
        "on": {
          "artifactId": "[uuid]",
          "id": "[uuid]",
          "objectId": null,
          "origin": {
            "x": 0.0,
            "y": 0.0,
            "z": 0.0,
            "units": "mm"
          },
          "type": "plane",
          "value": "XY",
          "xAxis": {
            "x": 1.0,
            "y": 0.0,
            "z": 0.0,
            "units": null
          },
          "yAxis": {
            "x": 0.0,
            "y": 1.0,
            "z": 0.0,
            "units": null
          },
          "zAxis": {
            "x": 0.0,
            "y": 0.0,
            "z": 1.0,
            "units": null
          }
        },
        "start": {
          "from": [
            15.0,
            0.0
          ],
          "to": [
            15.0,
            0.0
          ],
          "units": "mm",
          "tag": null,
          "__geoMeta": {
            "id": "[uuid]",
            "sourceRange": []
          }
        },
        "artifactId": "[uuid]",
        "originalId": "[uuid]",
        "units": "mm"
      },
      "startCapId": "[uuid]",
      "endCapId": "[uuid]",
      "units": "mm",
      "sectional": false
    }
  },
  "singleRung": {
    "type": "Solid",
    "value": {
      "type": "Solid",
      "id": "[uuid]",
      "artifactId": "[uuid]",
      "value": [
        {
          "faceId": "[uuid]",
          "id": "[uuid]",
          "sourceRange": [],
          "tag": null,
          "type": "extrudeArc"
        }
      ],
      "sketch": {
        "type": "Sketch",
        "id": "[uuid]",
        "paths": [
          {
            "__geoMeta": {
              "id": "[uuid]",
              "sourceRange": []
            },
            "ccw": true,
            "center": [
              0.0,
              0.0
            ],
            "from": [
              15.0,
              0.0
            ],
            "radius": 15.0,
            "tag": null,
            "to": [
              15.0,
              0.0
            ],
            "type": "Circle",
            "units": "mm"
          }
        ],
        "on": {
          "artifactId": "[uuid]",
          "id": "[uuid]",
          "objectId": null,
          "origin": {
            "x": -225.0,
            "y": 0.0,
            "z": 0.0,
            "units": "mm"
          },
          "type": "plane",
          "value": "Custom",
          "xAxis": {
            "x": 0.0,
            "y": 1.0,
            "z": 0.0,
            "units": null
          },
          "yAxis": {
            "x": 0.0,
            "y": 0.0,
            "z": 1.0,
            "units": null
          },
          "zAxis": {
            "x": 1.0,
            "y": 0.0,
            "z": 0.0,
            "units": null
          }
        },
        "start": {
          "from": [
            15.0,
            0.0
          ],
          "to": [
            15.0,
            0.0
          ],
          "units": "mm",
          "tag": null,
          "__geoMeta": {
            "id": "[uuid]",
            "sourceRange": []
          }
        },
        "artifactId": "[uuid]",
        "originalId": "[uuid]",
        "units": "mm"
      },
      "startCapId": "[uuid]",
      "endCapId": "[uuid]",
      "units": "mm",
      "sectional": false
    }
  }
}
