---
source: kcl/src/simulation_tests.rs
description: Operations executed sketch_on_face.kcl
---
[
  {
    "labeledArgs": {
      "data": {
        "value": {
          "type": "String",
          "value": "XY",
          "__meta": [
            {
              "sourceRange": [
                24,
                28,
                0
              ]
            }
          ]
        },
        "sourceRange": [
          24,
          28,
          0
        ]
      }
    },
    "name": "startSketchOn",
    "sourceRange": [
      10,
      29,
      0
    ],
    "type": "StdLibCall",
    "unlabeledArg": null
  },
  {
    "labeledArgs": {
      "length": {
        "value": {
          "type": "Number",
          "value": 5.0,
          "__meta": [
            {
              "sourceRange": [
                217,
                218,
                0
              ]
            }
          ]
        },
        "sourceRange": [
          217,
          218,
          0
        ]
      }
    },
    "name": "extrude",
    "sourceRange": [
      200,
      219,
      0
    ],
    "type": "StdLibCall",
    "unlabeledArg": null
  },
  {
    "labeledArgs": {
      "data": {
        "artifactIds": [
          "[uuid]"
        ],
        "sourceRange": [
          245,
          252,
          0
        ]
      },
      "tag": {
        "value": {
          "type": "TagIdentifier",
          "type": "TagIdentifier",
          "value": "here",
          "info": {
            "type": "TagEngineInfo",
            "id": "[uuid]",
            "sketch": "[uuid]",
            "path": {
              "__geoMeta": {
                "id": "[uuid]",
                "sourceRange": [
                  74,
                  114,
                  0
                ]
              },
              "from": [
                11.19,
                28.35
              ],
              "tag": {
                "end": 113,
                "start": 108,
                "type": "TagDeclarator",
                "value": "here"
              },
              "to": [
                39.86,
                15.100000000000001
              ],
              "type": "ToPoint"
            },
            "surface": {
              "faceId": "[uuid]",
              "id": "[uuid]",
              "sourceRange": [
                74,
                114,
                0
              ],
              "tag": {
                "end": 113,
                "start": 108,
                "type": "TagDeclarator",
                "value": "here"
              },
              "type": "extrudePlane"
            }
          },
          "__meta": [
            {
              "sourceRange": [
                108,
                113,
                0
              ]
            }
          ]
        },
        "sourceRange": [
          254,
          258,
          0
        ]
      }
    },
    "name": "startSketchOn",
    "sourceRange": [
      231,
      259,
      0
    ],
    "type": "StdLibCall",
    "unlabeledArg": null
  },
  {
    "labeledArgs": {
      "length": {
        "value": {
          "type": "Number",
          "value": 5.0,
          "__meta": [
            {
              "sourceRange": [
                403,
                404,
                0
              ]
            }
          ]
        },
        "sourceRange": [
          403,
          404,
          0
        ]
      }
    },
    "name": "extrude",
    "sourceRange": [
      386,
      405,
      0
    ],
    "type": "StdLibCall",
    "unlabeledArg": null
  }
]
