---
source: kcl/src/simulation_tests.rs
assertion_line: 52
description: Result of parsing i_shape.kcl
snapshot_kind: text
---
{
  "Ok": {
    "body": [
      {
        "declarations": [
          {
            "end": 48,
            "id": {
              "end": 21,
              "name": "d_wrist_circumference",
              "start": 0,
              "type": "Identifier"
            },
            "init": {
              "elements": [
                {
                  "end": 29,
                  "raw": "22.8",
                  "start": 25,
                  "type": "Literal",
                  "type": "Literal",
                  "value": 22.8
                },
                {
                  "end": 35,
                  "raw": "10.7",
                  "start": 31,
                  "type": "Literal",
                  "type": "Literal",
                  "value": 10.7
                },
                {
                  "end": 41,
                  "raw": "16.4",
                  "start": 37,
                  "type": "Literal",
                  "type": "Literal",
                  "value": 16.4
                },
                {
                  "end": 47,
                  "raw": "18.5",
                  "start": 43,
                  "type": "Literal",
                  "type": "Literal",
                  "value": 18.5
                }
              ],
              "end": 48,
              "start": 24,
              "type": "ArrayExpression",
              "type": "ArrayExpression"
            },
            "start": 0,
            "type": "VariableDeclarator"
          }
        ],
        "end": 48,
        "kind": "const",
        "start": 0,
        "type": "VariableDeclaration",
        "type": "VariableDeclaration"
      },
      {
        "declarations": [
          {
            "end": 162,
            "id": {
              "end": 54,
              "name": "width",
              "start": 49,
              "type": "Identifier"
            },
            "init": {
              "end": 162,
              "left": {
                "end": 135,
                "left": {
                  "end": 108,
                  "left": {
                    "computed": false,
                    "end": 81,
                    "object": {
                      "end": 78,
                      "name": "d_wrist_circumference",
                      "start": 57,
                      "type": "Identifier",
                      "type": "Identifier"
                    },
                    "property": {
                      "end": 80,
                      "raw": "0",
                      "start": 79,
                      "type": "Literal",
                      "type": "Literal",
                      "value": 0.0
                    },
                    "start": 57,
                    "type": "MemberExpression",
                    "type": "MemberExpression"
                  },
                  "operator": "+",
                  "right": {
                    "computed": false,
                    "end": 108,
                    "object": {
                      "end": 105,
                      "name": "d_wrist_circumference",
                      "start": 84,
                      "type": "Identifier",
                      "type": "Identifier"
                    },
                    "property": {
                      "end": 107,
                      "raw": "1",
                      "start": 106,
                      "type": "Literal",
                      "type": "Literal",
                      "value": 1.0
                    },
                    "start": 84,
                    "type": "MemberExpression",
                    "type": "MemberExpression"
                  },
                  "start": 57,
                  "type": "BinaryExpression",
                  "type": "BinaryExpression"
                },
                "operator": "+",
                "right": {
                  "computed": false,
                  "end": 135,
                  "object": {
                    "end": 132,
                    "name": "d_wrist_circumference",
                    "start": 111,
                    "type": "Identifier",
                    "type": "Identifier"
                  },
                  "property": {
                    "end": 134,
                    "raw": "2",
                    "start": 133,
                    "type": "Literal",
                    "type": "Literal",
                    "value": 2.0
                  },
                  "start": 111,
                  "type": "MemberExpression",
                  "type": "MemberExpression"
                },
                "start": 57,
                "type": "BinaryExpression",
                "type": "BinaryExpression"
              },
              "operator": "+",
              "right": {
                "computed": false,
                "end": 162,
                "object": {
                  "end": 159,
                  "name": "d_wrist_circumference",
                  "start": 138,
                  "type": "Identifier",
                  "type": "Identifier"
                },
                "property": {
                  "end": 161,
                  "raw": "3",
                  "start": 160,
                  "type": "Literal",
                  "type": "Literal",
                  "value": 3.0
                },
                "start": 138,
                "type": "MemberExpression",
                "type": "MemberExpression"
              },
              "start": 57,
              "type": "BinaryExpression",
              "type": "BinaryExpression"
            },
            "start": 49,
            "type": "VariableDeclarator"
          }
        ],
        "end": 162,
        "kind": "const",
        "start": 49,
        "type": "VariableDeclaration",
        "type": "VariableDeclaration"
      },
      {
        "declarations": [
          {
            "end": 177,
            "id": {
              "end": 169,
              "name": "length",
              "start": 163,
              "type": "Identifier"
            },
            "init": {
              "end": 177,
              "raw": "120.0",
              "start": 172,
              "type": "Literal",
              "type": "Literal",
              "value": 120.0
            },
            "start": 163,
            "type": "VariableDeclarator"
          }
        ],
        "end": 177,
        "kind": "const",
        "start": 163,
        "type": "VariableDeclaration",
        "type": "VariableDeclaration"
      },
      {
        "declarations": [
          {
            "end": 199,
            "id": {
              "end": 192,
              "name": "hand_thickness",
              "start": 178,
              "type": "Identifier"
            },
            "init": {
              "end": 199,
              "raw": "24.0",
              "start": 195,
              "type": "Literal",
              "type": "Literal",
              "value": 24.0
            },
            "start": 178,
            "type": "VariableDeclarator"
          }
        ],
        "end": 199,
        "kind": "const",
        "start": 178,
        "type": "VariableDeclaration",
        "type": "VariableDeclaration"
      },
      {
        "declarations": [
          {
            "end": 219,
            "id": {
              "end": 213,
              "name": "corner_radius",
              "start": 200,
              "type": "Identifier"
            },
            "init": {
              "end": 219,
              "raw": "5.0",
              "start": 216,
              "type": "Literal",
              "type": "Literal",
              "value": 5.0
            },
            "start": 200,
            "type": "VariableDeclarator"
          }
        ],
        "end": 219,
        "kind": "const",
        "start": 200,
        "type": "VariableDeclaration",
        "type": "VariableDeclaration"
      },
      {
        "declarations": [
          {
            "end": 1886,
            "id": {
              "end": 396,
              "name": "brace_base",
              "start": 386,
              "type": "Identifier"
            },
            "init": {
              "body": [
                {
                  "arguments": [
                    {
                      "elements": [
                        {
                          "end": 427,
                          "name": "corner_radius",
                          "start": 414,
                          "type": "Identifier",
                          "type": "Identifier"
                        },
                        {
                          "end": 430,
                          "raw": "0",
                          "start": 429,
                          "type": "Literal",
                          "type": "Literal",
                          "value": 0.0
                        }
                      ],
                      "end": 431,
                      "start": 413,
                      "type": "ArrayExpression",
                      "type": "ArrayExpression"
                    }
                  ],
                  "callee": {
                    "end": 412,
                    "name": "startSketchAt",
                    "start": 399,
                    "type": "Identifier"
                  },
                  "end": 432,
                  "optional": false,
                  "start": 399,
                  "type": "CallExpression",
                  "type": "CallExpression"
                },
                {
                  "arguments": [
                    {
                      "elements": [
                        {
                          "end": 465,
                          "left": {
                            "end": 449,
                            "name": "width",
                            "start": 444,
                            "type": "Identifier",
                            "type": "Identifier"
                          },
                          "operator": "-",
                          "right": {
                            "end": 465,
                            "name": "corner_radius",
                            "start": 452,
                            "type": "Identifier",
                            "type": "Identifier"
                          },
                          "start": 444,
                          "type": "BinaryExpression",
                          "type": "BinaryExpression"
                        },
                        {
                          "end": 470,
                          "raw": "0.0",
                          "start": 467,
                          "type": "Literal",
                          "type": "Literal",
                          "value": 0.0
                        }
                      ],
                      "end": 471,
                      "start": 443,
                      "type": "ArrayExpression",
                      "type": "ArrayExpression"
                    },
                    {
                      "end": 474,
                      "start": 473,
                      "type": "PipeSubstitution",
                      "type": "PipeSubstitution"
                    }
                  ],
                  "callee": {
                    "end": 442,
                    "name": "line",
                    "start": 438,
                    "type": "Identifier"
                  },
                  "end": 475,
                  "optional": false,
                  "start": 438,
                  "type": "CallExpression",
                  "type": "CallExpression"
                },
                {
                  "arguments": [
                    {
                      "elements": [
                        {
                          "end": 519,
                          "name": "corner_radius",
                          "start": 506,
                          "type": "Identifier",
                          "type": "Identifier"
                        },
                        {
                          "end": 534,
                          "name": "corner_radius",
                          "start": 521,
                          "type": "Identifier",
                          "type": "Identifier"
                        }
                      ],
                      "end": 535,
                      "start": 505,
                      "type": "ArrayExpression",
                      "type": "ArrayExpression"
                    },
                    {
                      "end": 538,
                      "start": 537,
                      "type": "PipeSubstitution",
                      "type": "PipeSubstitution"
                    }
                  ],
                  "callee": {
                    "end": 504,
                    "name": "tangentialArcToRelative",
                    "start": 481,
                    "type": "Identifier"
                  },
                  "end": 539,
                  "optional": false,
                  "start": 481,
                  "type": "CallExpression",
                  "type": "CallExpression"
                },
                {
                  "arguments": [
                    {
                      "end": 571,
                      "left": {
                        "end": 555,
                        "raw": "25.0",
                        "start": 551,
                        "type": "Literal",
                        "type": "Literal",
                        "value": 25.0
                      },
                      "operator": "-",
                      "right": {
                        "end": 571,
                        "name": "corner_radius",
                        "start": 558,
                        "type": "Identifier",
                        "type": "Identifier"
                      },
                      "start": 551,
                      "type": "BinaryExpression",
                      "type": "BinaryExpression"
                    },
                    {
                      "end": 574,
                      "start": 573,
                      "type": "PipeSubstitution",
                      "type": "PipeSubstitution"
                    }
                  ],
                  "callee": {
                    "end": 550,
                    "name": "yLine",
                    "start": 545,
                    "type": "Identifier"
                  },
                  "end": 575,
                  "optional": false,
                  "start": 545,
                  "type": "CallExpression",
                  "type": "CallExpression"
                },
                {
                  "arguments": [
                    {
                      "elements": [
                        {
                          "argument": {
                            "end": 620,
                            "name": "corner_radius",
                            "start": 607,
                            "type": "Identifier",
                            "type": "Identifier"
                          },
                          "end": 620,
                          "operator": "-",
                          "start": 606,
                          "type": "UnaryExpression",
                          "type": "UnaryExpression"
                        },
                        {
                          "end": 635,
                          "name": "corner_radius",
                          "start": 622,
                          "type": "Identifier",
                          "type": "Identifier"
                        }
                      ],
                      "end": 636,
                      "start": 605,
                      "type": "ArrayExpression",
                      "type": "ArrayExpression"
                    },
                    {
                      "end": 639,
                      "start": 638,
                      "type": "PipeSubstitution",
                      "type": "PipeSubstitution"
                    }
                  ],
                  "callee": {
                    "end": 604,
                    "name": "tangentialArcToRelative",
                    "start": 581,
                    "type": "Identifier"
                  },
                  "end": 640,
                  "optional": false,
                  "start": 581,
                  "type": "CallExpression",
                  "type": "CallExpression"
                },
                {
                  "arguments": [
                    {
                      "argument": {
                        "end": 699,
                        "left": {
                          "computed": false,
                          "end": 678,
                          "object": {
                            "end": 675,
                            "name": "d_wrist_circumference",
                            "start": 654,
                            "type": "Identifier",
                            "type": "Identifier"
                          },
                          "property": {
                            "end": 677,
                            "raw": "0",
                            "start": 676,
                            "type": "Literal",
                            "type": "Literal",
                            "value": 0.0
                          },
                          "start": 654,
                          "type": "MemberExpression",
                          "type": "MemberExpression"
                        },
                        "operator": "-",
                        "right": {
                          "end": 699,
                          "left": {
                            "end": 695,
                            "name": "corner_radius",
                            "start": 682,
                            "type": "Identifier",
                            "type": "Identifier"
                          },
                          "operator": "*",
                          "right": {
                            "end": 699,
                            "raw": "2",
                            "start": 698,
                            "type": "Literal",
                            "type": "Literal",
                            "value": 2.0
                          },
                          "start": 682,
                          "type": "BinaryExpression",
                          "type": "BinaryExpression"
                        },
                        "start": 654,
                        "type": "BinaryExpression",
                        "type": "BinaryExpression"
                      },
                      "end": 699,
                      "operator": "-",
                      "start": 652,
                      "type": "UnaryExpression",
                      "type": "UnaryExpression"
                    },
                    {
                      "end": 704,
                      "start": 703,
                      "type": "PipeSubstitution",
                      "type": "PipeSubstitution"
                    }
                  ],
                  "callee": {
                    "end": 651,
                    "name": "xLine",
                    "start": 646,
                    "type": "Identifier"
                  },
                  "end": 705,
                  "optional": false,
                  "start": 646,
                  "type": "CallExpression",
                  "type": "CallExpression"
                },
                {
                  "arguments": [
                    {
                      "elements": [
                        {
                          "argument": {
                            "end": 750,
                            "name": "corner_radius",
                            "start": 737,
                            "type": "Identifier",
                            "type": "Identifier"
                          },
                          "end": 750,
                          "operator": "-",
                          "start": 736,
                          "type": "UnaryExpression",
                          "type": "UnaryExpression"
                        },
                        {
                          "end": 765,
                          "name": "corner_radius",
                          "start": 752,
                          "type": "Identifier",
                          "type": "Identifier"
                        }
                      ],
                      "end": 766,
                      "start": 735,
                      "type": "ArrayExpression",
                      "type": "ArrayExpression"
                    },
                    {
                      "end": 769,
                      "start": 768,
                      "type": "PipeSubstitution",
                      "type": "PipeSubstitution"
                    }
                  ],
                  "callee": {
                    "end": 734,
                    "name": "tangentialArcToRelative",
                    "start": 711,
                    "type": "Identifier"
                  },
                  "end": 770,
                  "optional": false,
                  "start": 711,
                  "type": "CallExpression",
                  "type": "CallExpression"
                },
                {
                  "arguments": [
                    {
                      "end": 823,
                      "left": {
                        "end": 802,
                        "left": {
                          "end": 795,
                          "left": {
                            "end": 788,
                            "name": "length",
                            "start": 782,
                            "type": "Identifier",
                            "type": "Identifier"
                          },
                          "operator": "-",
                          "right": {
                            "end": 795,
                            "raw": "25.0",
                            "start": 791,
                            "type": "Literal",
                            "type": "Literal",
                            "value": 25.0
                          },
                          "start": 782,
                          "type": "BinaryExpression",
                          "type": "BinaryExpression"
                        },
                        "operator": "-",
                        "right": {
                          "end": 802,
                          "raw": "23.0",
                          "start": 798,
                          "type": "Literal",
                          "type": "Literal",
                          "value": 23.0
                        },
                        "start": 782,
                        "type": "BinaryExpression",
                        "type": "BinaryExpression"
                      },
                      "operator": "-",
                      "right": {
                        "end": 823,
                        "left": {
                          "end": 819,
                          "name": "corner_radius",
                          "start": 806,
                          "type": "Identifier",
                          "type": "Identifier"
                        },
                        "operator": "*",
                        "right": {
                          "end": 823,
                          "raw": "2",
                          "start": 822,
                          "type": "Literal",
                          "type": "Literal",
                          "value": 2.0
                        },
                        "start": 806,
                        "type": "BinaryExpression",
                        "type": "BinaryExpression"
                      },
                      "start": 782,
                      "type": "BinaryExpression",
                      "type": "BinaryExpression"
                    },
                    {
                      "end": 827,
                      "start": 826,
                      "type": "PipeSubstitution",
                      "type": "PipeSubstitution"
                    }
                  ],
                  "callee": {
                    "end": 781,
                    "name": "yLine",
                    "start": 776,
                    "type": "Identifier"
                  },
                  "end": 828,
                  "optional": false,
                  "start": 776,
                  "type": "CallExpression",
                  "type": "CallExpression"
                },
                {
                  "arguments": [
                    {
                      "elements": [
                        {
                          "end": 872,
                          "name": "corner_radius",
                          "start": 859,
                          "type": "Identifier",
                          "type": "Identifier"
                        },
                        {
                          "end": 887,
                          "name": "corner_radius",
                          "start": 874,
                          "type": "Identifier",
                          "type": "Identifier"
                        }
                      ],
                      "end": 888,
                      "start": 858,
                      "type": "ArrayExpression",
                      "type": "ArrayExpression"
                    },
                    {
                      "end": 891,
                      "start": 890,
                      "type": "PipeSubstitution",
                      "type": "PipeSubstitution"
                    }
                  ],
                  "callee": {
                    "end": 857,
                    "name": "tangentialArcToRelative",
                    "start": 834,
                    "type": "Identifier"
                  },
                  "end": 892,
                  "optional": false,
                  "start": 834,
                  "type": "CallExpression",
                  "type": "CallExpression"
                },
                {
                  "arguments": [
                    {
                      "end": 929,
                      "left": {
                        "end": 908,
                        "raw": "15.0",
                        "start": 904,
                        "type": "Literal",
                        "type": "Literal",
                        "value": 15.0
                      },
                      "operator": "-",
                      "right": {
                        "end": 929,
                        "left": {
                          "end": 925,
                          "name": "corner_radius",
                          "start": 912,
                          "type": "Identifier",
                          "type": "Identifier"
                        },
                        "operator": "*",
                        "right": {
                          "end": 929,
                          "raw": "2",
                          "start": 928,
                          "type": "Literal",
                          "type": "Literal",
                          "value": 2.0
                        },
                        "start": 912,
                        "type": "BinaryExpression",
                        "type": "BinaryExpression"
                      },
                      "start": 904,
                      "type": "BinaryExpression",
                      "type": "BinaryExpression"
                    },
                    {
                      "end": 933,
                      "start": 932,
                      "type": "PipeSubstitution",
                      "type": "PipeSubstitution"
                    }
                  ],
                  "callee": {
                    "end": 903,
                    "name": "xLine",
                    "start": 898,
                    "type": "Identifier"
                  },
                  "end": 934,
                  "optional": false,
                  "start": 898,
                  "type": "CallExpression",
                  "type": "CallExpression"
                },
                {
                  "arguments": [
                    {
                      "elements": [
                        {
                          "end": 978,
                          "name": "corner_radius",
                          "start": 965,
                          "type": "Identifier",
                          "type": "Identifier"
                        },
                        {
                          "end": 993,
                          "name": "corner_radius",
                          "start": 980,
                          "type": "Identifier",
                          "type": "Identifier"
                        }
                      ],
                      "end": 994,
                      "start": 964,
                      "type": "ArrayExpression",
                      "type": "ArrayExpression"
                    },
                    {
                      "end": 997,
                      "start": 996,
                      "type": "PipeSubstitution",
                      "type": "PipeSubstitution"
                    }
                  ],
                  "callee": {
                    "end": 963,
                    "name": "tangentialArcToRelative",
                    "start": 940,
                    "type": "Identifier"
                  },
                  "end": 998,
                  "optional": false,
                  "start": 940,
                  "type": "CallExpression",
                  "type": "CallExpression"
                },
                {
                  "arguments": [
                    {
                      "end": 1030,
                      "left": {
                        "end": 1014,
                        "raw": "23.0",
                        "start": 1010,
                        "type": "Literal",
                        "type": "Literal",
                        "value": 23.0
                      },
                      "operator": "-",
                      "right": {
                        "end": 1030,
                        "name": "corner_radius",
                        "start": 1017,
                        "type": "Identifier",
                        "type": "Identifier"
                      },
                      "start": 1010,
                      "type": "BinaryExpression",
                      "type": "BinaryExpression"
                    },
                    {
                      "end": 1033,
                      "start": 1032,
                      "type": "PipeSubstitution",
                      "type": "PipeSubstitution"
                    }
                  ],
                  "callee": {
                    "end": 1009,
                    "name": "yLine",
                    "start": 1004,
                    "type": "Identifier"
                  },
                  "end": 1034,
                  "optional": false,
                  "start": 1004,
                  "type": "CallExpression",
                  "type": "CallExpression"
                },
                {
                  "arguments": [
                    {
                      "elements": [
                        {
                          "argument": {
                            "end": 1079,
                            "name": "corner_radius",
                            "start": 1066,
                            "type": "Identifier",
                            "type": "Identifier"
                          },
                          "end": 1079,
                          "operator": "-",
                          "start": 1065,
                          "type": "UnaryExpression",
                          "type": "UnaryExpression"
                        },
                        {
                          "end": 1094,
                          "name": "corner_radius",
                          "start": 1081,
                          "type": "Identifier",
                          "type": "Identifier"
                        }
                      ],
                      "end": 1095,
                      "start": 1064,
                      "type": "ArrayExpression",
                      "type": "ArrayExpression"
                    },
                    {
                      "end": 1098,
                      "start": 1097,
                      "type": "PipeSubstitution",
                      "type": "PipeSubstitution"
                    }
                  ],
                  "callee": {
                    "end": 1063,
                    "name": "tangentialArcToRelative",
                    "start": 1040,
                    "type": "Identifier"
                  },
                  "end": 1099,
                  "optional": false,
                  "start": 1040,
                  "type": "CallExpression",
                  "type": "CallExpression"
                },
                {
                  "arguments": [
                    {
                      "argument": {
                        "end": 1162,
                        "left": {
                          "end": 1141,
                          "left": {
                            "end": 1134,
                            "left": {
                              "end": 1127,
                              "name": "hand_thickness",
                              "start": 1113,
                              "type": "Identifier",
                              "type": "Identifier"
                            },
                            "operator": "+",
                            "right": {
                              "end": 1134,
                              "raw": "15.0",
                              "start": 1130,
                              "type": "Literal",
                              "type": "Literal",
                              "value": 15.0
                            },
                            "start": 1113,
                            "type": "BinaryExpression",
                            "type": "BinaryExpression"
                          },
                          "operator": "+",
                          "right": {
                            "end": 1141,
                            "raw": "15.0",
                            "start": 1137,
                            "type": "Literal",
                            "type": "Literal",
                            "value": 15.0
                          },
                          "start": 1113,
                          "type": "BinaryExpression",
                          "type": "BinaryExpression"
                        },
                        "operator": "-",
                        "right": {
                          "end": 1162,
                          "left": {
                            "end": 1158,
                            "name": "corner_radius",
                            "start": 1145,
                            "type": "Identifier",
                            "type": "Identifier"
                          },
                          "operator": "*",
                          "right": {
                            "end": 1162,
                            "raw": "2",
                            "start": 1161,
                            "type": "Literal",
                            "type": "Literal",
                            "value": 2.0
                          },
                          "start": 1145,
                          "type": "BinaryExpression",
                          "type": "BinaryExpression"
                        },
                        "start": 1113,
                        "type": "BinaryExpression",
                        "type": "BinaryExpression"
                      },
                      "end": 1162,
                      "operator": "-",
                      "start": 1111,
                      "type": "UnaryExpression",
                      "type": "UnaryExpression"
                    },
                    {
                      "end": 1167,
                      "start": 1166,
                      "type": "PipeSubstitution",
                      "type": "PipeSubstitution"
                    }
                  ],
                  "callee": {
                    "end": 1110,
                    "name": "xLine",
                    "start": 1105,
                    "type": "Identifier"
                  },
                  "end": 1168,
                  "optional": false,
                  "start": 1105,
                  "type": "CallExpression",
                  "type": "CallExpression"
                },
                {
                  "arguments": [
                    {
                      "elements": [
                        {
                          "argument": {
                            "end": 1213,
                            "name": "corner_radius",
                            "start": 1200,
                            "type": "Identifier",
                            "type": "Identifier"
                          },
                          "end": 1213,
                          "operator": "-",
                          "start": 1199,
                          "type": "UnaryExpression",
                          "type": "UnaryExpression"
                        },
                        {
                          "argument": {
                            "end": 1229,
                            "name": "corner_radius",
                            "start": 1216,
                            "type": "Identifier",
                            "type": "Identifier"
                          },
                          "end": 1229,
                          "operator": "-",
                          "start": 1215,
                          "type": "UnaryExpression",
                          "type": "UnaryExpression"
                        }
                      ],
                      "end": 1230,
                      "start": 1198,
                      "type": "ArrayExpression",
                      "type": "ArrayExpression"
                    },
                    {
                      "end": 1233,
                      "start": 1232,
                      "type": "PipeSubstitution",
                      "type": "PipeSubstitution"
                    }
                  ],
                  "callee": {
                    "end": 1197,
                    "name": "tangentialArcToRelative",
                    "start": 1174,
                    "type": "Identifier"
                  },
                  "end": 1234,
                  "optional": false,
                  "start": 1174,
                  "type": "CallExpression",
                  "type": "CallExpression"
                },
                {
                  "arguments": [
                    {
                      "argument": {
                        "end": 1268,
                        "left": {
                          "end": 1252,
                          "raw": "23.0",
                          "start": 1248,
                          "type": "Literal",
                          "type": "Literal",
                          "value": 23.0
                        },
                        "operator": "-",
                        "right": {
                          "end": 1268,
                          "name": "corner_radius",
                          "start": 1255,
                          "type": "Identifier",
                          "type": "Identifier"
                        },
                        "start": 1248,
                        "type": "BinaryExpression",
                        "type": "BinaryExpression"
                      },
                      "end": 1268,
                      "operator": "-",
                      "start": 1246,
                      "type": "UnaryExpression",
                      "type": "UnaryExpression"
                    },
                    {
                      "end": 1272,
                      "start": 1271,
                      "type": "PipeSubstitution",
                      "type": "PipeSubstitution"
                    }
                  ],
                  "callee": {
                    "end": 1245,
                    "name": "yLine",
                    "start": 1240,
                    "type": "Identifier"
                  },
                  "end": 1273,
                  "optional": false,
                  "start": 1240,
                  "type": "CallExpression",
                  "type": "CallExpression"
                },
                {
                  "arguments": [
                    {
                      "elements": [
                        {
                          "end": 1317,
                          "name": "corner_radius",
                          "start": 1304,
                          "type": "Identifier",
                          "type": "Identifier"
                        },
                        {
                          "argument": {
                            "end": 1333,
                            "name": "corner_radius",
                            "start": 1320,
                            "type": "Identifier",
                            "type": "Identifier"
                          },
                          "end": 1333,
                          "operator": "-",
                          "start": 1319,
                          "type": "UnaryExpression",
                          "type": "UnaryExpression"
                        }
                      ],
                      "end": 1334,
                      "start": 1303,
                      "type": "ArrayExpression",
                      "type": "ArrayExpression"
                    },
                    {
                      "end": 1337,
                      "start": 1336,
                      "type": "PipeSubstitution",
                      "type": "PipeSubstitution"
                    }
                  ],
                  "callee": {
                    "end": 1302,
                    "name": "tangentialArcToRelative",
                    "start": 1279,
                    "type": "Identifier"
                  },
                  "end": 1338,
                  "optional": false,
                  "start": 1279,
                  "type": "CallExpression",
                  "type": "CallExpression"
                },
                {
                  "arguments": [
                    {
                      "end": 1375,
                      "left": {
                        "end": 1354,
                        "raw": "15.0",
                        "start": 1350,
                        "type": "Literal",
                        "type": "Literal",
                        "value": 15.0
                      },
                      "operator": "-",
                      "right": {
                        "end": 1375,
                        "left": {
                          "end": 1371,
                          "name": "corner_radius",
                          "start": 1358,
                          "type": "Identifier",
                          "type": "Identifier"
                        },
                        "operator": "*",
                        "right": {
                          "end": 1375,
                          "raw": "2",
                          "start": 1374,
                          "type": "Literal",
                          "type": "Literal",
                          "value": 2.0
                        },
                        "start": 1358,
                        "type": "BinaryExpression",
                        "type": "BinaryExpression"
                      },
                      "start": 1350,
                      "type": "BinaryExpression",
                      "type": "BinaryExpression"
                    },
                    {
                      "end": 1379,
                      "start": 1378,
                      "type": "PipeSubstitution",
                      "type": "PipeSubstitution"
                    }
                  ],
                  "callee": {
                    "end": 1349,
                    "name": "xLine",
                    "start": 1344,
                    "type": "Identifier"
                  },
                  "end": 1380,
                  "optional": false,
                  "start": 1344,
                  "type": "CallExpression",
                  "type": "CallExpression"
                },
                {
                  "arguments": [
                    {
                      "elements": [
                        {
                          "end": 1424,
                          "name": "corner_radius",
                          "start": 1411,
                          "type": "Identifier",
                          "type": "Identifier"
                        },
                        {
                          "argument": {
                            "end": 1440,
                            "name": "corner_radius",
                            "start": 1427,
                            "type": "Identifier",
                            "type": "Identifier"
                          },
                          "end": 1440,
                          "operator": "-",
                          "start": 1426,
                          "type": "UnaryExpression",
                          "type": "UnaryExpression"
                        }
                      ],
                      "end": 1441,
                      "start": 1410,
                      "type": "ArrayExpression",
                      "type": "ArrayExpression"
                    },
                    {
                      "end": 1444,
                      "start": 1443,
                      "type": "PipeSubstitution",
                      "type": "PipeSubstitution"
                    }
                  ],
                  "callee": {
                    "end": 1409,
                    "name": "tangentialArcToRelative",
                    "start": 1386,
                    "type": "Identifier"
                  },
                  "end": 1445,
                  "optional": false,
                  "start": 1386,
                  "type": "CallExpression",
                  "type": "CallExpression"
                },
                {
                  "arguments": [
                    {
                      "argument": {
                        "end": 1500,
                        "left": {
                          "end": 1479,
                          "left": {
                            "end": 1472,
                            "left": {
                              "end": 1465,
                              "name": "length",
                              "start": 1459,
                              "type": "Identifier",
                              "type": "Identifier"
                            },
                            "operator": "-",
                            "right": {
                              "end": 1472,
                              "raw": "25.0",
                              "start": 1468,
                              "type": "Literal",
                              "type": "Literal",
                              "value": 25.0
                            },
                            "start": 1459,
                            "type": "BinaryExpression",
                            "type": "BinaryExpression"
                          },
                          "operator": "-",
                          "right": {
                            "end": 1479,
                            "raw": "23.0",
                            "start": 1475,
                            "type": "Literal",
                            "type": "Literal",
                            "value": 23.0
                          },
                          "start": 1459,
                          "type": "BinaryExpression",
                          "type": "BinaryExpression"
                        },
                        "operator": "-",
                        "right": {
                          "end": 1500,
                          "left": {
                            "end": 1496,
                            "name": "corner_radius",
                            "start": 1483,
                            "type": "Identifier",
                            "type": "Identifier"
                          },
                          "operator": "*",
                          "right": {
                            "end": 1500,
                            "raw": "2",
                            "start": 1499,
                            "type": "Literal",
                            "type": "Literal",
                            "value": 2.0
                          },
                          "start": 1483,
                          "type": "BinaryExpression",
                          "type": "BinaryExpression"
                        },
                        "start": 1459,
                        "type": "BinaryExpression",
                        "type": "BinaryExpression"
                      },
                      "end": 1500,
                      "operator": "-",
                      "start": 1457,
                      "type": "UnaryExpression",
                      "type": "UnaryExpression"
                    },
                    {
                      "end": 1505,
                      "start": 1504,
                      "type": "PipeSubstitution",
                      "type": "PipeSubstitution"
                    }
                  ],
                  "callee": {
                    "end": 1456,
                    "name": "yLine",
                    "start": 1451,
                    "type": "Identifier"
                  },
                  "end": 1506,
                  "optional": false,
                  "start": 1451,
                  "type": "CallExpression",
                  "type": "CallExpression"
                },
                {
                  "arguments": [
                    {
                      "elements": [
                        {
                          "argument": {
                            "end": 1551,
                            "name": "corner_radius",
                            "start": 1538,
                            "type": "Identifier",
                            "type": "Identifier"
                          },
                          "end": 1551,
                          "operator": "-",
                          "start": 1537,
                          "type": "UnaryExpression",
                          "type": "UnaryExpression"
                        },
                        {
                          "argument": {
                            "end": 1567,
                            "name": "corner_radius",
                            "start": 1554,
                            "type": "Identifier",
                            "type": "Identifier"
                          },
                          "end": 1567,
                          "operator": "-",
                          "start": 1553,
                          "type": "UnaryExpression",
                          "type": "UnaryExpression"
                        }
                      ],
                      "end": 1568,
                      "start": 1536,
                      "type": "ArrayExpression",
                      "type": "ArrayExpression"
                    },
                    {
                      "end": 1571,
                      "start": 1570,
                      "type": "PipeSubstitution",
                      "type": "PipeSubstitution"
                    }
                  ],
                  "callee": {
                    "end": 1535,
                    "name": "tangentialArcToRelative",
                    "start": 1512,
                    "type": "Identifier"
                  },
                  "end": 1572,
                  "optional": false,
                  "start": 1512,
                  "type": "CallExpression",
                  "type": "CallExpression"
                },
                {
                  "arguments": [
                    {
                      "argument": {
                        "end": 1697,
                        "left": {
                          "end": 1681,
                          "left": {
                            "end": 1664,
                            "left": {
                              "end": 1637,
                              "left": {
                                "computed": false,
                                "end": 1610,
                                "object": {
                                  "end": 1607,
                                  "name": "d_wrist_circumference",
                                  "start": 1586,
                                  "type": "Identifier",
                                  "type": "Identifier"
                                },
                                "property": {
                                  "end": 1609,
                                  "raw": "1",
                                  "start": 1608,
                                  "type": "Literal",
                                  "type": "Literal",
                                  "value": 1.0
                                },
                                "start": 1586,
                                "type": "MemberExpression",
                                "type": "MemberExpression"
                              },
                              "operator": "+",
                              "right": {
                                "computed": false,
                                "end": 1637,
                                "object": {
                                  "end": 1634,
                                  "name": "d_wrist_circumference",
                                  "start": 1613,
                                  "type": "Identifier",
                                  "type": "Identifier"
                                },
                                "property": {
                                  "end": 1636,
                                  "raw": "2",
                                  "start": 1635,
                                  "type": "Literal",
                                  "type": "Literal",
                                  "value": 2.0
                                },
                                "start": 1613,
                                "type": "MemberExpression",
                                "type": "MemberExpression"
                              },
                              "start": 1586,
                              "type": "BinaryExpression",
                              "type": "BinaryExpression"
                            },
                            "operator": "+",
                            "right": {
                              "computed": false,
                              "end": 1664,
                              "object": {
                                "end": 1661,
                                "name": "d_wrist_circumference",
                                "start": 1640,
                                "type": "Identifier",
                                "type": "Identifier"
                              },
                              "property": {
                                "end": 1663,
                                "raw": "3",
                                "start": 1662,
                                "type": "Literal",
                                "type": "Literal",
                                "value": 3.0
                              },
                              "start": 1640,
                              "type": "MemberExpression",
                              "type": "MemberExpression"
                            },
                            "start": 1586,
                            "type": "BinaryExpression",
                            "type": "BinaryExpression"
                          },
                          "operator": "-",
                          "right": {
                            "end": 1681,
                            "name": "hand_thickness",
                            "start": 1667,
                            "type": "Identifier",
                            "type": "Identifier"
                          },
                          "start": 1586,
                          "type": "BinaryExpression",
                          "type": "BinaryExpression"
                        },
                        "operator": "-",
                        "right": {
                          "end": 1697,
                          "name": "corner_radius",
                          "start": 1684,
                          "type": "Identifier",
                          "type": "Identifier"
                        },
                        "start": 1586,
                        "type": "BinaryExpression",
                        "type": "BinaryExpression"
                      },
                      "end": 1697,
                      "operator": "-",
                      "start": 1584,
                      "type": "UnaryExpression",
                      "type": "UnaryExpression"
                    },
                    {
                      "end": 1701,
                      "start": 1700,
                      "type": "PipeSubstitution",
                      "type": "PipeSubstitution"
                    }
                  ],
                  "callee": {
                    "end": 1583,
                    "name": "xLine",
                    "start": 1578,
                    "type": "Identifier"
                  },
                  "end": 1702,
                  "optional": false,
                  "start": 1578,
                  "type": "CallExpression",
                  "type": "CallExpression"
                },
                {
                  "arguments": [
                    {
                      "elements": [
                        {
                          "argument": {
                            "end": 1747,
                            "name": "corner_radius",
                            "start": 1734,
                            "type": "Identifier",
                            "type": "Identifier"
                          },
                          "end": 1747,
                          "operator": "-",
                          "start": 1733,
                          "type": "UnaryExpression",
                          "type": "UnaryExpression"
                        },
                        {
                          "argument": {
                            "end": 1763,
                            "name": "corner_radius",
                            "start": 1750,
                            "type": "Identifier",
                            "type": "Identifier"
                          },
                          "end": 1763,
                          "operator": "-",
                          "start": 1749,
                          "type": "UnaryExpression",
                          "type": "UnaryExpression"
                        }
                      ],
                      "end": 1764,
                      "start": 1732,
                      "type": "ArrayExpression",
                      "type": "ArrayExpression"
                    },
                    {
                      "end": 1767,
                      "start": 1766,
                      "type": "PipeSubstitution",
                      "type": "PipeSubstitution"
                    }
                  ],
                  "callee": {
                    "end": 1731,
                    "name": "tangentialArcToRelative",
                    "start": 1708,
                    "type": "Identifier"
                  },
                  "end": 1768,
                  "optional": false,
                  "start": 1708,
                  "type": "CallExpression",
                  "type": "CallExpression"
                },
                {
                  "arguments": [
                    {
                      "argument": {
                        "end": 1802,
                        "left": {
                          "end": 1786,
                          "raw": "25.0",
                          "start": 1782,
                          "type": "Literal",
                          "type": "Literal",
                          "value": 25.0
                        },
                        "operator": "-",
                        "right": {
                          "end": 1802,
                          "name": "corner_radius",
                          "start": 1789,
                          "type": "Identifier",
                          "type": "Identifier"
                        },
                        "start": 1782,
                        "type": "BinaryExpression",
                        "type": "BinaryExpression"
                      },
                      "end": 1802,
                      "operator": "-",
                      "start": 1780,
                      "type": "UnaryExpression",
                      "type": "UnaryExpression"
                    },
                    {
                      "end": 1806,
                      "start": 1805,
                      "type": "PipeSubstitution",
                      "type": "PipeSubstitution"
                    }
                  ],
                  "callee": {
                    "end": 1779,
                    "name": "yLine",
                    "start": 1774,
                    "type": "Identifier"
                  },
                  "end": 1807,
                  "optional": false,
                  "start": 1774,
                  "type": "CallExpression",
                  "type": "CallExpression"
                },
                {
                  "arguments": [
                    {
                      "elements": [
                        {
                          "end": 1851,
                          "name": "corner_radius",
                          "start": 1838,
                          "type": "Identifier",
                          "type": "Identifier"
                        },
                        {
                          "argument": {
                            "end": 1867,
                            "name": "corner_radius",
                            "start": 1854,
                            "type": "Identifier",
                            "type": "Identifier"
                          },
                          "end": 1867,
                          "operator": "-",
                          "start": 1853,
                          "type": "UnaryExpression",
                          "type": "UnaryExpression"
                        }
                      ],
                      "end": 1868,
                      "start": 1837,
                      "type": "ArrayExpression",
                      "type": "ArrayExpression"
                    },
                    {
                      "end": 1871,
                      "start": 1870,
                      "type": "PipeSubstitution",
                      "type": "PipeSubstitution"
                    }
                  ],
                  "callee": {
                    "end": 1836,
                    "name": "tangentialArcToRelative",
                    "start": 1813,
                    "type": "Identifier"
                  },
                  "end": 1872,
                  "optional": false,
                  "start": 1813,
                  "type": "CallExpression",
                  "type": "CallExpression"
                },
                {
                  "arguments": [
                    {
                      "end": 1885,
                      "start": 1884,
                      "type": "PipeSubstitution",
                      "type": "PipeSubstitution"
                    }
                  ],
                  "callee": {
                    "end": 1883,
                    "name": "close",
                    "start": 1878,
                    "type": "Identifier"
                  },
                  "end": 1886,
                  "optional": false,
                  "start": 1878,
                  "type": "CallExpression",
                  "type": "CallExpression"
                }
              ],
              "end": 1886,
              "start": 399,
              "type": "PipeExpression",
              "type": "PipeExpression"
            },
            "start": 386,
            "type": "VariableDeclarator"
          }
        ],
        "end": 1886,
        "kind": "const",
        "start": 386,
        "type": "VariableDeclaration",
        "type": "VariableDeclaration"
      },
      {
        "declarations": [
          {
            "end": 2317,
            "id": {
              "end": 1893,
              "name": "inner",
              "start": 1888,
              "type": "Identifier"
            },
            "init": {
              "body": [
                {
                  "arguments": [
                    {
                      "elements": [
                        {
                          "end": 1912,
                          "raw": "0",
                          "start": 1911,
                          "type": "Literal",
                          "type": "Literal",
                          "value": 0.0
                        },
                        {
                          "end": 1915,
                          "raw": "0",
                          "start": 1914,
                          "type": "Literal",
                          "type": "Literal",
                          "value": 0.0
                        }
                      ],
                      "end": 1916,
                      "start": 1910,
                      "type": "ArrayExpression",
                      "type": "ArrayExpression"
                    }
                  ],
                  "callee": {
                    "end": 1909,
                    "name": "startSketchAt",
                    "start": 1896,
                    "type": "Identifier"
                  },
                  "end": 1917,
                  "optional": false,
                  "start": 1896,
                  "type": "CallExpression",
                  "type": "CallExpression"
                },
                {
                  "arguments": [
                    {
                      "end": 1932,
                      "raw": "1.0",
                      "start": 1929,
                      "type": "Literal",
                      "type": "Literal",
                      "value": 1.0
                    },
                    {
                      "end": 1935,
                      "start": 1934,
                      "type": "PipeSubstitution",
                      "type": "PipeSubstitution"
                    }
                  ],
                  "callee": {
                    "end": 1928,
                    "name": "xLine",
                    "start": 1923,
                    "type": "Identifier"
                  },
                  "end": 1936,
                  "optional": false,
                  "start": 1923,
                  "type": "CallExpression",
                  "type": "CallExpression"
                },
                {
                  "arguments": [
                    {
                      "elements": [
                        {
                          "end": 1980,
                          "name": "corner_radius",
                          "start": 1967,
                          "type": "Identifier",
                          "type": "Identifier"
                        },
                        {
                          "end": 1995,
                          "name": "corner_radius",
                          "start": 1982,
                          "type": "Identifier",
                          "type": "Identifier"
                        }
                      ],
                      "end": 1996,
                      "start": 1966,
                      "type": "ArrayExpression",
                      "type": "ArrayExpression"
                    },
                    {
                      "end": 1999,
                      "start": 1998,
                      "type": "PipeSubstitution",
                      "type": "PipeSubstitution"
                    }
                  ],
                  "callee": {
                    "end": 1965,
                    "name": "tangentialArcToRelative",
                    "start": 1942,
                    "type": "Identifier"
                  },
                  "end": 2000,
                  "optional": false,
                  "start": 1942,
                  "type": "CallExpression",
                  "type": "CallExpression"
                },
                {
                  "arguments": [
                    {
                      "end": 2037,
                      "left": {
                        "end": 2016,
                        "raw": "25.0",
                        "start": 2012,
                        "type": "Literal",
                        "type": "Literal",
                        "value": 25.0
                      },
                      "operator": "-",
                      "right": {
                        "end": 2037,
                        "left": {
                          "end": 2033,
                          "name": "corner_radius",
                          "start": 2020,
                          "type": "Identifier",
                          "type": "Identifier"
                        },
                        "operator": "*",
                        "right": {
                          "end": 2037,
                          "raw": "2",
                          "start": 2036,
                          "type": "Literal",
                          "type": "Literal",
                          "value": 2.0
                        },
                        "start": 2020,
                        "type": "BinaryExpression",
                        "type": "BinaryExpression"
                      },
                      "start": 2012,
                      "type": "BinaryExpression",
                      "type": "BinaryExpression"
                    },
                    {
                      "end": 2041,
                      "start": 2040,
                      "type": "PipeSubstitution",
                      "type": "PipeSubstitution"
                    }
                  ],
                  "callee": {
                    "end": 2011,
                    "name": "yLine",
                    "start": 2006,
                    "type": "Identifier"
                  },
                  "end": 2042,
                  "optional": false,
                  "start": 2006,
                  "type": "CallExpression",
                  "type": "CallExpression"
                },
                {
                  "arguments": [
                    {
                      "elements": [
                        {
                          "argument": {
                            "end": 2087,
                            "name": "corner_radius",
                            "start": 2074,
                            "type": "Identifier",
                            "type": "Identifier"
                          },
                          "end": 2087,
                          "operator": "-",
                          "start": 2073,
                          "type": "UnaryExpression",
                          "type": "UnaryExpression"
                        },
                        {
                          "end": 2102,
                          "name": "corner_radius",
                          "start": 2089,
                          "type": "Identifier",
                          "type": "Identifier"
                        }
                      ],
                      "end": 2103,
                      "start": 2072,
                      "type": "ArrayExpression",
                      "type": "ArrayExpression"
                    },
                    {
                      "end": 2106,
                      "start": 2105,
                      "type": "PipeSubstitution",
                      "type": "PipeSubstitution"
                    }
                  ],
                  "callee": {
                    "end": 2071,
                    "name": "tangentialArcToRelative",
                    "start": 2048,
                    "type": "Identifier"
                  },
                  "end": 2107,
                  "optional": false,
                  "start": 2048,
                  "type": "CallExpression",
                  "type": "CallExpression"
                },
                {
                  "arguments": [
                    {
                      "argument": {
                        "end": 2123,
                        "raw": "1.0",
                        "start": 2120,
                        "type": "Literal",
                        "type": "Literal",
                        "value": 1.0
                      },
                      "end": 2123,
                      "operator": "-",
                      "start": 2119,
                      "type": "UnaryExpression",
                      "type": "UnaryExpression"
                    },
                    {
                      "end": 2126,
                      "start": 2125,
                      "type": "PipeSubstitution",
                      "type": "PipeSubstitution"
                    }
                  ],
                  "callee": {
                    "end": 2118,
                    "name": "xLine",
                    "start": 2113,
                    "type": "Identifier"
                  },
                  "end": 2127,
                  "optional": false,
                  "start": 2113,
                  "type": "CallExpression",
                  "type": "CallExpression"
                },
                {
                  "arguments": [
                    {
                      "elements": [
                        {
                          "argument": {
                            "end": 2172,
                            "name": "corner_radius",
                            "start": 2159,
                            "type": "Identifier",
                            "type": "Identifier"
                          },
                          "end": 2172,
                          "operator": "-",
                          "start": 2158,
                          "type": "UnaryExpression",
                          "type": "UnaryExpression"
                        },
                        {
                          "argument": {
                            "end": 2188,
                            "name": "corner_radius",
                            "start": 2175,
                            "type": "Identifier",
                            "type": "Identifier"
                          },
                          "end": 2188,
                          "operator": "-",
                          "start": 2174,
                          "type": "UnaryExpression",
                          "type": "UnaryExpression"
                        }
                      ],
                      "end": 2189,
                      "start": 2157,
                      "type": "ArrayExpression",
                      "type": "ArrayExpression"
                    },
                    {
                      "end": 2192,
                      "start": 2191,
                      "type": "PipeSubstitution",
                      "type": "PipeSubstitution"
                    }
                  ],
                  "callee": {
                    "end": 2156,
                    "name": "tangentialArcToRelative",
                    "start": 2133,
                    "type": "Identifier"
                  },
                  "end": 2193,
                  "optional": false,
                  "start": 2133,
                  "type": "CallExpression",
                  "type": "CallExpression"
                },
                {
                  "arguments": [
                    {
                      "argument": {
                        "end": 2232,
                        "left": {
                          "end": 2211,
                          "raw": "25.0",
                          "start": 2207,
                          "type": "Literal",
                          "type": "Literal",
                          "value": 25.0
                        },
                        "operator": "-",
                        "right": {
                          "end": 2232,
                          "left": {
                            "end": 2228,
                            "name": "corner_radius",
                            "start": 2215,
                            "type": "Identifier",
                            "type": "Identifier"
                          },
                          "operator": "*",
                          "right": {
                            "end": 2232,
                            "raw": "2",
                            "start": 2231,
                            "type": "Literal",
                            "type": "Literal",
                            "value": 2.0
                          },
                          "start": 2215,
                          "type": "BinaryExpression",
                          "type": "BinaryExpression"
                        },
                        "start": 2207,
                        "type": "BinaryExpression",
                        "type": "BinaryExpression"
                      },
                      "end": 2232,
                      "operator": "-",
                      "start": 2205,
                      "type": "UnaryExpression",
                      "type": "UnaryExpression"
                    },
                    {
                      "end": 2237,
                      "start": 2236,
                      "type": "PipeSubstitution",
                      "type": "PipeSubstitution"
                    }
                  ],
                  "callee": {
                    "end": 2204,
                    "name": "yLine",
                    "start": 2199,
                    "type": "Identifier"
                  },
                  "end": 2238,
                  "optional": false,
                  "start": 2199,
                  "type": "CallExpression",
                  "type": "CallExpression"
                },
                {
                  "arguments": [
                    {
                      "elements": [
                        {
                          "end": 2282,
                          "name": "corner_radius",
                          "start": 2269,
                          "type": "Identifier",
                          "type": "Identifier"
                        },
                        {
                          "argument": {
                            "end": 2298,
                            "name": "corner_radius",
                            "start": 2285,
                            "type": "Identifier",
                            "type": "Identifier"
                          },
                          "end": 2298,
                          "operator": "-",
                          "start": 2284,
                          "type": "UnaryExpression",
                          "type": "UnaryExpression"
                        }
                      ],
                      "end": 2299,
                      "start": 2268,
                      "type": "ArrayExpression",
                      "type": "ArrayExpression"
                    },
                    {
                      "end": 2302,
                      "start": 2301,
                      "type": "PipeSubstitution",
                      "type": "PipeSubstitution"
                    }
                  ],
                  "callee": {
                    "end": 2267,
                    "name": "tangentialArcToRelative",
                    "start": 2244,
                    "type": "Identifier"
                  },
                  "end": 2303,
                  "optional": false,
                  "start": 2244,
                  "type": "CallExpression",
                  "type": "CallExpression"
                },
                {
                  "arguments": [
                    {
                      "end": 2316,
                      "start": 2315,
                      "type": "PipeSubstitution",
                      "type": "PipeSubstitution"
                    }
                  ],
                  "callee": {
                    "end": 2314,
                    "name": "close",
                    "start": 2309,
                    "type": "Identifier"
                  },
                  "end": 2317,
                  "optional": false,
                  "start": 2309,
                  "type": "CallExpression",
                  "type": "CallExpression"
                }
              ],
              "end": 2317,
              "start": 1896,
              "type": "PipeExpression",
              "type": "PipeExpression"
            },
            "start": 1888,
            "type": "VariableDeclarator"
          }
        ],
        "end": 2317,
        "kind": "const",
        "start": 1888,
        "type": "VariableDeclaration",
        "type": "VariableDeclaration"
      },
      {
        "declarations": [
          {
            "end": 2378,
            "id": {
              "end": 2324,
              "name": "final",
              "start": 2319,
              "type": "Identifier"
            },
            "init": {
              "body": [
                {
                  "end": 2337,
                  "name": "brace_base",
                  "start": 2327,
                  "type": "Identifier",
                  "type": "Identifier"
                },
                {
                  "arguments": [
                    {
                      "end": 2353,
                      "name": "inner",
                      "start": 2348,
                      "type": "Identifier",
                      "type": "Identifier"
                    },
                    {
                      "end": 2356,
                      "start": 2355,
                      "type": "PipeSubstitution",
                      "type": "PipeSubstitution"
                    }
                  ],
                  "callee": {
                    "end": 2347,
                    "name": "hole",
                    "start": 2343,
                    "type": "Identifier"
                  },
                  "end": 2357,
                  "optional": false,
                  "start": 2343,
                  "type": "CallExpression",
                  "type": "CallExpression"
                },
                {
                  "arguments": [
                    {
                      "end": 2374,
                      "raw": "3.0",
                      "start": 2371,
                      "type": "Literal",
                      "type": "Literal",
                      "value": 3.0
                    },
                    {
                      "end": 2377,
                      "start": 2376,
                      "type": "PipeSubstitution",
                      "type": "PipeSubstitution"
                    }
                  ],
                  "callee": {
                    "end": 2370,
                    "name": "extrude",
                    "start": 2363,
                    "type": "Identifier"
                  },
                  "end": 2378,
                  "optional": false,
                  "start": 2363,
                  "type": "CallExpression",
                  "type": "CallExpression"
                }
              ],
              "end": 2378,
              "start": 2327,
              "type": "PipeExpression",
              "type": "PipeExpression"
            },
            "start": 2319,
            "type": "VariableDeclarator"
          }
        ],
        "end": 2378,
        "kind": "const",
        "start": 2319,
        "type": "VariableDeclaration",
        "type": "VariableDeclaration"
      }
    ],
    "end": 2379,
    "nonCodeMeta": {
      "nonCodeNodes": {
        "4": [
          {
            "end": 274,
            "start": 219,
            "type": "NonCodeNode",
            "value": {
              "type": "newLineBlockComment",
              "value": "At first I thought this was going to be symmetric,",
              "style": "line"
            }
          },
          {
            "end": 327,
            "start": 275,
            "type": "NonCodeNode",
            "value": {
              "type": "blockComment",
              "value": "but I measured intentionally to not be symmetric,",
              "style": "line"
            }
          },
          {
            "end": 385,
            "start": 328,
            "type": "NonCodeNode",
            "value": {
              "type": "blockComment",
              "value": "because your wrist isn't a perfect cylindrical surface",
              "style": "line"
            }
          }
        ],
        "5": [
          {
            "end": 1888,
            "start": 1886,
            "type": "NonCodeNode",
            "value": {
              "type": "newLine"
            }
          }
        ],
        "6": [
          {
            "end": 2319,
            "start": 2317,
            "type": "NonCodeNode",
            "value": {
              "type": "newLine"
            }
          }
        ]
      },
      "startNodes": []
    },
    "start": 0
  }
}
