---
source: kcl-lib/src/simulation_tests.rs
description: Artifact commands angle-gauge.kcl
---
{
  "public/kcl-samples/angle-gauge/main.kcl": [
    {
      "cmdId": "[uuid]",
      "range": [],
      "command": {
        "type": "make_plane",
        "origin": {
          "x": 0.0,
          "y": 0.0,
          "z": 0.0
        },
        "x_axis": {
          "x": 1.0,
          "y": 0.0,
          "z": 0.0
        },
        "y_axis": {
          "x": 0.0,
          "y": 1.0,
          "z": 0.0
        },
        "size": 60.0,
        "clobber": false,
        "hide": true
      }
    },
    {
      "cmdId": "[uuid]",
      "range": [],
      "command": {
        "type": "object_visible",
        "object_id": "[uuid]",
        "hidden": true
      }
    },
    {
      "cmdId": "[uuid]",
      "range": [],
      "command": {
        "type": "enable_sketch_mode",
        "entity_id": "[uuid]",
        "ortho": false,
        "animated": false,
        "adjust_camera": false,
        "planar_normal": {
          "x": 0.0,
          "y": 0.0,
          "z": 1.0
        }
      }
    },
    {
      "cmdId": "[uuid]",
      "range": [],
      "command": {
        "type": "start_path"
      }
    },
    {
      "cmdId": "[uuid]",
      "range": [],
      "command": {
        "type": "move_path_pen",
        "path": "[uuid]",
        "to": {
          "x": -0.0000000000000008050709722290908,
          "y": 0.0000000000003145124614986955,
          "z": 0.0
        }
      }
    },
    {
      "cmdId": "[uuid]",
      "range": [],
      "command": {
        "type": "sketch_mode_disable"
      }
    },
    {
      "cmdId": "[uuid]",
      "range": [],
      "command": {
        "type": "extend_path",
        "path": "[uuid]",
        "segment": {
          "type": "line",
          "end": {
            "x": -0.00000000000000081420479700216075,
            "y": 31.750000000000313,
            "z": 0.0
          },
          "relative": false
        }
      }
    },
    {
      "cmdId": "[uuid]",
      "range": [],
      "command": {
        "type": "extend_path",
        "path": "[uuid]",
        "segment": {
          "type": "line",
          "end": {
            "x": 38.09999999999977,
            "y": 31.750000000000313,
            "z": 0.0
          },
          "relative": false
        }
      }
    },
    {
      "cmdId": "[uuid]",
      "range": [],
      "command": {
        "type": "extend_path",
        "path": "[uuid]",
        "segment": {
          "type": "line",
          "end": {
            "x": 38.09999999999977,
            "y": 20.828000000001573,
            "z": 0.0
          },
          "relative": false
        }
      }
    },
    {
      "cmdId": "[uuid]",
      "range": [],
      "command": {
        "type": "move_path_pen",
        "path": "[uuid]",
        "to": {
          "x": 38.099999999999994,
          "y": 7.620000000001573,
          "z": 0.0
        }
      }
    },
    {
      "cmdId": "[uuid]",
      "range": [],
      "command": {
        "type": "extend_path",
        "path": "[uuid]",
        "segment": {
          "type": "line",
          "end": {
            "x": 38.099999999999994,
            "y": 0.0000000000012580885591571122,
            "z": 0.0
          },
          "relative": false
        }
      }
    },
    {
      "cmdId": "[uuid]",
      "range": [],
      "command": {
        "type": "extend_path",
        "path": "[uuid]",
        "segment": {
          "type": "line",
          "end": {
            "x": -0.0000000000000015964412178037704,
            "y": 0.0000000000006290337214333475,
            "z": 0.0
          },
          "relative": false
        }
      }
    },
    {
      "cmdId": "[uuid]",
      "range": [],
      "command": {
        "type": "move_path_pen",
        "path": "[uuid]",
        "to": {
          "x": 38.10000000000005,
          "y": 7.620000000001886,
          "z": 0.0
        }
      }
    },
    {
      "cmdId": "[uuid]",
      "range": [],
      "command": {
        "type": "extend_path",
        "path": "[uuid]",
        "segment": {
          "type": "line",
          "end": {
            "x": 12.699999999999548,
            "y": 12.098705300349675,
            "z": 0.0
          },
          "relative": false
        }
      }
    },
    {
      "cmdId": "[uuid]",
      "range": [],
      "command": {
        "type": "extend_path",
        "path": "[uuid]",
        "segment": {
          "type": "line",
          "end": {
            "x": 12.69999999999966,
            "y": 20.828000000001573,
            "z": 0.0
          },
          "relative": false
        }
      }
    },
    {
      "cmdId": "[uuid]",
      "range": [],
      "command": {
        "type": "extend_path",
        "path": "[uuid]",
        "segment": {
          "type": "line",
          "end": {
            "x": 38.09999999999977,
            "y": 20.828000000001573,
            "z": 0.0
          },
          "relative": false
        }
      }
    },
    {
      "cmdId": "[uuid]",
      "range": [],
      "command": {
        "type": "create_region",
        "object_id": "[uuid]",
        "segment": "[uuid]",
        "intersection_segment": "[uuid]",
        "intersection_index": -1,
        "curve_clockwise": false
      }
    },
    {
      "cmdId": "[uuid]",
      "range": [],
      "command": {
        "type": "object_visible",
        "object_id": "[uuid]",
        "hidden": true
      }
    },
    {
      "cmdId": "[uuid]",
      "range": [],
      "command": {
        "type": "enable_sketch_mode",
        "entity_id": "[uuid]",
        "ortho": false,
        "animated": false,
        "adjust_camera": false,
        "planar_normal": {
          "x": 0.0,
          "y": 0.0,
          "z": 1.0
        }
      }
    },
    {
      "cmdId": "[uuid]",
      "range": [],
      "command": {
        "type": "extrude",
        "target": "[uuid]",
        "distance": 1.27,
        "faces": null,
        "opposite": "None",
        "extrude_method": "merge",
        "body_type": "solid"
      }
    },
    {
      "cmdId": "[uuid]",
      "range": [],
      "command": {
        "type": "sketch_mode_disable"
      }
    },
    {
      "cmdId": "[uuid]",
      "range": [],
      "command": {
        "type": "object_bring_to_front",
        "object_id": "[uuid]"
      }
    },
    {
      "cmdId": "[uuid]",
      "range": [],
      "command": {
        "type": "solid3d_get_extrusion_face_info",
        "object_id": "[uuid]",
        "edge_id": "[uuid]"
      }
    },
    {
      "cmdId": "[uuid]",
      "range": [],
      "command": {
        "type": "solid3d_get_adjacency_info",
        "object_id": "[uuid]",
        "edge_id": "[uuid]"
      }
    }
  ]
}
