---
source: kcl-lib/src/simulation_tests.rs
description: Error from executing consumed_solid_original_issue.kcl
---
KCL Engine error

  × engine: The Zoo engine cannot handle this 3D subtraction yet.  Please
  │ report this as an issue
    ╭─[43:13]
 42 │ 
 43 │ rawHandle = subtract(shaftlessHandle, tools = [shaftHole])
    ·             ───────────────────────┬──────────────────────┬
    ·                                    ╰── tests/consumed_solid_original_issue/input.kcl
    ·                                    ╰── tests/consumed_solid_original_issue/input.kcl
 44 │ 
    ╰────
  ╰─▶ KCL Engine error
      
        × engine: The Zoo engine cannot handle this 3D subtraction yet.
        │ Please report this as an issue
          ╭─[43:13]
       42 │
       43 │ rawHandle = subtract(shaftlessHandle, tools = [shaftHole])
          ·             ───────────────────────┬──────────────────────
          ·                                    ╰── tests/
      consumed_solid_original_issue/input.kcl
       44 │
          ╰────
