---
source: kcl-lib/src/simulation_tests.rs
description: Variables in memory after executing flush_batch_on_end.kcl
---
{
  "arc000": {
    "type": "TagIdentifier",
    "type": "TagIdentifier",
    "value": "arc000",
    "info": {
      "type": "TagEngineInfo",
      "id": "[uuid]",
      "sketch": "[uuid]",
      "path": {
        "__geoMeta": {
          "id": "[uuid]",
          "sourceRange": [
            282,
            374,
            0
          ]
        },
        "ccw": true,
        "center": [
          0.0,
          0.0
        ],
        "from": [
          0.2734,
          0.0
        ],
        "radius": 0.2734375,
        "tag": {
          "end": 371,
          "start": 364,
          "type": "TagDeclarator",
          "value": "arc000"
        },
        "to": [
          0.2734,
          0.0
        ],
        "type": "Circle",
        "units": {
          "type": "Inches"
        }
      },
      "surface": {
        "faceId": "[uuid]",
        "id": "[uuid]",
        "sourceRange": [
          282,
          374,
          0
        ],
        "tag": {
          "end": 371,
          "start": 364,
          "type": "TagDeclarator",
          "value": "arc000"
        },
        "type": "extrudeArc"
      }
    }
  },
  "arc001": {
    "type": "TagIdentifier",
    "type": "TagIdentifier",
    "value": "arc001",
    "info": {
      "type": "TagEngineInfo",
      "id": "[uuid]",
      "sketch": "[uuid]",
      "path": {
        "__geoMeta": {
          "id": "[uuid]",
          "sourceRange": [
            437,
            529,
            0
          ]
        },
        "ccw": true,
        "center": [
          0.0,
          0.0
        ],
        "from": [
          0.182,
          0.0
        ],
        "radius": 0.182,
        "tag": {
          "end": 526,
          "start": 519,
          "type": "TagDeclarator",
          "value": "arc001"
        },
        "to": [
          0.182,
          0.0
        ],
        "type": "Circle",
        "units": {
          "type": "Inches"
        }
      },
      "surface": null
    }
  },
  "innerDiameter": {
    "type": "Number",
    "value": 0.364,
    "ty": {
      "type": "Default",
      "len": {
        "type": "Inches"
      },
      "angle": {
        "type": "Degrees"
      }
    }
  },
  "innerProfile": {
    "type": "Sketch",
    "value": {
      "type": "Sketch",
      "id": "[uuid]",
      "paths": [
        {
          "__geoMeta": {
            "id": "[uuid]",
            "sourceRange": [
              437,
              529,
              0
            ]
          },
          "ccw": true,
          "center": [
            0.0,
            0.0
          ],
          "from": [
            0.182,
            0.0
          ],
          "radius": 0.182,
          "tag": {
            "end": 526,
            "start": 519,
            "type": "TagDeclarator",
            "value": "arc001"
          },
          "to": [
            0.182,
            0.0
          ],
          "type": "Circle",
          "units": {
            "type": "Inches"
          }
        }
      ],
      "on": {
        "type": "plane",
        "id": "[uuid]",
        "artifactId": "[uuid]",
        "value": "XY",
        "origin": {
          "x": 0.0,
          "y": 0.0,
          "z": 0.0
        },
        "xAxis": {
          "x": 1.0,
          "y": 0.0,
          "z": 0.0
        },
        "yAxis": {
          "x": 0.0,
          "y": 1.0,
          "z": 0.0
        },
        "zAxis": {
          "x": 0.0,
          "y": 0.0,
          "z": 1.0
        },
        "units": {
          "type": "Inches"
        }
      },
      "start": {
        "from": [
          0.182,
          0.0
        ],
        "to": [
          0.182,
          0.0
        ],
        "units": {
          "type": "Inches"
        },
        "tag": null,
        "__geoMeta": {
          "id": "[uuid]",
          "sourceRange": [
            437,
            529,
            0
          ]
        }
      },
      "tags": {
        "arc001": {
          "type": "TagIdentifier",
          "value": "arc001",
          "info": {
            "type": "TagEngineInfo",
            "id": "[uuid]",
            "sketch": "[uuid]",
            "path": {
              "__geoMeta": {
                "id": "[uuid]",
                "sourceRange": [
                  437,
                  529,
                  0
                ]
              },
              "ccw": true,
              "center": [
                0.0,
                0.0
              ],
              "from": [
                0.182,
                0.0
              ],
              "radius": 0.182,
              "tag": {
                "end": 526,
                "start": 519,
                "type": "TagDeclarator",
                "value": "arc001"
              },
              "to": [
                0.182,
                0.0
              ],
              "type": "Circle",
              "units": {
                "type": "Inches"
              }
            },
            "surface": null
          }
        }
      },
      "artifactId": "[uuid]",
      "originalId": "[uuid]",
      "units": {
        "type": "Inches"
      }
    }
  },
  "length": {
    "type": "Number",
    "value": 1.5,
    "ty": {
      "type": "Unknown"
    }
  },
  "outerDiameter": {
    "type": "Number",
    "value": 0.5469,
    "ty": {
      "type": "Unknown"
    }
  },
  "outerProfile": {
    "type": "Sketch",
    "value": {
      "type": "Sketch",
      "id": "[uuid]",
      "paths": [
        {
          "__geoMeta": {
            "id": "[uuid]",
            "sourceRange": [
              282,
              374,
              0
            ]
          },
          "ccw": true,
          "center": [
            0.0,
            0.0
          ],
          "from": [
            0.2734,
            0.0
          ],
          "radius": 0.2734375,
          "tag": {
            "end": 371,
            "start": 364,
            "type": "TagDeclarator",
            "value": "arc000"
          },
          "to": [
            0.2734,
            0.0
          ],
          "type": "Circle",
          "units": {
            "type": "Inches"
          }
        }
      ],
      "on": {
        "type": "plane",
        "id": "[uuid]",
        "artifactId": "[uuid]",
        "value": "XY",
        "origin": {
          "x": 0.0,
          "y": 0.0,
          "z": 0.0
        },
        "xAxis": {
          "x": 1.0,
          "y": 0.0,
          "z": 0.0
        },
        "yAxis": {
          "x": 0.0,
          "y": 1.0,
          "z": 0.0
        },
        "zAxis": {
          "x": 0.0,
          "y": 0.0,
          "z": 1.0
        },
        "units": {
          "type": "Inches"
        }
      },
      "start": {
        "from": [
          0.2734,
          0.0
        ],
        "to": [
          0.2734,
          0.0
        ],
        "units": {
          "type": "Inches"
        },
        "tag": null,
        "__geoMeta": {
          "id": "[uuid]",
          "sourceRange": [
            282,
            374,
            0
          ]
        }
      },
      "tags": {
        "arc000": {
          "type": "TagIdentifier",
          "value": "arc000",
          "info": {
            "type": "TagEngineInfo",
            "id": "[uuid]",
            "sketch": "[uuid]",
            "path": {
              "__geoMeta": {
                "id": "[uuid]",
                "sourceRange": [
                  282,
                  374,
                  0
                ]
              },
              "ccw": true,
              "center": [
                0.0,
                0.0
              ],
              "from": [
                0.2734,
                0.0
              ],
              "radius": 0.2734375,
              "tag": {
                "end": 371,
                "start": 364,
                "type": "TagDeclarator",
                "value": "arc000"
              },
              "to": [
                0.2734,
                0.0
              ],
              "type": "Circle",
              "units": {
                "type": "Inches"
              }
            },
            "surface": {
              "faceId": "[uuid]",
              "id": "[uuid]",
              "sourceRange": [
                282,
                374,
                0
              ],
              "tag": {
                "end": 371,
                "start": 364,
                "type": "TagDeclarator",
                "value": "arc000"
              },
              "type": "extrudeArc"
            }
          }
        }
      },
      "artifactId": "[uuid]",
      "originalId": "[uuid]",
      "units": {
        "type": "Inches"
      }
    }
  },
  "pipe": {
    "type": "Solid",
    "value": {
      "type": "Solid",
      "id": "[uuid]",
      "artifactId": "[uuid]",
      "value": [
        {
          "faceId": "[uuid]",
          "id": "[uuid]",
          "sourceRange": [
            282,
            374,
            0
          ],
          "tag": {
            "end": 371,
            "start": 364,
            "type": "TagDeclarator",
            "value": "arc000"
          },
          "type": "extrudeArc"
        }
      ],
      "sketch": {
        "type": "Sketch",
        "id": "[uuid]",
        "paths": [
          {
            "__geoMeta": {
              "id": "[uuid]",
              "sourceRange": [
                282,
                374,
                0
              ]
            },
            "ccw": true,
            "center": [
              0.0,
              0.0
            ],
            "from": [
              0.2734,
              0.0
            ],
            "radius": 0.2734375,
            "tag": {
              "end": 371,
              "start": 364,
              "type": "TagDeclarator",
              "value": "arc000"
            },
            "to": [
              0.2734,
              0.0
            ],
            "type": "Circle",
            "units": {
              "type": "Inches"
            }
          }
        ],
        "on": {
          "type": "plane",
          "id": "[uuid]",
          "artifactId": "[uuid]",
          "value": "XY",
          "origin": {
            "x": 0.0,
            "y": 0.0,
            "z": 0.0
          },
          "xAxis": {
            "x": 1.0,
            "y": 0.0,
            "z": 0.0
          },
          "yAxis": {
            "x": 0.0,
            "y": 1.0,
            "z": 0.0
          },
          "zAxis": {
            "x": 0.0,
            "y": 0.0,
            "z": 1.0
          },
          "units": {
            "type": "Inches"
          }
        },
        "start": {
          "from": [
            0.2734,
            0.0
          ],
          "to": [
            0.2734,
            0.0
          ],
          "units": {
            "type": "Inches"
          },
          "tag": null,
          "__geoMeta": {
            "id": "[uuid]",
            "sourceRange": [
              282,
              374,
              0
            ]
          }
        },
        "tags": {
          "arc000": {
            "type": "TagIdentifier",
            "value": "arc000",
            "info": {
              "type": "TagEngineInfo",
              "id": "[uuid]",
              "sketch": "[uuid]",
              "path": {
                "__geoMeta": {
                  "id": "[uuid]",
                  "sourceRange": [
                    282,
                    374,
                    0
                  ]
                },
                "ccw": true,
                "center": [
                  0.0,
                  0.0
                ],
                "from": [
                  0.2734,
                  0.0
                ],
                "radius": 0.2734375,
                "tag": {
                  "end": 371,
                  "start": 364,
                  "type": "TagDeclarator",
                  "value": "arc000"
                },
                "to": [
                  0.2734,
                  0.0
                ],
                "type": "Circle",
                "units": {
                  "type": "Inches"
                }
              },
              "surface": {
                "faceId": "[uuid]",
                "id": "[uuid]",
                "sourceRange": [
                  282,
                  374,
                  0
                ],
                "tag": {
                  "end": 371,
                  "start": 364,
                  "type": "TagDeclarator",
                  "value": "arc000"
                },
                "type": "extrudeArc"
              }
            }
          }
        },
        "artifactId": "[uuid]",
        "originalId": "[uuid]",
        "units": {
          "type": "Inches"
        }
      },
      "height": 1.5,
      "startCapId": "[uuid]",
      "endCapId": "[uuid]",
      "units": {
        "type": "Inches"
      }
    }
  },
  "pipeProfile": {
    "type": "Sketch",
    "value": {
      "type": "Sketch",
      "id": "[uuid]",
      "paths": [
        {
          "__geoMeta": {
            "id": "[uuid]",
            "sourceRange": [
              282,
              374,
              0
            ]
          },
          "ccw": true,
          "center": [
            0.0,
            0.0
          ],
          "from": [
            0.2734,
            0.0
          ],
          "radius": 0.2734375,
          "tag": {
            "end": 371,
            "start": 364,
            "type": "TagDeclarator",
            "value": "arc000"
          },
          "to": [
            0.2734,
            0.0
          ],
          "type": "Circle",
          "units": {
            "type": "Inches"
          }
        }
      ],
      "on": {
        "type": "plane",
        "id": "[uuid]",
        "artifactId": "[uuid]",
        "value": "XY",
        "origin": {
          "x": 0.0,
          "y": 0.0,
          "z": 0.0
        },
        "xAxis": {
          "x": 1.0,
          "y": 0.0,
          "z": 0.0
        },
        "yAxis": {
          "x": 0.0,
          "y": 1.0,
          "z": 0.0
        },
        "zAxis": {
          "x": 0.0,
          "y": 0.0,
          "z": 1.0
        },
        "units": {
          "type": "Inches"
        }
      },
      "start": {
        "from": [
          0.2734,
          0.0
        ],
        "to": [
          0.2734,
          0.0
        ],
        "units": {
          "type": "Inches"
        },
        "tag": null,
        "__geoMeta": {
          "id": "[uuid]",
          "sourceRange": [
            282,
            374,
            0
          ]
        }
      },
      "tags": {
        "arc000": {
          "type": "TagIdentifier",
          "value": "arc000",
          "info": {
            "type": "TagEngineInfo",
            "id": "[uuid]",
            "sketch": "[uuid]",
            "path": {
              "__geoMeta": {
                "id": "[uuid]",
                "sourceRange": [
                  282,
                  374,
                  0
                ]
              },
              "ccw": true,
              "center": [
                0.0,
                0.0
              ],
              "from": [
                0.2734,
                0.0
              ],
              "radius": 0.2734375,
              "tag": {
                "end": 371,
                "start": 364,
                "type": "TagDeclarator",
                "value": "arc000"
              },
              "to": [
                0.2734,
                0.0
              ],
              "type": "Circle",
              "units": {
                "type": "Inches"
              }
            },
            "surface": {
              "faceId": "[uuid]",
              "id": "[uuid]",
              "sourceRange": [
                282,
                374,
                0
              ],
              "tag": {
                "end": 371,
                "start": 364,
                "type": "TagDeclarator",
                "value": "arc000"
              },
              "type": "extrudeArc"
            }
          }
        }
      },
      "artifactId": "[uuid]",
      "originalId": "[uuid]",
      "units": {
        "type": "Inches"
      }
    }
  },
  "sketch000": {
    "type": "Plane",
    "value": {
      "id": "[uuid]",
      "artifactId": "[uuid]",
      "value": "XY",
      "origin": {
        "x": 0.0,
        "y": 0.0,
        "z": 0.0
      },
      "xAxis": {
        "x": 1.0,
        "y": 0.0,
        "z": 0.0
      },
      "yAxis": {
        "x": 0.0,
        "y": 1.0,
        "z": 0.0
      },
      "zAxis": {
        "x": 0.0,
        "y": 0.0,
        "z": 1.0
      },
      "units": {
        "type": "Inches"
      }
    }
  }
}
