---
source: kcl-lib/src/simulation_tests.rs
description: Result of parsing radius_circle_native.kcl
---
{
  "Ok": {
    "body": [
      {
        "commentStart": 0,
        "declaration": {
          "commentStart": 0,
          "end": 0,
          "id": {
            "commentStart": 0,
            "end": 0,
            "moduleId": 0,
            "name": "s",
            "start": 0,
            "type": "Identifier"
          },
          "init": {
            "arguments": [
              {
                "type": "LabeledArg",
                "label": {
                  "commentStart": 0,
                  "end": 0,
                  "moduleId": 0,
                  "name": "on",
                  "start": 0,
                  "type": "Identifier"
                },
                "arg": {
                  "abs_path": false,
                  "commentStart": 0,
                  "end": 0,
                  "moduleId": 0,
                  "name": {
                    "commentStart": 0,
                    "end": 0,
                    "moduleId": 0,
                    "name": "XY",
                    "start": 0,
                    "type": "Identifier"
                  },
                  "path": [],
                  "start": 0,
                  "type": "Name",
                  "type": "Name"
                }
              }
            ],
            "body": {
              "commentStart": 0,
              "end": 0,
              "items": [
                {
                  "commentStart": 0,
                  "declaration": {
                    "commentStart": 0,
                    "end": 0,
                    "id": {
                      "commentStart": 0,
                      "end": 0,
                      "moduleId": 0,
                      "name": "c",
                      "start": 0,
                      "type": "Identifier"
                    },
                    "init": {
                      "arguments": [
                        {
                          "type": "LabeledArg",
                          "label": {
                            "commentStart": 0,
                            "end": 0,
                            "moduleId": 0,
                            "name": "start",
                            "start": 0,
                            "type": "Identifier"
                          },
                          "arg": {
                            "commentStart": 0,
                            "elements": [
                              {
                                "commentStart": 0,
                                "end": 0,
                                "moduleId": 0,
                                "raw": "3mm",
                                "start": 0,
                                "type": "Literal",
                                "type": "Literal",
                                "value": {
                                  "value": 3.0,
                                  "suffix": "Mm"
                                }
                              },
                              {
                                "commentStart": 0,
                                "end": 0,
                                "moduleId": 0,
                                "raw": "0mm",
                                "start": 0,
                                "type": "Literal",
                                "type": "Literal",
                                "value": {
                                  "value": 0.0,
                                  "suffix": "Mm"
                                }
                              }
                            ],
                            "end": 0,
                            "moduleId": 0,
                            "start": 0,
                            "type": "ArrayExpression",
                            "type": "ArrayExpression"
                          }
                        },
                        {
                          "type": "LabeledArg",
                          "label": {
                            "commentStart": 0,
                            "end": 0,
                            "moduleId": 0,
                            "name": "center",
                            "start": 0,
                            "type": "Identifier"
                          },
                          "arg": {
                            "commentStart": 0,
                            "elements": [
                              {
                                "commentStart": 0,
                                "end": 0,
                                "moduleId": 0,
                                "raw": "0mm",
                                "start": 0,
                                "type": "Literal",
                                "type": "Literal",
                                "value": {
                                  "value": 0.0,
                                  "suffix": "Mm"
                                }
                              },
                              {
                                "commentStart": 0,
                                "end": 0,
                                "moduleId": 0,
                                "raw": "0mm",
                                "start": 0,
                                "type": "Literal",
                                "type": "Literal",
                                "value": {
                                  "value": 0.0,
                                  "suffix": "Mm"
                                }
                              }
                            ],
                            "end": 0,
                            "moduleId": 0,
                            "start": 0,
                            "type": "ArrayExpression",
                            "type": "ArrayExpression"
                          }
                        }
                      ],
                      "callee": {
                        "abs_path": false,
                        "commentStart": 0,
                        "end": 0,
                        "moduleId": 0,
                        "name": {
                          "commentStart": 0,
                          "end": 0,
                          "moduleId": 0,
                          "name": "circle",
                          "start": 0,
                          "type": "Identifier"
                        },
                        "path": [],
                        "start": 0,
                        "type": "Name"
                      },
                      "commentStart": 0,
                      "end": 0,
                      "moduleId": 0,
                      "start": 0,
                      "type": "CallExpressionKw",
                      "type": "CallExpressionKw",
                      "unlabeled": null
                    },
                    "moduleId": 0,
                    "start": 0,
                    "type": "VariableDeclarator"
                  },
                  "end": 0,
                  "kind": "const",
                  "moduleId": 0,
                  "start": 0,
                  "type": "VariableDeclaration",
                  "type": "VariableDeclaration"
                },
                {
                  "commentStart": 0,
                  "end": 0,
                  "expression": {
                    "commentStart": 0,
                    "end": 0,
                    "left": {
                      "arguments": [],
                      "callee": {
                        "abs_path": false,
                        "commentStart": 0,
                        "end": 0,
                        "moduleId": 0,
                        "name": {
                          "commentStart": 0,
                          "end": 0,
                          "moduleId": 0,
                          "name": "radius",
                          "start": 0,
                          "type": "Identifier"
                        },
                        "path": [],
                        "start": 0,
                        "type": "Name"
                      },
                      "commentStart": 0,
                      "end": 0,
                      "moduleId": 0,
                      "start": 0,
                      "type": "CallExpressionKw",
                      "type": "CallExpressionKw",
                      "unlabeled": {
                        "abs_path": false,
                        "commentStart": 0,
                        "end": 0,
                        "moduleId": 0,
                        "name": {
                          "commentStart": 0,
                          "end": 0,
                          "moduleId": 0,
                          "name": "c",
                          "start": 0,
                          "type": "Identifier"
                        },
                        "path": [],
                        "start": 0,
                        "type": "Name",
                        "type": "Name"
                      }
                    },
                    "moduleId": 0,
                    "operator": "==",
                    "right": {
                      "commentStart": 0,
                      "end": 0,
                      "moduleId": 0,
                      "raw": "3mm",
                      "start": 0,
                      "type": "Literal",
                      "type": "Literal",
                      "value": {
                        "value": 3.0,
                        "suffix": "Mm"
                      }
                    },
                    "start": 0,
                    "type": "BinaryExpression",
                    "type": "BinaryExpression"
                  },
                  "moduleId": 0,
                  "start": 0,
                  "type": "ExpressionStatement",
                  "type": "ExpressionStatement"
                }
              ],
              "moduleId": 0,
              "start": 0,
              "type": "Block"
            },
            "commentStart": 0,
            "end": 0,
            "moduleId": 0,
            "start": 0,
            "type": "SketchBlock",
            "type": "SketchBlock"
          },
          "moduleId": 0,
          "start": 0,
          "type": "VariableDeclarator"
        },
        "end": 0,
        "kind": "const",
        "moduleId": 0,
        "start": 0,
        "type": "VariableDeclaration",
        "type": "VariableDeclaration"
      },
      {
        "commentStart": 0,
        "declaration": {
          "commentStart": 0,
          "end": 0,
          "id": {
            "commentStart": 0,
            "end": 0,
            "moduleId": 0,
            "name": "solid",
            "start": 0,
            "type": "Identifier"
          },
          "init": {
            "arguments": [
              {
                "type": "LabeledArg",
                "label": {
                  "commentStart": 0,
                  "end": 0,
                  "moduleId": 0,
                  "name": "length",
                  "start": 0,
                  "type": "Identifier"
                },
                "arg": {
                  "commentStart": 0,
                  "end": 0,
                  "moduleId": 0,
                  "raw": "2",
                  "start": 0,
                  "type": "Literal",
                  "type": "Literal",
                  "value": {
                    "value": 2.0,
                    "suffix": "None"
                  }
                }
              }
            ],
            "callee": {
              "abs_path": false,
              "commentStart": 0,
              "end": 0,
              "moduleId": 0,
              "name": {
                "commentStart": 0,
                "end": 0,
                "moduleId": 0,
                "name": "extrude",
                "start": 0,
                "type": "Identifier"
              },
              "path": [],
              "start": 0,
              "type": "Name"
            },
            "commentStart": 0,
            "end": 0,
            "moduleId": 0,
            "start": 0,
            "type": "CallExpressionKw",
            "type": "CallExpressionKw",
            "unlabeled": {
              "arguments": [
                {
                  "type": "LabeledArg",
                  "label": {
                    "commentStart": 0,
                    "end": 0,
                    "moduleId": 0,
                    "name": "point",
                    "start": 0,
                    "type": "Identifier"
                  },
                  "arg": {
                    "commentStart": 0,
                    "computed": false,
                    "end": 0,
                    "moduleId": 0,
                    "object": {
                      "commentStart": 0,
                      "computed": false,
                      "end": 0,
                      "moduleId": 0,
                      "object": {
                        "abs_path": false,
                        "commentStart": 0,
                        "end": 0,
                        "moduleId": 0,
                        "name": {
                          "commentStart": 0,
                          "end": 0,
                          "moduleId": 0,
                          "name": "s",
                          "start": 0,
                          "type": "Identifier"
                        },
                        "path": [],
                        "start": 0,
                        "type": "Name",
                        "type": "Name"
                      },
                      "property": {
                        "abs_path": false,
                        "commentStart": 0,
                        "end": 0,
                        "moduleId": 0,
                        "name": {
                          "commentStart": 0,
                          "end": 0,
                          "moduleId": 0,
                          "name": "c",
                          "start": 0,
                          "type": "Identifier"
                        },
                        "path": [],
                        "start": 0,
                        "type": "Name",
                        "type": "Name"
                      },
                      "start": 0,
                      "type": "MemberExpression",
                      "type": "MemberExpression"
                    },
                    "property": {
                      "abs_path": false,
                      "commentStart": 0,
                      "end": 0,
                      "moduleId": 0,
                      "name": {
                        "commentStart": 0,
                        "end": 0,
                        "moduleId": 0,
                        "name": "center",
                        "start": 0,
                        "type": "Identifier"
                      },
                      "path": [],
                      "start": 0,
                      "type": "Name",
                      "type": "Name"
                    },
                    "start": 0,
                    "type": "MemberExpression",
                    "type": "MemberExpression"
                  }
                },
                {
                  "type": "LabeledArg",
                  "label": {
                    "commentStart": 0,
                    "end": 0,
                    "moduleId": 0,
                    "name": "sketch",
                    "start": 0,
                    "type": "Identifier"
                  },
                  "arg": {
                    "abs_path": false,
                    "commentStart": 0,
                    "end": 0,
                    "moduleId": 0,
                    "name": {
                      "commentStart": 0,
                      "end": 0,
                      "moduleId": 0,
                      "name": "s",
                      "start": 0,
                      "type": "Identifier"
                    },
                    "path": [],
                    "start": 0,
                    "type": "Name",
                    "type": "Name"
                  }
                }
              ],
              "callee": {
                "abs_path": false,
                "commentStart": 0,
                "end": 0,
                "moduleId": 0,
                "name": {
                  "commentStart": 0,
                  "end": 0,
                  "moduleId": 0,
                  "name": "region",
                  "start": 0,
                  "type": "Identifier"
                },
                "path": [],
                "start": 0,
                "type": "Name"
              },
              "commentStart": 0,
              "end": 0,
              "moduleId": 0,
              "start": 0,
              "type": "CallExpressionKw",
              "type": "CallExpressionKw",
              "unlabeled": null
            }
          },
          "moduleId": 0,
          "start": 0,
          "type": "VariableDeclarator"
        },
        "end": 0,
        "kind": "const",
        "moduleId": 0,
        "start": 0,
        "type": "VariableDeclaration",
        "type": "VariableDeclaration"
      },
      {
        "commentStart": 0,
        "end": 0,
        "expression": {
          "arguments": [
            {
              "type": "LabeledArg",
              "label": {
                "commentStart": 0,
                "end": 0,
                "moduleId": 0,
                "name": "isEqualTo",
                "start": 0,
                "type": "Identifier"
              },
              "arg": {
                "commentStart": 0,
                "end": 0,
                "moduleId": 0,
                "raw": "3mm",
                "start": 0,
                "type": "Literal",
                "type": "Literal",
                "value": {
                  "value": 3.0,
                  "suffix": "Mm"
                }
              }
            },
            {
              "type": "LabeledArg",
              "label": {
                "commentStart": 0,
                "end": 0,
                "moduleId": 0,
                "name": "tolerance",
                "start": 0,
                "type": "Identifier"
              },
              "arg": {
                "commentStart": 0,
                "end": 0,
                "moduleId": 0,
                "raw": "0.001",
                "start": 0,
                "type": "Literal",
                "type": "Literal",
                "value": {
                  "value": 0.001,
                  "suffix": "None"
                }
              }
            }
          ],
          "callee": {
            "abs_path": false,
            "commentStart": 0,
            "end": 0,
            "moduleId": 0,
            "name": {
              "commentStart": 0,
              "end": 0,
              "moduleId": 0,
              "name": "assert",
              "start": 0,
              "type": "Identifier"
            },
            "path": [],
            "start": 0,
            "type": "Name"
          },
          "commentStart": 0,
          "end": 0,
          "moduleId": 0,
          "start": 0,
          "type": "CallExpressionKw",
          "type": "CallExpressionKw",
          "unlabeled": {
            "commentStart": 0,
            "computed": true,
            "end": 0,
            "moduleId": 0,
            "object": {
              "commentStart": 0,
              "computed": false,
              "end": 0,
              "moduleId": 0,
              "object": {
                "commentStart": 0,
                "computed": false,
                "end": 0,
                "moduleId": 0,
                "object": {
                  "commentStart": 0,
                  "computed": false,
                  "end": 0,
                  "moduleId": 0,
                  "object": {
                    "abs_path": false,
                    "commentStart": 0,
                    "end": 0,
                    "moduleId": 0,
                    "name": {
                      "commentStart": 0,
                      "end": 0,
                      "moduleId": 0,
                      "name": "s",
                      "start": 0,
                      "type": "Identifier"
                    },
                    "path": [],
                    "start": 0,
                    "type": "Name",
                    "type": "Name"
                  },
                  "property": {
                    "abs_path": false,
                    "commentStart": 0,
                    "end": 0,
                    "moduleId": 0,
                    "name": {
                      "commentStart": 0,
                      "end": 0,
                      "moduleId": 0,
                      "name": "c",
                      "start": 0,
                      "type": "Identifier"
                    },
                    "path": [],
                    "start": 0,
                    "type": "Name",
                    "type": "Name"
                  },
                  "start": 0,
                  "type": "MemberExpression",
                  "type": "MemberExpression"
                },
                "property": {
                  "abs_path": false,
                  "commentStart": 0,
                  "end": 0,
                  "moduleId": 0,
                  "name": {
                    "commentStart": 0,
                    "end": 0,
                    "moduleId": 0,
                    "name": "start",
                    "start": 0,
                    "type": "Identifier"
                  },
                  "path": [],
                  "start": 0,
                  "type": "Name",
                  "type": "Name"
                },
                "start": 0,
                "type": "MemberExpression",
                "type": "MemberExpression"
              },
              "property": {
                "abs_path": false,
                "commentStart": 0,
                "end": 0,
                "moduleId": 0,
                "name": {
                  "commentStart": 0,
                  "end": 0,
                  "moduleId": 0,
                  "name": "at",
                  "start": 0,
                  "type": "Identifier"
                },
                "path": [],
                "start": 0,
                "type": "Name",
                "type": "Name"
              },
              "start": 0,
              "type": "MemberExpression",
              "type": "MemberExpression"
            },
            "property": {
              "commentStart": 0,
              "end": 0,
              "moduleId": 0,
              "raw": "0",
              "start": 0,
              "type": "Literal",
              "type": "Literal",
              "value": {
                "value": 0.0,
                "suffix": "None"
              }
            },
            "start": 0,
            "type": "MemberExpression",
            "type": "MemberExpression"
          }
        },
        "moduleId": 0,
        "start": 0,
        "type": "ExpressionStatement",
        "type": "ExpressionStatement"
      },
      {
        "commentStart": 0,
        "end": 0,
        "expression": {
          "arguments": [
            {
              "type": "LabeledArg",
              "label": {
                "commentStart": 0,
                "end": 0,
                "moduleId": 0,
                "name": "isEqualTo",
                "start": 0,
                "type": "Identifier"
              },
              "arg": {
                "commentStart": 0,
                "end": 0,
                "moduleId": 0,
                "raw": "0mm",
                "start": 0,
                "type": "Literal",
                "type": "Literal",
                "value": {
                  "value": 0.0,
                  "suffix": "Mm"
                }
              }
            },
            {
              "type": "LabeledArg",
              "label": {
                "commentStart": 0,
                "end": 0,
                "moduleId": 0,
                "name": "tolerance",
                "start": 0,
                "type": "Identifier"
              },
              "arg": {
                "commentStart": 0,
                "end": 0,
                "moduleId": 0,
                "raw": "0.001",
                "start": 0,
                "type": "Literal",
                "type": "Literal",
                "value": {
                  "value": 0.001,
                  "suffix": "None"
                }
              }
            }
          ],
          "callee": {
            "abs_path": false,
            "commentStart": 0,
            "end": 0,
            "moduleId": 0,
            "name": {
              "commentStart": 0,
              "end": 0,
              "moduleId": 0,
              "name": "assert",
              "start": 0,
              "type": "Identifier"
            },
            "path": [],
            "start": 0,
            "type": "Name"
          },
          "commentStart": 0,
          "end": 0,
          "moduleId": 0,
          "start": 0,
          "type": "CallExpressionKw",
          "type": "CallExpressionKw",
          "unlabeled": {
            "commentStart": 0,
            "computed": true,
            "end": 0,
            "moduleId": 0,
            "object": {
              "commentStart": 0,
              "computed": false,
              "end": 0,
              "moduleId": 0,
              "object": {
                "commentStart": 0,
                "computed": false,
                "end": 0,
                "moduleId": 0,
                "object": {
                  "commentStart": 0,
                  "computed": false,
                  "end": 0,
                  "moduleId": 0,
                  "object": {
                    "abs_path": false,
                    "commentStart": 0,
                    "end": 0,
                    "moduleId": 0,
                    "name": {
                      "commentStart": 0,
                      "end": 0,
                      "moduleId": 0,
                      "name": "s",
                      "start": 0,
                      "type": "Identifier"
                    },
                    "path": [],
                    "start": 0,
                    "type": "Name",
                    "type": "Name"
                  },
                  "property": {
                    "abs_path": false,
                    "commentStart": 0,
                    "end": 0,
                    "moduleId": 0,
                    "name": {
                      "commentStart": 0,
                      "end": 0,
                      "moduleId": 0,
                      "name": "c",
                      "start": 0,
                      "type": "Identifier"
                    },
                    "path": [],
                    "start": 0,
                    "type": "Name",
                    "type": "Name"
                  },
                  "start": 0,
                  "type": "MemberExpression",
                  "type": "MemberExpression"
                },
                "property": {
                  "abs_path": false,
                  "commentStart": 0,
                  "end": 0,
                  "moduleId": 0,
                  "name": {
                    "commentStart": 0,
                    "end": 0,
                    "moduleId": 0,
                    "name": "start",
                    "start": 0,
                    "type": "Identifier"
                  },
                  "path": [],
                  "start": 0,
                  "type": "Name",
                  "type": "Name"
                },
                "start": 0,
                "type": "MemberExpression",
                "type": "MemberExpression"
              },
              "property": {
                "abs_path": false,
                "commentStart": 0,
                "end": 0,
                "moduleId": 0,
                "name": {
                  "commentStart": 0,
                  "end": 0,
                  "moduleId": 0,
                  "name": "at",
                  "start": 0,
                  "type": "Identifier"
                },
                "path": [],
                "start": 0,
                "type": "Name",
                "type": "Name"
              },
              "start": 0,
              "type": "MemberExpression",
              "type": "MemberExpression"
            },
            "property": {
              "commentStart": 0,
              "end": 0,
              "moduleId": 0,
              "raw": "1",
              "start": 0,
              "type": "Literal",
              "type": "Literal",
              "value": {
                "value": 1.0,
                "suffix": "None"
              }
            },
            "start": 0,
            "type": "MemberExpression",
            "type": "MemberExpression"
          }
        },
        "moduleId": 0,
        "start": 0,
        "type": "ExpressionStatement",
        "type": "ExpressionStatement"
      },
      {
        "commentStart": 0,
        "end": 0,
        "expression": {
          "arguments": [
            {
              "type": "LabeledArg",
              "label": {
                "commentStart": 0,
                "end": 0,
                "moduleId": 0,
                "name": "isEqualTo",
                "start": 0,
                "type": "Identifier"
              },
              "arg": {
                "commentStart": 0,
                "end": 0,
                "moduleId": 0,
                "raw": "0mm",
                "start": 0,
                "type": "Literal",
                "type": "Literal",
                "value": {
                  "value": 0.0,
                  "suffix": "Mm"
                }
              }
            },
            {
              "type": "LabeledArg",
              "label": {
                "commentStart": 0,
                "end": 0,
                "moduleId": 0,
                "name": "tolerance",
                "start": 0,
                "type": "Identifier"
              },
              "arg": {
                "commentStart": 0,
                "end": 0,
                "moduleId": 0,
                "raw": "0.001",
                "start": 0,
                "type": "Literal",
                "type": "Literal",
                "value": {
                  "value": 0.001,
                  "suffix": "None"
                }
              }
            }
          ],
          "callee": {
            "abs_path": false,
            "commentStart": 0,
            "end": 0,
            "moduleId": 0,
            "name": {
              "commentStart": 0,
              "end": 0,
              "moduleId": 0,
              "name": "assert",
              "start": 0,
              "type": "Identifier"
            },
            "path": [],
            "start": 0,
            "type": "Name"
          },
          "commentStart": 0,
          "end": 0,
          "moduleId": 0,
          "start": 0,
          "type": "CallExpressionKw",
          "type": "CallExpressionKw",
          "unlabeled": {
            "commentStart": 0,
            "computed": true,
            "end": 0,
            "moduleId": 0,
            "object": {
              "commentStart": 0,
              "computed": false,
              "end": 0,
              "moduleId": 0,
              "object": {
                "commentStart": 0,
                "computed": false,
                "end": 0,
                "moduleId": 0,
                "object": {
                  "commentStart": 0,
                  "computed": false,
                  "end": 0,
                  "moduleId": 0,
                  "object": {
                    "abs_path": false,
                    "commentStart": 0,
                    "end": 0,
                    "moduleId": 0,
                    "name": {
                      "commentStart": 0,
                      "end": 0,
                      "moduleId": 0,
                      "name": "s",
                      "start": 0,
                      "type": "Identifier"
                    },
                    "path": [],
                    "start": 0,
                    "type": "Name",
                    "type": "Name"
                  },
                  "property": {
                    "abs_path": false,
                    "commentStart": 0,
                    "end": 0,
                    "moduleId": 0,
                    "name": {
                      "commentStart": 0,
                      "end": 0,
                      "moduleId": 0,
                      "name": "c",
                      "start": 0,
                      "type": "Identifier"
                    },
                    "path": [],
                    "start": 0,
                    "type": "Name",
                    "type": "Name"
                  },
                  "start": 0,
                  "type": "MemberExpression",
                  "type": "MemberExpression"
                },
                "property": {
                  "abs_path": false,
                  "commentStart": 0,
                  "end": 0,
                  "moduleId": 0,
                  "name": {
                    "commentStart": 0,
                    "end": 0,
                    "moduleId": 0,
                    "name": "center",
                    "start": 0,
                    "type": "Identifier"
                  },
                  "path": [],
                  "start": 0,
                  "type": "Name",
                  "type": "Name"
                },
                "start": 0,
                "type": "MemberExpression",
                "type": "MemberExpression"
              },
              "property": {
                "abs_path": false,
                "commentStart": 0,
                "end": 0,
                "moduleId": 0,
                "name": {
                  "commentStart": 0,
                  "end": 0,
                  "moduleId": 0,
                  "name": "at",
                  "start": 0,
                  "type": "Identifier"
                },
                "path": [],
                "start": 0,
                "type": "Name",
                "type": "Name"
              },
              "start": 0,
              "type": "MemberExpression",
              "type": "MemberExpression"
            },
            "property": {
              "commentStart": 0,
              "end": 0,
              "moduleId": 0,
              "raw": "0",
              "start": 0,
              "type": "Literal",
              "type": "Literal",
              "value": {
                "value": 0.0,
                "suffix": "None"
              }
            },
            "start": 0,
            "type": "MemberExpression",
            "type": "MemberExpression"
          }
        },
        "moduleId": 0,
        "start": 0,
        "type": "ExpressionStatement",
        "type": "ExpressionStatement"
      },
      {
        "commentStart": 0,
        "end": 0,
        "expression": {
          "arguments": [
            {
              "type": "LabeledArg",
              "label": {
                "commentStart": 0,
                "end": 0,
                "moduleId": 0,
                "name": "isEqualTo",
                "start": 0,
                "type": "Identifier"
              },
              "arg": {
                "commentStart": 0,
                "end": 0,
                "moduleId": 0,
                "raw": "0mm",
                "start": 0,
                "type": "Literal",
                "type": "Literal",
                "value": {
                  "value": 0.0,
                  "suffix": "Mm"
                }
              }
            },
            {
              "type": "LabeledArg",
              "label": {
                "commentStart": 0,
                "end": 0,
                "moduleId": 0,
                "name": "tolerance",
                "start": 0,
                "type": "Identifier"
              },
              "arg": {
                "commentStart": 0,
                "end": 0,
                "moduleId": 0,
                "raw": "0.001",
                "start": 0,
                "type": "Literal",
                "type": "Literal",
                "value": {
                  "value": 0.001,
                  "suffix": "None"
                }
              }
            }
          ],
          "callee": {
            "abs_path": false,
            "commentStart": 0,
            "end": 0,
            "moduleId": 0,
            "name": {
              "commentStart": 0,
              "end": 0,
              "moduleId": 0,
              "name": "assert",
              "start": 0,
              "type": "Identifier"
            },
            "path": [],
            "start": 0,
            "type": "Name"
          },
          "commentStart": 0,
          "end": 0,
          "moduleId": 0,
          "start": 0,
          "type": "CallExpressionKw",
          "type": "CallExpressionKw",
          "unlabeled": {
            "commentStart": 0,
            "computed": true,
            "end": 0,
            "moduleId": 0,
            "object": {
              "commentStart": 0,
              "computed": false,
              "end": 0,
              "moduleId": 0,
              "object": {
                "commentStart": 0,
                "computed": false,
                "end": 0,
                "moduleId": 0,
                "object": {
                  "commentStart": 0,
                  "computed": false,
                  "end": 0,
                  "moduleId": 0,
                  "object": {
                    "abs_path": false,
                    "commentStart": 0,
                    "end": 0,
                    "moduleId": 0,
                    "name": {
                      "commentStart": 0,
                      "end": 0,
                      "moduleId": 0,
                      "name": "s",
                      "start": 0,
                      "type": "Identifier"
                    },
                    "path": [],
                    "start": 0,
                    "type": "Name",
                    "type": "Name"
                  },
                  "property": {
                    "abs_path": false,
                    "commentStart": 0,
                    "end": 0,
                    "moduleId": 0,
                    "name": {
                      "commentStart": 0,
                      "end": 0,
                      "moduleId": 0,
                      "name": "c",
                      "start": 0,
                      "type": "Identifier"
                    },
                    "path": [],
                    "start": 0,
                    "type": "Name",
                    "type": "Name"
                  },
                  "start": 0,
                  "type": "MemberExpression",
                  "type": "MemberExpression"
                },
                "property": {
                  "abs_path": false,
                  "commentStart": 0,
                  "end": 0,
                  "moduleId": 0,
                  "name": {
                    "commentStart": 0,
                    "end": 0,
                    "moduleId": 0,
                    "name": "center",
                    "start": 0,
                    "type": "Identifier"
                  },
                  "path": [],
                  "start": 0,
                  "type": "Name",
                  "type": "Name"
                },
                "start": 0,
                "type": "MemberExpression",
                "type": "MemberExpression"
              },
              "property": {
                "abs_path": false,
                "commentStart": 0,
                "end": 0,
                "moduleId": 0,
                "name": {
                  "commentStart": 0,
                  "end": 0,
                  "moduleId": 0,
                  "name": "at",
                  "start": 0,
                  "type": "Identifier"
                },
                "path": [],
                "start": 0,
                "type": "Name",
                "type": "Name"
              },
              "start": 0,
              "type": "MemberExpression",
              "type": "MemberExpression"
            },
            "property": {
              "commentStart": 0,
              "end": 0,
              "moduleId": 0,
              "raw": "1",
              "start": 0,
              "type": "Literal",
              "type": "Literal",
              "value": {
                "value": 1.0,
                "suffix": "None"
              }
            },
            "start": 0,
            "type": "MemberExpression",
            "type": "MemberExpression"
          }
        },
        "moduleId": 0,
        "start": 0,
        "type": "ExpressionStatement",
        "type": "ExpressionStatement"
      }
    ],
    "commentStart": 0,
    "end": 0,
    "moduleId": 0,
    "nonCodeMeta": {
      "nonCodeNodes": {
        "0": [
          {
            "commentStart": 0,
            "end": 0,
            "moduleId": 0,
            "start": 0,
            "type": "NonCodeNode",
            "value": {
              "type": "newLine"
            }
          }
        ],
        "1": [
          {
            "commentStart": 0,
            "end": 0,
            "moduleId": 0,
            "start": 0,
            "type": "NonCodeNode",
            "value": {
              "type": "newLine"
            }
          }
        ]
      },
      "startNodes": [
        {
          "commentStart": 0,
          "end": 0,
          "moduleId": 0,
          "start": 0,
          "type": "NonCodeNode",
          "value": {
            "type": "blockComment",
            "value": "radius() works on a circle, not just an arc. The circle here is built",
            "style": "line"
          }
        },
        {
          "commentStart": 0,
          "end": 0,
          "moduleId": 0,
          "start": 0,
          "type": "NonCodeNode",
          "value": {
            "type": "blockComment",
            "value": "entirely from number constants (no `var`), which exercises the constant",
            "style": "line"
          }
        },
        {
          "commentStart": 0,
          "end": 0,
          "moduleId": 0,
          "start": 0,
          "type": "NonCodeNode",
          "value": {
            "type": "blockComment",
            "value": "circle path: the constant coordinates become fixed solver vars, so the",
            "style": "line"
          }
        },
        {
          "commentStart": 0,
          "end": 0,
          "moduleId": 0,
          "start": 0,
          "type": "NonCodeNode",
          "value": {
            "type": "blockComment",
            "value": "circle can be passed to radius() the same way an arc can.",
            "style": "line"
          }
        },
        {
          "commentStart": 0,
          "end": 0,
          "moduleId": 0,
          "start": 0,
          "type": "NonCodeNode",
          "value": {
            "type": "newLine"
          }
        }
      ]
    },
    "start": 0
  }
}
