---
source: kcl-lib/src/simulation_tests.rs
description: Result of parsing poop_chute.kcl
---
{
  "Ok": {
    "body": [
      {
        "declaration": {
          "end": 22,
          "id": {
            "end": 14,
            "name": "wall_thickness",
            "start": 0,
            "type": "Identifier"
          },
          "init": {
            "end": 22,
            "raw": "0.125",
            "start": 17,
            "type": "Literal",
            "type": "Literal",
            "value": {
              "value": 0.125,
              "suffix": "None"
            }
          },
          "start": 0,
          "type": "VariableDeclarator"
        },
        "end": 22,
        "kind": "const",
        "start": 0,
        "type": "VariableDeclaration",
        "type": "VariableDeclaration"
      },
      {
        "declaration": {
          "end": 43,
          "id": {
            "end": 39,
            "name": "back_walls_width",
            "start": 23,
            "type": "Identifier"
          },
          "init": {
            "end": 43,
            "raw": "2",
            "start": 42,
            "type": "Literal",
            "type": "Literal",
            "value": {
              "value": 2.0,
              "suffix": "None"
            }
          },
          "start": 23,
          "type": "VariableDeclarator"
        },
        "end": 43,
        "kind": "const",
        "start": 23,
        "type": "VariableDeclaration",
        "type": "VariableDeclaration"
      },
      {
        "declaration": {
          "end": 67,
          "id": {
            "end": 61,
            "name": "front_walls_width",
            "start": 44,
            "type": "Identifier"
          },
          "init": {
            "end": 67,
            "raw": "2.5",
            "start": 64,
            "type": "Literal",
            "type": "Literal",
            "value": {
              "value": 2.5,
              "suffix": "None"
            }
          },
          "start": 44,
          "type": "VariableDeclarator"
        },
        "end": 67,
        "kind": "const",
        "start": 44,
        "type": "VariableDeclaration",
        "type": "VariableDeclaration"
      },
      {
        "declaration": {
          "end": 80,
          "id": {
            "end": 74,
            "name": "height",
            "start": 68,
            "type": "Identifier"
          },
          "init": {
            "end": 80,
            "raw": "5.5",
            "start": 77,
            "type": "Literal",
            "type": "Literal",
            "value": {
              "value": 5.5,
              "suffix": "None"
            }
          },
          "start": 68,
          "type": "VariableDeclarator"
        },
        "end": 80,
        "kind": "const",
        "start": 68,
        "type": "VariableDeclaration",
        "type": "VariableDeclaration"
      },
      {
        "declaration": {
          "end": 101,
          "id": {
            "end": 93,
            "name": "filletRadius",
            "start": 81,
            "type": "Identifier"
          },
          "init": {
            "end": 101,
            "raw": "0.050",
            "start": 96,
            "type": "Literal",
            "type": "Literal",
            "value": {
              "value": 0.05,
              "suffix": "None"
            }
          },
          "start": 81,
          "type": "VariableDeclarator"
        },
        "end": 101,
        "kind": "const",
        "start": 81,
        "type": "VariableDeclaration",
        "type": "VariableDeclaration"
      },
      {
        "declaration": {
          "end": 117,
          "id": {
            "end": 113,
            "name": "back_length",
            "start": 102,
            "type": "Identifier"
          },
          "init": {
            "end": 117,
            "raw": "7",
            "start": 116,
            "type": "Literal",
            "type": "Literal",
            "value": {
              "value": 7.0,
              "suffix": "None"
            }
          },
          "start": 102,
          "type": "VariableDeclarator"
        },
        "end": 117,
        "kind": "const",
        "start": 102,
        "type": "VariableDeclaration",
        "type": "VariableDeclaration"
      },
      {
        "declaration": {
          "end": 133,
          "id": {
            "end": 129,
            "name": "exit_height",
            "start": 118,
            "type": "Identifier"
          },
          "init": {
            "end": 133,
            "raw": "1",
            "start": 132,
            "type": "Literal",
            "type": "Literal",
            "value": {
              "value": 1.0,
              "suffix": "None"
            }
          },
          "start": 118,
          "type": "VariableDeclarator"
        },
        "end": 133,
        "kind": "const",
        "start": 118,
        "type": "VariableDeclaration",
        "type": "VariableDeclaration"
      },
      {
        "declaration": {
          "end": 150,
          "id": {
            "end": 146,
            "name": "front_length",
            "start": 134,
            "type": "Identifier"
          },
          "init": {
            "end": 150,
            "raw": "6",
            "start": 149,
            "type": "Literal",
            "type": "Literal",
            "value": {
              "value": 6.0,
              "suffix": "None"
            }
          },
          "start": 134,
          "type": "VariableDeclarator"
        },
        "end": 150,
        "kind": "const",
        "start": 134,
        "type": "VariableDeclaration",
        "type": "VariableDeclaration"
      },
      {
        "declaration": {
          "end": 159,
          "id": {
            "end": 153,
            "name": "Fx",
            "start": 151,
            "type": "Identifier"
          },
          "init": {
            "end": 159,
            "raw": "0.5",
            "start": 156,
            "type": "Literal",
            "type": "Literal",
            "value": {
              "value": 0.5,
              "suffix": "None"
            }
          },
          "start": 151,
          "type": "VariableDeclarator"
        },
        "end": 159,
        "kind": "const",
        "start": 151,
        "type": "VariableDeclaration",
        "type": "VariableDeclaration"
      },
      {
        "declaration": {
          "end": 168,
          "id": {
            "end": 162,
            "name": "Fy",
            "start": 160,
            "type": "Identifier"
          },
          "init": {
            "end": 168,
            "raw": "0.5",
            "start": 165,
            "type": "Literal",
            "type": "Literal",
            "value": {
              "value": 0.5,
              "suffix": "None"
            }
          },
          "start": 160,
          "type": "VariableDeclarator"
        },
        "end": 168,
        "kind": "const",
        "start": 160,
        "type": "VariableDeclaration",
        "type": "VariableDeclaration"
      },
      {
        "declaration": {
          "end": 866,
          "id": {
            "end": 179,
            "name": "sketch001",
            "start": 170,
            "type": "Identifier"
          },
          "init": {
            "body": [
              {
                "arguments": [
                  {
                    "end": 201,
                    "raw": "'-YZ'",
                    "start": 196,
                    "type": "Literal",
                    "type": "Literal",
                    "value": "-YZ"
                  }
                ],
                "callee": {
                  "end": 195,
                  "name": "startSketchOn",
                  "start": 182,
                  "type": "Identifier"
                },
                "end": 202,
                "start": 182,
                "type": "CallExpression",
                "type": "CallExpression"
              },
              {
                "arguments": [
                  {
                    "elements": [
                      {
                        "end": 244,
                        "left": {
                          "end": 240,
                          "name": "back_walls_width",
                          "start": 224,
                          "type": "Identifier",
                          "type": "Identifier"
                        },
                        "operator": "/",
                        "right": {
                          "end": 244,
                          "raw": "2",
                          "start": 243,
                          "type": "Literal",
                          "type": "Literal",
                          "value": {
                            "value": 2.0,
                            "suffix": "None"
                          }
                        },
                        "start": 224,
                        "type": "BinaryExpression",
                        "type": "BinaryExpression"
                      },
                      {
                        "end": 247,
                        "raw": "0",
                        "start": 246,
                        "type": "Literal",
                        "type": "Literal",
                        "value": {
                          "value": 0.0,
                          "suffix": "None"
                        }
                      }
                    ],
                    "end": 248,
                    "start": 223,
                    "type": "ArrayExpression",
                    "type": "ArrayExpression"
                  },
                  {
                    "end": 251,
                    "start": 250,
                    "type": "PipeSubstitution",
                    "type": "PipeSubstitution"
                  }
                ],
                "callee": {
                  "end": 222,
                  "name": "startProfileAt",
                  "start": 208,
                  "type": "Identifier"
                },
                "end": 252,
                "start": 208,
                "type": "CallExpression",
                "type": "CallExpression"
              },
              {
                "arguments": [
                  {
                    "type": "LabeledArg",
                    "label": {
                      "end": 270,
                      "name": "length",
                      "start": 264,
                      "type": "Identifier"
                    },
                    "arg": {
                      "end": 291,
                      "left": {
                        "end": 287,
                        "name": "wall_thickness",
                        "start": 273,
                        "type": "Identifier",
                        "type": "Identifier"
                      },
                      "operator": "/",
                      "right": {
                        "end": 291,
                        "raw": "2",
                        "start": 290,
                        "type": "Literal",
                        "type": "Literal",
                        "value": {
                          "value": 2.0,
                          "suffix": "None"
                        }
                      },
                      "start": 273,
                      "type": "BinaryExpression",
                      "type": "BinaryExpression"
                    }
                  }
                ],
                "callee": {
                  "end": 263,
                  "name": "xLine",
                  "start": 258,
                  "type": "Identifier"
                },
                "end": 292,
                "start": 258,
                "type": "CallExpressionKw",
                "type": "CallExpressionKw",
                "unlabeled": null
              },
              {
                "arguments": [
                  {
                    "end": 349,
                    "properties": [
                      {
                        "end": 324,
                        "key": {
                          "end": 319,
                          "name": "angle",
                          "start": 314,
                          "type": "Identifier"
                        },
                        "start": 314,
                        "type": "ObjectProperty",
                        "value": {
                          "end": 324,
                          "raw": "45",
                          "start": 322,
                          "type": "Literal",
                          "type": "Literal",
                          "value": {
                            "value": 45.0,
                            "suffix": "None"
                          }
                        }
                      },
                      {
                        "end": 347,
                        "key": {
                          "end": 328,
                          "name": "to",
                          "start": 326,
                          "type": "Identifier"
                        },
                        "start": 326,
                        "type": "ObjectProperty",
                        "value": {
                          "end": 347,
                          "name": "back_walls_width",
                          "start": 331,
                          "type": "Identifier",
                          "type": "Identifier"
                        }
                      }
                    ],
                    "start": 312,
                    "type": "ObjectExpression",
                    "type": "ObjectExpression"
                  },
                  {
                    "end": 352,
                    "start": 351,
                    "type": "PipeSubstitution",
                    "type": "PipeSubstitution"
                  },
                  {
                    "end": 360,
                    "start": 354,
                    "type": "TagDeclarator",
                    "type": "TagDeclarator",
                    "value": "seg01"
                  }
                ],
                "callee": {
                  "end": 311,
                  "name": "angledLineToX",
                  "start": 298,
                  "type": "Identifier"
                },
                "end": 361,
                "start": 298,
                "type": "CallExpression",
                "type": "CallExpression"
              },
              {
                "arguments": [
                  {
                    "type": "LabeledArg",
                    "label": {
                      "end": 384,
                      "name": "endAbsolute",
                      "start": 373,
                      "type": "Identifier"
                    },
                    "arg": {
                      "end": 393,
                      "name": "height",
                      "start": 387,
                      "type": "Identifier",
                      "type": "Identifier"
                    }
                  }
                ],
                "callee": {
                  "end": 372,
                  "name": "yLine",
                  "start": 367,
                  "type": "Identifier"
                },
                "end": 394,
                "start": 367,
                "type": "CallExpressionKw",
                "type": "CallExpressionKw",
                "unlabeled": null
              },
              {
                "arguments": [
                  {
                    "type": "LabeledArg",
                    "label": {
                      "end": 412,
                      "name": "length",
                      "start": 406,
                      "type": "Identifier"
                    },
                    "arg": {
                      "argument": {
                        "end": 430,
                        "name": "wall_thickness",
                        "start": 416,
                        "type": "Identifier",
                        "type": "Identifier"
                      },
                      "end": 430,
                      "operator": "-",
                      "start": 415,
                      "type": "UnaryExpression",
                      "type": "UnaryExpression"
                    }
                  }
                ],
                "callee": {
                  "end": 405,
                  "name": "xLine",
                  "start": 400,
                  "type": "Identifier"
                },
                "end": 431,
                "start": 400,
                "type": "CallExpressionKw",
                "type": "CallExpressionKw",
                "unlabeled": null
              },
              {
                "arguments": [
                  {
                    "type": "LabeledArg",
                    "label": {
                      "end": 454,
                      "name": "endAbsolute",
                      "start": 443,
                      "type": "Identifier"
                    },
                    "arg": {
                      "arguments": [
                        {
                          "end": 470,
                          "name": "seg01",
                          "start": 465,
                          "type": "Identifier",
                          "type": "Identifier"
                        }
                      ],
                      "callee": {
                        "end": 464,
                        "name": "segEndY",
                        "start": 457,
                        "type": "Identifier"
                      },
                      "end": 471,
                      "start": 457,
                      "type": "CallExpression",
                      "type": "CallExpression"
                    }
                  }
                ],
                "callee": {
                  "end": 442,
                  "name": "yLine",
                  "start": 437,
                  "type": "Identifier"
                },
                "end": 472,
                "start": 437,
                "type": "CallExpressionKw",
                "type": "CallExpressionKw",
                "unlabeled": null
              },
              {
                "arguments": [
                  {
                    "end": 573,
                    "properties": [
                      {
                        "end": 511,
                        "key": {
                          "end": 506,
                          "name": "angle",
                          "start": 501,
                          "type": "Identifier"
                        },
                        "start": 501,
                        "type": "ObjectProperty",
                        "value": {
                          "end": 511,
                          "raw": "45",
                          "start": 509,
                          "type": "Literal",
                          "type": "Literal",
                          "value": {
                            "value": 45.0,
                            "suffix": "None"
                          }
                        }
                      },
                      {
                        "end": 566,
                        "key": {
                          "end": 522,
                          "name": "to",
                          "start": 520,
                          "type": "Identifier"
                        },
                        "start": 520,
                        "type": "ObjectProperty",
                        "value": {
                          "end": 566,
                          "left": {
                            "end": 545,
                            "left": {
                              "end": 541,
                              "name": "back_walls_width",
                              "start": 525,
                              "type": "Identifier",
                              "type": "Identifier"
                            },
                            "operator": "/",
                            "right": {
                              "end": 545,
                              "raw": "2",
                              "start": 544,
                              "type": "Literal",
                              "type": "Literal",
                              "value": {
                                "value": 2.0,
                                "suffix": "None"
                              }
                            },
                            "start": 525,
                            "type": "BinaryExpression",
                            "type": "BinaryExpression"
                          },
                          "operator": "+",
                          "right": {
                            "end": 566,
                            "left": {
                              "end": 562,
                              "name": "wall_thickness",
                              "start": 548,
                              "type": "Identifier",
                              "type": "Identifier"
                            },
                            "operator": "/",
                            "right": {
                              "end": 566,
                              "raw": "2",
                              "start": 565,
                              "type": "Literal",
                              "type": "Literal",
                              "value": {
                                "value": 2.0,
                                "suffix": "None"
                              }
                            },
                            "start": 548,
                            "type": "BinaryExpression",
                            "type": "BinaryExpression"
                          },
                          "start": 525,
                          "type": "BinaryExpression",
                          "type": "BinaryExpression"
                        }
                      }
                    ],
                    "start": 492,
                    "type": "ObjectExpression",
                    "type": "ObjectExpression"
                  },
                  {
                    "end": 576,
                    "start": 575,
                    "type": "PipeSubstitution",
                    "type": "PipeSubstitution"
                  }
                ],
                "callee": {
                  "end": 491,
                  "name": "angledLineToX",
                  "start": 478,
                  "type": "Identifier"
                },
                "end": 577,
                "start": 478,
                "type": "CallExpression",
                "type": "CallExpression"
              },
              {
                "arguments": [
                  {
                    "type": "LabeledArg",
                    "label": {
                      "end": 595,
                      "name": "length",
                      "start": 589,
                      "type": "Identifier"
                    },
                    "arg": {
                      "argument": {
                        "end": 613,
                        "name": "wall_thickness",
                        "start": 599,
                        "type": "Identifier",
                        "type": "Identifier"
                      },
                      "end": 613,
                      "operator": "-",
                      "start": 598,
                      "type": "UnaryExpression",
                      "type": "UnaryExpression"
                    }
                  }
                ],
                "callee": {
                  "end": 588,
                  "name": "xLine",
                  "start": 583,
                  "type": "Identifier"
                },
                "end": 614,
                "start": 583,
                "type": "CallExpressionKw",
                "type": "CallExpressionKw",
                "unlabeled": null
              },
              {
                "arguments": [
                  {
                    "end": 694,
                    "properties": [
                      {
                        "end": 659,
                        "key": {
                          "end": 648,
                          "name": "angle",
                          "start": 643,
                          "type": "Identifier"
                        },
                        "start": 643,
                        "type": "ObjectProperty",
                        "value": {
                          "end": 659,
                          "left": {
                            "end": 654,
                            "raw": "180",
                            "start": 651,
                            "type": "Literal",
                            "type": "Literal",
                            "value": {
                              "value": 180.0,
                              "suffix": "None"
                            }
                          },
                          "operator": "-",
                          "right": {
                            "end": 659,
                            "raw": "45",
                            "start": 657,
                            "type": "Literal",
                            "type": "Literal",
                            "value": {
                              "value": 45.0,
                              "suffix": "None"
                            }
                          },
                          "start": 651,
                          "type": "BinaryExpression",
                          "type": "BinaryExpression"
                        }
                      },
                      {
                        "end": 687,
                        "key": {
                          "end": 670,
                          "name": "to",
                          "start": 668,
                          "type": "Identifier"
                        },
                        "start": 668,
                        "type": "ObjectProperty",
                        "value": {
                          "end": 687,
                          "name": "wall_thickness",
                          "start": 673,
                          "type": "Identifier",
                          "type": "Identifier"
                        }
                      }
                    ],
                    "start": 634,
                    "type": "ObjectExpression",
                    "type": "ObjectExpression"
                  },
                  {
                    "end": 697,
                    "start": 696,
                    "type": "PipeSubstitution",
                    "type": "PipeSubstitution"
                  }
                ],
                "callee": {
                  "end": 633,
                  "name": "angledLineToX",
                  "start": 620,
                  "type": "Identifier"
                },
                "end": 698,
                "start": 620,
                "type": "CallExpression",
                "type": "CallExpression"
              },
              {
                "arguments": [
                  {
                    "type": "LabeledArg",
                    "label": {
                      "end": 721,
                      "name": "endAbsolute",
                      "start": 710,
                      "type": "Identifier"
                    },
                    "arg": {
                      "end": 730,
                      "name": "height",
                      "start": 724,
                      "type": "Identifier",
                      "type": "Identifier"
                    }
                  }
                ],
                "callee": {
                  "end": 709,
                  "name": "yLine",
                  "start": 704,
                  "type": "Identifier"
                },
                "end": 731,
                "start": 704,
                "type": "CallExpressionKw",
                "type": "CallExpressionKw",
                "unlabeled": null
              },
              {
                "arguments": [
                  {
                    "type": "LabeledArg",
                    "label": {
                      "end": 754,
                      "name": "endAbsolute",
                      "start": 743,
                      "type": "Identifier"
                    },
                    "arg": {
                      "end": 758,
                      "raw": "0",
                      "start": 757,
                      "type": "Literal",
                      "type": "Literal",
                      "value": {
                        "value": 0.0,
                        "suffix": "None"
                      }
                    }
                  }
                ],
                "callee": {
                  "end": 742,
                  "name": "xLine",
                  "start": 737,
                  "type": "Identifier"
                },
                "end": 759,
                "start": 737,
                "type": "CallExpressionKw",
                "type": "CallExpressionKw",
                "unlabeled": null
              },
              {
                "arguments": [
                  {
                    "type": "LabeledArg",
                    "label": {
                      "end": 782,
                      "name": "endAbsolute",
                      "start": 771,
                      "type": "Identifier"
                    },
                    "arg": {
                      "arguments": [
                        {
                          "end": 798,
                          "name": "seg01",
                          "start": 793,
                          "type": "Identifier",
                          "type": "Identifier"
                        }
                      ],
                      "callee": {
                        "end": 792,
                        "name": "segEndY",
                        "start": 785,
                        "type": "Identifier"
                      },
                      "end": 799,
                      "start": 785,
                      "type": "CallExpression",
                      "type": "CallExpression"
                    }
                  }
                ],
                "callee": {
                  "end": 770,
                  "name": "yLine",
                  "start": 765,
                  "type": "Identifier"
                },
                "end": 800,
                "start": 765,
                "type": "CallExpressionKw",
                "type": "CallExpressionKw",
                "unlabeled": null
              },
              {
                "arguments": [
                  {
                    "end": 848,
                    "properties": [
                      {
                        "end": 838,
                        "key": {
                          "end": 827,
                          "name": "angle",
                          "start": 822,
                          "type": "Identifier"
                        },
                        "start": 822,
                        "type": "ObjectProperty",
                        "value": {
                          "end": 838,
                          "left": {
                            "end": 833,
                            "raw": "180",
                            "start": 830,
                            "type": "Literal",
                            "type": "Literal",
                            "value": {
                              "value": 180.0,
                              "suffix": "None"
                            }
                          },
                          "operator": "-",
                          "right": {
                            "end": 838,
                            "raw": "45",
                            "start": 836,
                            "type": "Literal",
                            "type": "Literal",
                            "value": {
                              "value": 45.0,
                              "suffix": "None"
                            }
                          },
                          "start": 830,
                          "type": "BinaryExpression",
                          "type": "BinaryExpression"
                        }
                      },
                      {
                        "end": 846,
                        "key": {
                          "end": 842,
                          "name": "to",
                          "start": 840,
                          "type": "Identifier"
                        },
                        "start": 840,
                        "type": "ObjectProperty",
                        "value": {
                          "end": 846,
                          "raw": "0",
                          "start": 845,
                          "type": "Literal",
                          "type": "Literal",
                          "value": {
                            "value": 0.0,
                            "suffix": "None"
                          }
                        }
                      }
                    ],
                    "start": 820,
                    "type": "ObjectExpression",
                    "type": "ObjectExpression"
                  },
                  {
                    "end": 851,
                    "start": 850,
                    "type": "PipeSubstitution",
                    "type": "PipeSubstitution"
                  }
                ],
                "callee": {
                  "end": 819,
                  "name": "angledLineToY",
                  "start": 806,
                  "type": "Identifier"
                },
                "end": 852,
                "start": 806,
                "type": "CallExpression",
                "type": "CallExpression"
              },
              {
                "arguments": [
                  {
                    "end": 865,
                    "start": 864,
                    "type": "PipeSubstitution",
                    "type": "PipeSubstitution"
                  }
                ],
                "callee": {
                  "end": 863,
                  "name": "close",
                  "start": 858,
                  "type": "Identifier"
                },
                "end": 866,
                "start": 858,
                "type": "CallExpression",
                "type": "CallExpression"
              }
            ],
            "end": 866,
            "start": 182,
            "type": "PipeExpression",
            "type": "PipeExpression"
          },
          "start": 170,
          "type": "VariableDeclarator"
        },
        "end": 866,
        "kind": "const",
        "start": 170,
        "type": "VariableDeclaration",
        "type": "VariableDeclaration"
      },
      {
        "declaration": {
          "end": 1016,
          "id": {
            "end": 874,
            "name": "part001",
            "start": 867,
            "type": "Identifier"
          },
          "init": {
            "arguments": [
              {
                "type": "LabeledArg",
                "label": {
                  "end": 906,
                  "name": "angle",
                  "start": 901,
                  "type": "Identifier"
                },
                "arg": {
                  "end": 911,
                  "raw": "90",
                  "start": 909,
                  "type": "Literal",
                  "type": "Literal",
                  "value": {
                    "value": 90.0,
                    "suffix": "None"
                  }
                }
              },
              {
                "type": "LabeledArg",
                "label": {
                  "end": 919,
                  "name": "axis",
                  "start": 915,
                  "type": "Identifier"
                },
                "arg": {
                  "end": 1013,
                  "properties": [
                    {
                      "end": 1009,
                      "key": {
                        "end": 934,
                        "name": "custom",
                        "start": 928,
                        "type": "Identifier"
                      },
                      "start": 928,
                      "type": "ObjectProperty",
                      "value": {
                        "end": 1009,
                        "properties": [
                          {
                            "end": 962,
                            "key": {
                              "end": 949,
                              "name": "axis",
                              "start": 945,
                              "type": "Identifier"
                            },
                            "start": 945,
                            "type": "ObjectProperty",
                            "value": {
                              "elements": [
                                {
                                  "end": 956,
                                  "raw": "1.0",
                                  "start": 953,
                                  "type": "Literal",
                                  "type": "Literal",
                                  "value": {
                                    "value": 1.0,
                                    "suffix": "None"
                                  }
                                },
                                {
                                  "end": 961,
                                  "raw": "0.0",
                                  "start": 958,
                                  "type": "Literal",
                                  "type": "Literal",
                                  "value": {
                                    "value": 0.0,
                                    "suffix": "None"
                                  }
                                }
                              ],
                              "end": 962,
                              "start": 952,
                              "type": "ArrayExpression",
                              "type": "ArrayExpression"
                            }
                          },
                          {
                            "end": 1003,
                            "key": {
                              "end": 976,
                              "name": "origin",
                              "start": 970,
                              "type": "Identifier"
                            },
                            "start": 970,
                            "type": "ObjectProperty",
                            "value": {
                              "elements": [
                                {
                                  "end": 983,
                                  "raw": "0.0",
                                  "start": 980,
                                  "type": "Literal",
                                  "type": "Literal",
                                  "value": {
                                    "value": 0.0,
                                    "suffix": "None"
                                  }
                                },
                                {
                                  "end": 1002,
                                  "left": {
                                    "end": 991,
                                    "name": "height",
                                    "start": 985,
                                    "type": "Identifier",
                                    "type": "Identifier"
                                  },
                                  "operator": "+",
                                  "right": {
                                    "end": 1002,
                                    "raw": ".0000001",
                                    "start": 994,
                                    "type": "Literal",
                                    "type": "Literal",
                                    "value": {
                                      "value": 0.0000001,
                                      "suffix": "None"
                                    }
                                  },
                                  "start": 985,
                                  "type": "BinaryExpression",
                                  "type": "BinaryExpression"
                                }
                              ],
                              "end": 1003,
                              "start": 979,
                              "type": "ArrayExpression",
                              "type": "ArrayExpression"
                            }
                          }
                        ],
                        "start": 937,
                        "type": "ObjectExpression",
                        "type": "ObjectExpression"
                      }
                    }
                  ],
                  "start": 922,
                  "type": "ObjectExpression",
                  "type": "ObjectExpression"
                }
              }
            ],
            "callee": {
              "end": 884,
              "name": "revolve",
              "start": 877,
              "type": "Identifier"
            },
            "end": 1016,
            "start": 877,
            "type": "CallExpressionKw",
            "type": "CallExpressionKw",
            "unlabeled": {
              "end": 897,
              "name": "sketch001",
              "start": 888,
              "type": "Identifier",
              "type": "Identifier"
            }
          },
          "start": 867,
          "type": "VariableDeclarator"
        },
        "end": 1016,
        "kind": "const",
        "start": 867,
        "type": "VariableDeclaration",
        "type": "VariableDeclaration"
      },
      {
        "declaration": {
          "end": 1758,
          "id": {
            "end": 1027,
            "name": "sketch002",
            "start": 1018,
            "type": "Identifier"
          },
          "init": {
            "body": [
              {
                "arguments": [
                  {
                    "end": 1049,
                    "raw": "'-YZ'",
                    "start": 1044,
                    "type": "Literal",
                    "type": "Literal",
                    "value": "-YZ"
                  }
                ],
                "callee": {
                  "end": 1043,
                  "name": "startSketchOn",
                  "start": 1030,
                  "type": "Identifier"
                },
                "end": 1050,
                "start": 1030,
                "type": "CallExpression",
                "type": "CallExpression"
              },
              {
                "arguments": [
                  {
                    "elements": [
                      {
                        "end": 1092,
                        "left": {
                          "end": 1088,
                          "name": "back_walls_width",
                          "start": 1072,
                          "type": "Identifier",
                          "type": "Identifier"
                        },
                        "operator": "/",
                        "right": {
                          "end": 1092,
                          "raw": "2",
                          "start": 1091,
                          "type": "Literal",
                          "type": "Literal",
                          "value": {
                            "value": 2.0,
                            "suffix": "None"
                          }
                        },
                        "start": 1072,
                        "type": "BinaryExpression",
                        "type": "BinaryExpression"
                      },
                      {
                        "end": 1095,
                        "raw": "0",
                        "start": 1094,
                        "type": "Literal",
                        "type": "Literal",
                        "value": {
                          "value": 0.0,
                          "suffix": "None"
                        }
                      }
                    ],
                    "end": 1096,
                    "start": 1071,
                    "type": "ArrayExpression",
                    "type": "ArrayExpression"
                  },
                  {
                    "end": 1099,
                    "start": 1098,
                    "type": "PipeSubstitution",
                    "type": "PipeSubstitution"
                  }
                ],
                "callee": {
                  "end": 1070,
                  "name": "startProfileAt",
                  "start": 1056,
                  "type": "Identifier"
                },
                "end": 1100,
                "start": 1056,
                "type": "CallExpression",
                "type": "CallExpression"
              },
              {
                "arguments": [
                  {
                    "type": "LabeledArg",
                    "label": {
                      "end": 1118,
                      "name": "length",
                      "start": 1112,
                      "type": "Identifier"
                    },
                    "arg": {
                      "end": 1139,
                      "left": {
                        "end": 1135,
                        "name": "wall_thickness",
                        "start": 1121,
                        "type": "Identifier",
                        "type": "Identifier"
                      },
                      "operator": "/",
                      "right": {
                        "end": 1139,
                        "raw": "2",
                        "start": 1138,
                        "type": "Literal",
                        "type": "Literal",
                        "value": {
                          "value": 2.0,
                          "suffix": "None"
                        }
                      },
                      "start": 1121,
                      "type": "BinaryExpression",
                      "type": "BinaryExpression"
                    }
                  }
                ],
                "callee": {
                  "end": 1111,
                  "name": "xLine",
                  "start": 1106,
                  "type": "Identifier"
                },
                "end": 1140,
                "start": 1106,
                "type": "CallExpressionKw",
                "type": "CallExpressionKw",
                "unlabeled": null
              },
              {
                "arguments": [
                  {
                    "end": 1197,
                    "properties": [
                      {
                        "end": 1172,
                        "key": {
                          "end": 1167,
                          "name": "angle",
                          "start": 1162,
                          "type": "Identifier"
                        },
                        "start": 1162,
                        "type": "ObjectProperty",
                        "value": {
                          "end": 1172,
                          "raw": "45",
                          "start": 1170,
                          "type": "Literal",
                          "type": "Literal",
                          "value": {
                            "value": 45.0,
                            "suffix": "None"
                          }
                        }
                      },
                      {
                        "end": 1195,
                        "key": {
                          "end": 1176,
                          "name": "to",
                          "start": 1174,
                          "type": "Identifier"
                        },
                        "start": 1174,
                        "type": "ObjectProperty",
                        "value": {
                          "end": 1195,
                          "name": "back_walls_width",
                          "start": 1179,
                          "type": "Identifier",
                          "type": "Identifier"
                        }
                      }
                    ],
                    "start": 1160,
                    "type": "ObjectExpression",
                    "type": "ObjectExpression"
                  },
                  {
                    "end": 1200,
                    "start": 1199,
                    "type": "PipeSubstitution",
                    "type": "PipeSubstitution"
                  },
                  {
                    "end": 1208,
                    "start": 1202,
                    "type": "TagDeclarator",
                    "type": "TagDeclarator",
                    "value": "seg02"
                  }
                ],
                "callee": {
                  "end": 1159,
                  "name": "angledLineToX",
                  "start": 1146,
                  "type": "Identifier"
                },
                "end": 1209,
                "start": 1146,
                "type": "CallExpression",
                "type": "CallExpression"
              },
              {
                "arguments": [
                  {
                    "type": "LabeledArg",
                    "label": {
                      "end": 1232,
                      "name": "endAbsolute",
                      "start": 1221,
                      "type": "Identifier"
                    },
                    "arg": {
                      "end": 1241,
                      "name": "height",
                      "start": 1235,
                      "type": "Identifier",
                      "type": "Identifier"
                    }
                  }
                ],
                "callee": {
                  "end": 1220,
                  "name": "yLine",
                  "start": 1215,
                  "type": "Identifier"
                },
                "end": 1242,
                "start": 1215,
                "type": "CallExpressionKw",
                "type": "CallExpressionKw",
                "unlabeled": null
              },
              {
                "arguments": [
                  {
                    "type": "LabeledArg",
                    "label": {
                      "end": 1260,
                      "name": "length",
                      "start": 1254,
                      "type": "Identifier"
                    },
                    "arg": {
                      "argument": {
                        "end": 1278,
                        "name": "wall_thickness",
                        "start": 1264,
                        "type": "Identifier",
                        "type": "Identifier"
                      },
                      "end": 1278,
                      "operator": "-",
                      "start": 1263,
                      "type": "UnaryExpression",
                      "type": "UnaryExpression"
                    }
                  }
                ],
                "callee": {
                  "end": 1253,
                  "name": "xLine",
                  "start": 1248,
                  "type": "Identifier"
                },
                "end": 1279,
                "start": 1248,
                "type": "CallExpressionKw",
                "type": "CallExpressionKw",
                "unlabeled": null
              },
              {
                "arguments": [
                  {
                    "type": "LabeledArg",
                    "label": {
                      "end": 1302,
                      "name": "endAbsolute",
                      "start": 1291,
                      "type": "Identifier"
                    },
                    "arg": {
                      "arguments": [
                        {
                          "end": 1318,
                          "name": "seg01",
                          "start": 1313,
                          "type": "Identifier",
                          "type": "Identifier"
                        }
                      ],
                      "callee": {
                        "end": 1312,
                        "name": "segEndY",
                        "start": 1305,
                        "type": "Identifier"
                      },
                      "end": 1319,
                      "start": 1305,
                      "type": "CallExpression",
                      "type": "CallExpression"
                    }
                  }
                ],
                "callee": {
                  "end": 1290,
                  "name": "yLine",
                  "start": 1285,
                  "type": "Identifier"
                },
                "end": 1320,
                "start": 1285,
                "type": "CallExpressionKw",
                "type": "CallExpressionKw",
                "unlabeled": null
              },
              {
                "arguments": [
                  {
                    "end": 1421,
                    "properties": [
                      {
                        "end": 1359,
                        "key": {
                          "end": 1354,
                          "name": "angle",
                          "start": 1349,
                          "type": "Identifier"
                        },
                        "start": 1349,
                        "type": "ObjectProperty",
                        "value": {
                          "end": 1359,
                          "raw": "45",
                          "start": 1357,
                          "type": "Literal",
                          "type": "Literal",
                          "value": {
                            "value": 45.0,
                            "suffix": "None"
                          }
                        }
                      },
                      {
                        "end": 1414,
                        "key": {
                          "end": 1370,
                          "name": "to",
                          "start": 1368,
                          "type": "Identifier"
                        },
                        "start": 1368,
                        "type": "ObjectProperty",
                        "value": {
                          "end": 1414,
                          "left": {
                            "end": 1393,
                            "left": {
                              "end": 1389,
                              "name": "back_walls_width",
                              "start": 1373,
                              "type": "Identifier",
                              "type": "Identifier"
                            },
                            "operator": "/",
                            "right": {
                              "end": 1393,
                              "raw": "2",
                              "start": 1392,
                              "type": "Literal",
                              "type": "Literal",
                              "value": {
                                "value": 2.0,
                                "suffix": "None"
                              }
                            },
                            "start": 1373,
                            "type": "BinaryExpression",
                            "type": "BinaryExpression"
                          },
                          "operator": "+",
                          "right": {
                            "end": 1414,
                            "left": {
                              "end": 1410,
                              "name": "wall_thickness",
                              "start": 1396,
                              "type": "Identifier",
                              "type": "Identifier"
                            },
                            "operator": "/",
                            "right": {
                              "end": 1414,
                              "raw": "2",
                              "start": 1413,
                              "type": "Literal",
                              "type": "Literal",
                              "value": {
                                "value": 2.0,
                                "suffix": "None"
                              }
                            },
                            "start": 1396,
                            "type": "BinaryExpression",
                            "type": "BinaryExpression"
                          },
                          "start": 1373,
                          "type": "BinaryExpression",
                          "type": "BinaryExpression"
                        }
                      }
                    ],
                    "start": 1340,
                    "type": "ObjectExpression",
                    "type": "ObjectExpression"
                  },
                  {
                    "end": 1424,
                    "start": 1423,
                    "type": "PipeSubstitution",
                    "type": "PipeSubstitution"
                  }
                ],
                "callee": {
                  "end": 1339,
                  "name": "angledLineToX",
                  "start": 1326,
                  "type": "Identifier"
                },
                "end": 1425,
                "start": 1326,
                "type": "CallExpression",
                "type": "CallExpression"
              },
              {
                "arguments": [
                  {
                    "type": "LabeledArg",
                    "label": {
                      "end": 1443,
                      "name": "length",
                      "start": 1437,
                      "type": "Identifier"
                    },
                    "arg": {
                      "argument": {
                        "end": 1461,
                        "name": "wall_thickness",
                        "start": 1447,
                        "type": "Identifier",
                        "type": "Identifier"
                      },
                      "end": 1461,
                      "operator": "-",
                      "start": 1446,
                      "type": "UnaryExpression",
                      "type": "UnaryExpression"
                    }
                  }
                ],
                "callee": {
                  "end": 1436,
                  "name": "xLine",
                  "start": 1431,
                  "type": "Identifier"
                },
                "end": 1462,
                "start": 1431,
                "type": "CallExpressionKw",
                "type": "CallExpressionKw",
                "unlabeled": null
              },
              {
                "arguments": [
                  {
                    "end": 1542,
                    "properties": [
                      {
                        "end": 1507,
                        "key": {
                          "end": 1496,
                          "name": "angle",
                          "start": 1491,
                          "type": "Identifier"
                        },
                        "start": 1491,
                        "type": "ObjectProperty",
                        "value": {
                          "end": 1507,
                          "left": {
                            "end": 1502,
                            "raw": "180",
                            "start": 1499,
                            "type": "Literal",
                            "type": "Literal",
                            "value": {
                              "value": 180.0,
                              "suffix": "None"
                            }
                          },
                          "operator": "-",
                          "right": {
                            "end": 1507,
                            "raw": "45",
                            "start": 1505,
                            "type": "Literal",
                            "type": "Literal",
                            "value": {
                              "value": 45.0,
                              "suffix": "None"
                            }
                          },
                          "start": 1499,
                          "type": "BinaryExpression",
                          "type": "BinaryExpression"
                        }
                      },
                      {
                        "end": 1535,
                        "key": {
                          "end": 1518,
                          "name": "to",
                          "start": 1516,
                          "type": "Identifier"
                        },
                        "start": 1516,
                        "type": "ObjectProperty",
                        "value": {
                          "end": 1535,
                          "name": "wall_thickness",
                          "start": 1521,
                          "type": "Identifier",
                          "type": "Identifier"
                        }
                      }
                    ],
                    "start": 1482,
                    "type": "ObjectExpression",
                    "type": "ObjectExpression"
                  },
                  {
                    "end": 1545,
                    "start": 1544,
                    "type": "PipeSubstitution",
                    "type": "PipeSubstitution"
                  }
                ],
                "callee": {
                  "end": 1481,
                  "name": "angledLineToX",
                  "start": 1468,
                  "type": "Identifier"
                },
                "end": 1546,
                "start": 1468,
                "type": "CallExpression",
                "type": "CallExpression"
              },
              {
                "arguments": [
                  {
                    "type": "LabeledArg",
                    "label": {
                      "end": 1569,
                      "name": "endAbsolute",
                      "start": 1558,
                      "type": "Identifier"
                    },
                    "arg": {
                      "end": 1578,
                      "name": "height",
                      "start": 1572,
                      "type": "Identifier",
                      "type": "Identifier"
                    }
                  }
                ],
                "callee": {
                  "end": 1557,
                  "name": "yLine",
                  "start": 1552,
                  "type": "Identifier"
                },
                "end": 1579,
                "start": 1552,
                "type": "CallExpressionKw",
                "type": "CallExpressionKw",
                "unlabeled": null
              },
              {
                "arguments": [
                  {
                    "type": "LabeledArg",
                    "label": {
                      "end": 1602,
                      "name": "endAbsolute",
                      "start": 1591,
                      "type": "Identifier"
                    },
                    "arg": {
                      "end": 1606,
                      "raw": "0",
                      "start": 1605,
                      "type": "Literal",
                      "type": "Literal",
                      "value": {
                        "value": 0.0,
                        "suffix": "None"
                      }
                    }
                  }
                ],
                "callee": {
                  "end": 1590,
                  "name": "xLine",
                  "start": 1585,
                  "type": "Identifier"
                },
                "end": 1607,
                "start": 1585,
                "type": "CallExpressionKw",
                "type": "CallExpressionKw",
                "unlabeled": null
              },
              {
                "arguments": [
                  {
                    "type": "LabeledArg",
                    "label": {
                      "end": 1630,
                      "name": "endAbsolute",
                      "start": 1619,
                      "type": "Identifier"
                    },
                    "arg": {
                      "arguments": [
                        {
                          "end": 1646,
                          "name": "seg02",
                          "start": 1641,
                          "type": "Identifier",
                          "type": "Identifier"
                        }
                      ],
                      "callee": {
                        "end": 1640,
                        "name": "segEndY",
                        "start": 1633,
                        "type": "Identifier"
                      },
                      "end": 1647,
                      "start": 1633,
                      "type": "CallExpression",
                      "type": "CallExpression"
                    }
                  }
                ],
                "callee": {
                  "end": 1618,
                  "name": "yLine",
                  "start": 1613,
                  "type": "Identifier"
                },
                "end": 1648,
                "start": 1613,
                "type": "CallExpressionKw",
                "type": "CallExpressionKw",
                "unlabeled": null
              },
              {
                "arguments": [
                  {
                    "end": 1696,
                    "properties": [
                      {
                        "end": 1686,
                        "key": {
                          "end": 1675,
                          "name": "angle",
                          "start": 1670,
                          "type": "Identifier"
                        },
                        "start": 1670,
                        "type": "ObjectProperty",
                        "value": {
                          "end": 1686,
                          "left": {
                            "end": 1681,
                            "raw": "180",
                            "start": 1678,
                            "type": "Literal",
                            "type": "Literal",
                            "value": {
                              "value": 180.0,
                              "suffix": "None"
                            }
                          },
                          "operator": "-",
                          "right": {
                            "end": 1686,
                            "raw": "45",
                            "start": 1684,
                            "type": "Literal",
                            "type": "Literal",
                            "value": {
                              "value": 45.0,
                              "suffix": "None"
                            }
                          },
                          "start": 1678,
                          "type": "BinaryExpression",
                          "type": "BinaryExpression"
                        }
                      },
                      {
                        "end": 1694,
                        "key": {
                          "end": 1690,
                          "name": "to",
                          "start": 1688,
                          "type": "Identifier"
                        },
                        "start": 1688,
                        "type": "ObjectProperty",
                        "value": {
                          "end": 1694,
                          "raw": "0",
                          "start": 1693,
                          "type": "Literal",
                          "type": "Literal",
                          "value": {
                            "value": 0.0,
                            "suffix": "None"
                          }
                        }
                      }
                    ],
                    "start": 1668,
                    "type": "ObjectExpression",
                    "type": "ObjectExpression"
                  },
                  {
                    "end": 1699,
                    "start": 1698,
                    "type": "PipeSubstitution",
                    "type": "PipeSubstitution"
                  }
                ],
                "callee": {
                  "end": 1667,
                  "name": "angledLineToY",
                  "start": 1654,
                  "type": "Identifier"
                },
                "end": 1700,
                "start": 1654,
                "type": "CallExpression",
                "type": "CallExpression"
              },
              {
                "arguments": [
                  {
                    "end": 1713,
                    "start": 1712,
                    "type": "PipeSubstitution",
                    "type": "PipeSubstitution"
                  }
                ],
                "callee": {
                  "end": 1711,
                  "name": "close",
                  "start": 1706,
                  "type": "Identifier"
                },
                "end": 1714,
                "start": 1706,
                "type": "CallExpression",
                "type": "CallExpression"
              },
              {
                "arguments": [
                  {
                    "type": "LabeledArg",
                    "label": {
                      "end": 1734,
                      "name": "length",
                      "start": 1728,
                      "type": "Identifier"
                    },
                    "arg": {
                      "end": 1757,
                      "left": {
                        "end": 1748,
                        "name": "back_length",
                        "start": 1737,
                        "type": "Identifier",
                        "type": "Identifier"
                      },
                      "operator": "-",
                      "right": {
                        "end": 1757,
                        "name": "height",
                        "start": 1751,
                        "type": "Identifier",
                        "type": "Identifier"
                      },
                      "start": 1737,
                      "type": "BinaryExpression",
                      "type": "BinaryExpression"
                    }
                  }
                ],
                "callee": {
                  "end": 1727,
                  "name": "extrude",
                  "start": 1720,
                  "type": "Identifier"
                },
                "end": 1758,
                "start": 1720,
                "type": "CallExpressionKw",
                "type": "CallExpressionKw",
                "unlabeled": null
              }
            ],
            "end": 1758,
            "start": 1030,
            "type": "PipeExpression",
            "type": "PipeExpression"
          },
          "start": 1018,
          "type": "VariableDeclarator"
        },
        "end": 1758,
        "kind": "const",
        "start": 1018,
        "type": "VariableDeclaration",
        "type": "VariableDeclaration"
      }
    ],
    "end": 1759,
    "nonCodeMeta": {
      "nonCodeNodes": {
        "9": [
          {
            "end": 170,
            "start": 168,
            "type": "NonCodeNode",
            "value": {
              "type": "newLine"
            }
          }
        ],
        "11": [
          {
            "end": 1018,
            "start": 1016,
            "type": "NonCodeNode",
            "value": {
              "type": "newLine"
            }
          }
        ]
      },
      "startNodes": []
    },
    "start": 0
  }
}
