---
source: kcl-lib/src/simulation_tests.rs
description: Variables in memory after executing food-service-spatula.kcl
---
{
  "backEdge": {
    "type": "TagIdentifier",
    "type": "TagIdentifier",
    "value": "backEdge"
  },
  "flipper": {
    "type": "Solid",
    "value": {
      "type": "Solid",
      "id": "[uuid]",
      "artifactId": "[uuid]",
      "value": [
        {
          "faceId": "[uuid]",
          "id": "[uuid]",
          "sourceRange": [],
          "tag": null,
          "type": "extrudePlane"
        },
        {
          "faceId": "[uuid]",
          "id": "[uuid]",
          "sourceRange": [],
          "tag": {
            "commentStart": 1590,
            "end": 1599,
            "start": 1590,
            "type": "TagDeclarator",
            "value": "backEdge"
          },
          "type": "extrudePlane"
        },
        {
          "faceId": "[uuid]",
          "id": "[uuid]",
          "sourceRange": [],
          "tag": null,
          "type": "extrudePlane"
        },
        {
          "faceId": "[uuid]",
          "id": "[uuid]",
          "sourceRange": [],
          "tag": null,
          "type": "extrudeArc"
        },
        {
          "faceId": "[uuid]",
          "id": "[uuid]",
          "sourceRange": [],
          "tag": null,
          "type": "extrudePlane"
        }
      ],
      "sketch": {
        "type": "Sketch",
        "id": "[uuid]",
        "paths": [
          {
            "__geoMeta": {
              "id": "[uuid]",
              "sourceRange": []
            },
            "from": [
              -70.0,
              -32.0
            ],
            "tag": null,
            "to": [
              0.0,
              -30.0
            ],
            "type": "ToPoint",
            "units": {
              "type": "Mm"
            }
          },
          {
            "__geoMeta": {
              "id": "[uuid]",
              "sourceRange": []
            },
            "from": [
              0.0,
              -30.0
            ],
            "tag": {
              "commentStart": 1590,
              "end": 1599,
              "start": 1590,
              "type": "TagDeclarator",
              "value": "backEdge"
            },
            "to": [
              0.0,
              30.0
            ],
            "type": "ToPoint",
            "units": {
              "type": "Mm"
            }
          },
          {
            "__geoMeta": {
              "id": "[uuid]",
              "sourceRange": []
            },
            "from": [
              0.0,
              30.0
            ],
            "tag": null,
            "to": [
              -70.0,
              32.0
            ],
            "type": "ToPoint",
            "units": {
              "type": "Mm"
            }
          },
          {
            "__geoMeta": {
              "id": "[uuid]",
              "sourceRange": []
            },
            "ccw": true,
            "center": [
              35.2426,
              -0.0
            ],
            "from": [
              -70.0,
              32.0
            ],
            "radius": 110.0,
            "tag": null,
            "to": [
              -70.0,
              -32.0
            ],
            "type": "Arc",
            "units": {
              "type": "Mm"
            }
          },
          {
            "__geoMeta": {
              "id": "[uuid]",
              "sourceRange": []
            },
            "from": [
              -70.0,
              -32.0
            ],
            "tag": null,
            "to": [
              -70.0,
              -32.0
            ],
            "type": "ToPoint",
            "units": {
              "type": "Mm"
            }
          }
        ],
        "on": {
          "artifactId": "[uuid]",
          "id": "[uuid]",
          "origin": {
            "x": 0.0,
            "y": 0.0,
            "z": 0.0,
            "units": {
              "type": "Mm"
            }
          },
          "type": "plane",
          "value": "XY",
          "xAxis": {
            "x": 1.0,
            "y": 0.0,
            "z": 0.0,
            "units": {
              "type": "Unknown"
            }
          },
          "yAxis": {
            "x": 0.0,
            "y": 1.0,
            "z": 0.0,
            "units": {
              "type": "Unknown"
            }
          }
        },
        "start": {
          "from": [
            -70.0,
            -32.0
          ],
          "to": [
            -70.0,
            -32.0
          ],
          "units": {
            "type": "Mm"
          },
          "tag": null,
          "__geoMeta": {
            "id": "[uuid]",
            "sourceRange": []
          }
        },
        "tags": {
          "backEdge": {
            "type": "TagIdentifier",
            "value": "backEdge"
          }
        },
        "artifactId": "[uuid]",
        "originalId": "[uuid]",
        "units": {
          "type": "Mm"
        }
      },
      "height": 3.5,
      "startCapId": "[uuid]",
      "endCapId": "[uuid]",
      "units": {
        "type": "Mm"
      },
      "sectional": false
    }
  },
  "flipperFilletRadius": {
    "type": "Number",
    "value": 5.0,
    "ty": {
      "type": "Default",
      "len": {
        "type": "Mm"
      },
      "angle": {
        "type": "Degrees"
      }
    }
  },
  "flipperLength": {
    "type": "Number",
    "value": 70.0,
    "ty": {
      "type": "Default",
      "len": {
        "type": "Mm"
      },
      "angle": {
        "type": "Degrees"
      }
    }
  },
  "flipperProfile": {
    "type": "Sketch",
    "value": {
      "type": "Sketch",
      "id": "[uuid]",
      "paths": [
        {
          "__geoMeta": {
            "id": "[uuid]",
            "sourceRange": []
          },
          "from": [
            -70.0,
            -32.0
          ],
          "tag": null,
          "to": [
            0.0,
            -30.0
          ],
          "type": "ToPoint",
          "units": {
            "type": "Mm"
          }
        },
        {
          "__geoMeta": {
            "id": "[uuid]",
            "sourceRange": []
          },
          "from": [
            0.0,
            -30.0
          ],
          "tag": {
            "commentStart": 1590,
            "end": 1599,
            "start": 1590,
            "type": "TagDeclarator",
            "value": "backEdge"
          },
          "to": [
            0.0,
            30.0
          ],
          "type": "ToPoint",
          "units": {
            "type": "Mm"
          }
        },
        {
          "__geoMeta": {
            "id": "[uuid]",
            "sourceRange": []
          },
          "from": [
            0.0,
            30.0
          ],
          "tag": null,
          "to": [
            -70.0,
            32.0
          ],
          "type": "ToPoint",
          "units": {
            "type": "Mm"
          }
        },
        {
          "__geoMeta": {
            "id": "[uuid]",
            "sourceRange": []
          },
          "ccw": true,
          "center": [
            35.2426,
            -0.0
          ],
          "from": [
            -70.0,
            32.0
          ],
          "radius": 110.0,
          "tag": null,
          "to": [
            -70.0,
            -32.0
          ],
          "type": "Arc",
          "units": {
            "type": "Mm"
          }
        },
        {
          "__geoMeta": {
            "id": "[uuid]",
            "sourceRange": []
          },
          "from": [
            -70.0,
            -32.0
          ],
          "tag": null,
          "to": [
            -70.0,
            -32.0
          ],
          "type": "ToPoint",
          "units": {
            "type": "Mm"
          }
        }
      ],
      "on": {
        "artifactId": "[uuid]",
        "id": "[uuid]",
        "origin": {
          "x": 0.0,
          "y": 0.0,
          "z": 0.0,
          "units": {
            "type": "Mm"
          }
        },
        "type": "plane",
        "value": "XY",
        "xAxis": {
          "x": 1.0,
          "y": 0.0,
          "z": 0.0,
          "units": {
            "type": "Unknown"
          }
        },
        "yAxis": {
          "x": 0.0,
          "y": 1.0,
          "z": 0.0,
          "units": {
            "type": "Unknown"
          }
        }
      },
      "start": {
        "from": [
          -70.0,
          -32.0
        ],
        "to": [
          -70.0,
          -32.0
        ],
        "units": {
          "type": "Mm"
        },
        "tag": null,
        "__geoMeta": {
          "id": "[uuid]",
          "sourceRange": []
        }
      },
      "tags": {
        "backEdge": {
          "type": "TagIdentifier",
          "value": "backEdge"
        }
      },
      "artifactId": "[uuid]",
      "originalId": "[uuid]",
      "units": {
        "type": "Mm"
      }
    }
  },
  "flipperSketch": {
    "type": "Plane",
    "value": {
      "artifactId": "[uuid]",
      "id": "[uuid]",
      "origin": {
        "x": 0.0,
        "y": 0.0,
        "z": 0.0,
        "units": {
          "type": "Mm"
        }
      },
      "value": "XY",
      "xAxis": {
        "x": 1.0,
        "y": 0.0,
        "z": 0.0,
        "units": {
          "type": "Unknown"
        }
      },
      "yAxis": {
        "x": 0.0,
        "y": 1.0,
        "z": 0.0,
        "units": {
          "type": "Unknown"
        }
      }
    }
  },
  "flipperSlotWidth": {
    "type": "Number",
    "value": 10.0,
    "ty": {
      "type": "Default",
      "len": {
        "type": "Mm"
      },
      "angle": {
        "type": "Degrees"
      }
    }
  },
  "flipperThickness": {
    "type": "Number",
    "value": 3.5,
    "ty": {
      "type": "Default",
      "len": {
        "type": "Mm"
      },
      "angle": {
        "type": "Degrees"
      }
    }
  },
  "grip": {
    "type": "Solid",
    "value": {
      "type": "Solid",
      "id": "[uuid]",
      "artifactId": "[uuid]",
      "value": [
        {
          "faceId": "[uuid]",
          "id": "[uuid]",
          "sourceRange": [],
          "tag": null,
          "type": "extrudePlane"
        },
        {
          "faceId": "[uuid]",
          "id": "[uuid]",
          "sourceRange": [],
          "tag": null,
          "type": "extrudeArc"
        },
        {
          "faceId": "[uuid]",
          "id": "[uuid]",
          "sourceRange": [],
          "tag": null,
          "type": "extrudePlane"
        },
        {
          "faceId": "[uuid]",
          "id": "[uuid]",
          "sourceRange": [],
          "tag": null,
          "type": "extrudeArc"
        },
        {
          "faceId": "[uuid]",
          "id": "[uuid]",
          "sourceRange": [],
          "tag": null,
          "type": "extrudePlane"
        },
        {
          "faceId": "[uuid]",
          "id": "[uuid]",
          "sourceRange": [],
          "tag": null,
          "type": "extrudeArc"
        },
        {
          "faceId": "[uuid]",
          "id": "[uuid]",
          "sourceRange": [],
          "tag": {
            "commentStart": 4336,
            "end": 4348,
            "start": 4336,
            "type": "TagDeclarator",
            "value": "gripEdgeTop"
          },
          "type": "extrudePlane"
        },
        {
          "faceId": "[uuid]",
          "id": "[uuid]",
          "sourceRange": [],
          "tag": null,
          "type": "extrudeArc"
        }
      ],
      "sketch": {
        "type": "Sketch",
        "id": "[uuid]",
        "paths": [
          {
            "__geoMeta": {
              "id": "[uuid]",
              "sourceRange": []
            },
            "from": [
              -26.8067,
              -10.0
            ],
            "tag": null,
            "to": [
              -22.8067,
              -10.0
            ],
            "type": "ToPoint",
            "units": {
              "type": "Mm"
            }
          },
          {
            "__geoMeta": {
              "id": "[uuid]",
              "sourceRange": []
            },
            "ccw": true,
            "center": [
              -22.8067,
              -7.0
            ],
            "from": [
              -22.8067,
              -10.0
            ],
            "radius": 3.0,
            "tag": null,
            "to": [
              -19.8067,
              -7.0
            ],
            "type": "Arc",
            "units": {
              "type": "Mm"
            }
          },
          {
            "__geoMeta": {
              "id": "[uuid]",
              "sourceRange": []
            },
            "from": [
              -19.8067,
              -7.0
            ],
            "tag": null,
            "to": [
              -19.8067,
              7.0
            ],
            "type": "ToPoint",
            "units": {
              "type": "Mm"
            }
          },
          {
            "__geoMeta": {
              "id": "[uuid]",
              "sourceRange": []
            },
            "ccw": true,
            "center": [
              -22.8067,
              7.0
            ],
            "from": [
              -19.8067,
              7.0
            ],
            "radius": 3.0,
            "tag": null,
            "to": [
              -22.8067,
              10.0
            ],
            "type": "Arc",
            "units": {
              "type": "Mm"
            }
          },
          {
            "__geoMeta": {
              "id": "[uuid]",
              "sourceRange": []
            },
            "from": [
              -22.8067,
              10.0
            ],
            "tag": null,
            "to": [
              -26.8067,
              10.0
            ],
            "type": "ToPoint",
            "units": {
              "type": "Mm"
            }
          },
          {
            "__geoMeta": {
              "id": "[uuid]",
              "sourceRange": []
            },
            "ccw": true,
            "center": [
              -26.8067,
              7.0
            ],
            "from": [
              -26.8067,
              10.0
            ],
            "radius": 3.0,
            "tag": null,
            "to": [
              -29.8067,
              7.0
            ],
            "type": "Arc",
            "units": {
              "type": "Mm"
            }
          },
          {
            "__geoMeta": {
              "id": "[uuid]",
              "sourceRange": []
            },
            "from": [
              -29.8067,
              7.0
            ],
            "tag": {
              "commentStart": 4336,
              "end": 4348,
              "start": 4336,
              "type": "TagDeclarator",
              "value": "gripEdgeTop"
            },
            "to": [
              -29.8067,
              -7.0
            ],
            "type": "ToPoint",
            "units": {
              "type": "Mm"
            }
          },
          {
            "__geoMeta": {
              "id": "[uuid]",
              "sourceRange": []
            },
            "ccw": true,
            "center": [
              -26.8067,
              -7.0
            ],
            "from": [
              -29.8067,
              -7.0
            ],
            "radius": 3.0,
            "tag": null,
            "to": [
              -26.8067,
              -10.0
            ],
            "type": "Arc",
            "units": {
              "type": "Mm"
            }
          },
          {
            "__geoMeta": {
              "id": "[uuid]",
              "sourceRange": []
            },
            "from": [
              -26.8067,
              -10.0
            ],
            "tag": null,
            "to": [
              -26.8067,
              -10.0
            ],
            "type": "ToPoint",
            "units": {
              "type": "Mm"
            }
          }
        ],
        "on": {
          "artifactId": "[uuid]",
          "id": "[uuid]",
          "origin": {
            "x": 208.593833,
            "y": 0.0,
            "z": 75.921946,
            "units": {
              "type": "Mm"
            }
          },
          "type": "plane",
          "value": "Custom",
          "xAxis": {
            "x": 0.342019894888923,
            "y": -0.0,
            "z": -0.9396927112094517,
            "units": {
              "type": "Unknown"
            }
          },
          "yAxis": {
            "x": 0.0,
            "y": 1.0,
            "z": 0.0,
            "units": {
              "type": "Unknown"
            }
          }
        },
        "start": {
          "from": [
            -26.8067,
            -10.0
          ],
          "to": [
            -26.8067,
            -10.0
          ],
          "units": {
            "type": "Mm"
          },
          "tag": null,
          "__geoMeta": {
            "id": "[uuid]",
            "sourceRange": []
          }
        },
        "tags": {
          "gripEdgeTop": {
            "type": "TagIdentifier",
            "value": "gripEdgeTop"
          }
        },
        "artifactId": "[uuid]",
        "originalId": "[uuid]",
        "units": {
          "type": "Mm"
        }
      },
      "height": -150.0,
      "startCapId": "[uuid]",
      "endCapId": "[uuid]",
      "units": {
        "type": "Mm"
      },
      "sectional": false
    }
  },
  "gripEdgeTop": {
    "type": "TagIdentifier",
    "type": "TagIdentifier",
    "value": "gripEdgeTop"
  },
  "gripFilletRadius": {
    "type": "Number",
    "value": 3.0,
    "ty": {
      "type": "Default",
      "len": {
        "type": "Mm"
      },
      "angle": {
        "type": "Degrees"
      }
    }
  },
  "gripHeight": {
    "type": "Number",
    "value": 20.0,
    "ty": {
      "type": "Default",
      "len": {
        "type": "Mm"
      },
      "angle": {
        "type": "Degrees"
      }
    }
  },
  "gripHoleProfile": {
    "type": "Sketch",
    "value": {
      "type": "Sketch",
      "id": "[uuid]",
      "paths": [
        {
          "__geoMeta": {
            "id": "[uuid]",
            "sourceRange": []
          },
          "from": [
            4.0,
            200.0
          ],
          "tag": null,
          "to": [
            4.0,
            210.0
          ],
          "type": "ToPoint",
          "units": {
            "type": "Mm"
          }
        },
        {
          "__geoMeta": {
            "id": "[uuid]",
            "sourceRange": []
          },
          "ccw": true,
          "center": [
            0.0,
            210.0
          ],
          "from": [
            4.0,
            210.0
          ],
          "tag": null,
          "to": [
            -4.0,
            210.0
          ],
          "type": "TangentialArc",
          "units": {
            "type": "Mm"
          }
        },
        {
          "__geoMeta": {
            "id": "[uuid]",
            "sourceRange": []
          },
          "from": [
            -4.0,
            210.0
          ],
          "tag": null,
          "to": [
            -4.0,
            200.0
          ],
          "type": "ToPoint",
          "units": {
            "type": "Mm"
          }
        },
        {
          "__geoMeta": {
            "id": "[uuid]",
            "sourceRange": []
          },
          "ccw": true,
          "center": [
            0.0,
            200.0
          ],
          "from": [
            -4.0,
            200.0
          ],
          "tag": null,
          "to": [
            4.0,
            200.0
          ],
          "type": "TangentialArcTo",
          "units": {
            "type": "Mm"
          }
        },
        {
          "__geoMeta": {
            "id": "[uuid]",
            "sourceRange": []
          },
          "from": [
            4.0,
            200.0
          ],
          "tag": null,
          "to": [
            4.0,
            200.0
          ],
          "type": "ToPoint",
          "units": {
            "type": "Mm"
          }
        }
      ],
      "on": {
        "type": "face",
        "id": "[uuid]",
        "artifactId": "[uuid]",
        "value": "gripEdgeTop",
        "xAxis": {
          "x": 0.342019894888923,
          "y": -0.0,
          "z": -0.9396927112094517,
          "units": {
            "type": "Unknown"
          }
        },
        "yAxis": {
          "x": 0.0,
          "y": 1.0,
          "z": 0.0,
          "units": {
            "type": "Unknown"
          }
        },
        "solid": {
          "type": "Solid",
          "id": "[uuid]",
          "artifactId": "[uuid]",
          "value": [
            {
              "faceId": "[uuid]",
              "id": "[uuid]",
              "sourceRange": [],
              "tag": null,
              "type": "extrudePlane"
            },
            {
              "faceId": "[uuid]",
              "id": "[uuid]",
              "sourceRange": [],
              "tag": null,
              "type": "extrudeArc"
            },
            {
              "faceId": "[uuid]",
              "id": "[uuid]",
              "sourceRange": [],
              "tag": null,
              "type": "extrudePlane"
            },
            {
              "faceId": "[uuid]",
              "id": "[uuid]",
              "sourceRange": [],
              "tag": null,
              "type": "extrudeArc"
            },
            {
              "faceId": "[uuid]",
              "id": "[uuid]",
              "sourceRange": [],
              "tag": null,
              "type": "extrudePlane"
            },
            {
              "faceId": "[uuid]",
              "id": "[uuid]",
              "sourceRange": [],
              "tag": null,
              "type": "extrudeArc"
            },
            {
              "faceId": "[uuid]",
              "id": "[uuid]",
              "sourceRange": [],
              "tag": {
                "commentStart": 4336,
                "end": 4348,
                "start": 4336,
                "type": "TagDeclarator",
                "value": "gripEdgeTop"
              },
              "type": "extrudePlane"
            },
            {
              "faceId": "[uuid]",
              "id": "[uuid]",
              "sourceRange": [],
              "tag": null,
              "type": "extrudeArc"
            }
          ],
          "sketch": {
            "type": "Sketch",
            "id": "[uuid]",
            "paths": [
              {
                "__geoMeta": {
                  "id": "[uuid]",
                  "sourceRange": []
                },
                "from": [
                  -26.8067,
                  -10.0
                ],
                "tag": null,
                "to": [
                  -22.8067,
                  -10.0
                ],
                "type": "ToPoint",
                "units": {
                  "type": "Mm"
                }
              },
              {
                "__geoMeta": {
                  "id": "[uuid]",
                  "sourceRange": []
                },
                "ccw": true,
                "center": [
                  -22.8067,
                  -7.0
                ],
                "from": [
                  -22.8067,
                  -10.0
                ],
                "radius": 3.0,
                "tag": null,
                "to": [
                  -19.8067,
                  -7.0
                ],
                "type": "Arc",
                "units": {
                  "type": "Mm"
                }
              },
              {
                "__geoMeta": {
                  "id": "[uuid]",
                  "sourceRange": []
                },
                "from": [
                  -19.8067,
                  -7.0
                ],
                "tag": null,
                "to": [
                  -19.8067,
                  7.0
                ],
                "type": "ToPoint",
                "units": {
                  "type": "Mm"
                }
              },
              {
                "__geoMeta": {
                  "id": "[uuid]",
                  "sourceRange": []
                },
                "ccw": true,
                "center": [
                  -22.8067,
                  7.0
                ],
                "from": [
                  -19.8067,
                  7.0
                ],
                "radius": 3.0,
                "tag": null,
                "to": [
                  -22.8067,
                  10.0
                ],
                "type": "Arc",
                "units": {
                  "type": "Mm"
                }
              },
              {
                "__geoMeta": {
                  "id": "[uuid]",
                  "sourceRange": []
                },
                "from": [
                  -22.8067,
                  10.0
                ],
                "tag": null,
                "to": [
                  -26.8067,
                  10.0
                ],
                "type": "ToPoint",
                "units": {
                  "type": "Mm"
                }
              },
              {
                "__geoMeta": {
                  "id": "[uuid]",
                  "sourceRange": []
                },
                "ccw": true,
                "center": [
                  -26.8067,
                  7.0
                ],
                "from": [
                  -26.8067,
                  10.0
                ],
                "radius": 3.0,
                "tag": null,
                "to": [
                  -29.8067,
                  7.0
                ],
                "type": "Arc",
                "units": {
                  "type": "Mm"
                }
              },
              {
                "__geoMeta": {
                  "id": "[uuid]",
                  "sourceRange": []
                },
                "from": [
                  -29.8067,
                  7.0
                ],
                "tag": {
                  "commentStart": 4336,
                  "end": 4348,
                  "start": 4336,
                  "type": "TagDeclarator",
                  "value": "gripEdgeTop"
                },
                "to": [
                  -29.8067,
                  -7.0
                ],
                "type": "ToPoint",
                "units": {
                  "type": "Mm"
                }
              },
              {
                "__geoMeta": {
                  "id": "[uuid]",
                  "sourceRange": []
                },
                "ccw": true,
                "center": [
                  -26.8067,
                  -7.0
                ],
                "from": [
                  -29.8067,
                  -7.0
                ],
                "radius": 3.0,
                "tag": null,
                "to": [
                  -26.8067,
                  -10.0
                ],
                "type": "Arc",
                "units": {
                  "type": "Mm"
                }
              },
              {
                "__geoMeta": {
                  "id": "[uuid]",
                  "sourceRange": []
                },
                "from": [
                  -26.8067,
                  -10.0
                ],
                "tag": null,
                "to": [
                  -26.8067,
                  -10.0
                ],
                "type": "ToPoint",
                "units": {
                  "type": "Mm"
                }
              }
            ],
            "on": {
              "artifactId": "[uuid]",
              "id": "[uuid]",
              "origin": {
                "x": 208.593833,
                "y": 0.0,
                "z": 75.921946,
                "units": {
                  "type": "Mm"
                }
              },
              "type": "plane",
              "value": "Custom",
              "xAxis": {
                "x": 0.342019894888923,
                "y": -0.0,
                "z": -0.9396927112094517,
                "units": {
                  "type": "Unknown"
                }
              },
              "yAxis": {
                "x": 0.0,
                "y": 1.0,
                "z": 0.0,
                "units": {
                  "type": "Unknown"
                }
              }
            },
            "start": {
              "from": [
                -26.8067,
                -10.0
              ],
              "to": [
                -26.8067,
                -10.0
              ],
              "units": {
                "type": "Mm"
              },
              "tag": null,
              "__geoMeta": {
                "id": "[uuid]",
                "sourceRange": []
              }
            },
            "tags": {
              "gripEdgeTop": {
                "type": "TagIdentifier",
                "value": "gripEdgeTop"
              }
            },
            "artifactId": "[uuid]",
            "originalId": "[uuid]",
            "units": {
              "type": "Mm"
            }
          },
          "height": -150.0,
          "startCapId": "[uuid]",
          "endCapId": "[uuid]",
          "units": {
            "type": "Mm"
          },
          "sectional": false
        },
        "units": {
          "type": "Mm"
        }
      },
      "start": {
        "from": [
          4.0,
          200.0
        ],
        "to": [
          4.0,
          200.0
        ],
        "units": {
          "type": "Mm"
        },
        "tag": null,
        "__geoMeta": {
          "id": "[uuid]",
          "sourceRange": []
        }
      },
      "artifactId": "[uuid]",
      "originalId": "[uuid]",
      "units": {
        "type": "Mm"
      }
    }
  },
  "gripLength": {
    "type": "Number",
    "value": 150.0,
    "ty": {
      "type": "Default",
      "len": {
        "type": "Mm"
      },
      "angle": {
        "type": "Degrees"
      }
    }
  },
  "gripProfile": {
    "type": "Sketch",
    "value": {
      "type": "Sketch",
      "id": "[uuid]",
      "paths": [
        {
          "__geoMeta": {
            "id": "[uuid]",
            "sourceRange": []
          },
          "from": [
            -26.8067,
            -10.0
          ],
          "tag": null,
          "to": [
            -22.8067,
            -10.0
          ],
          "type": "ToPoint",
          "units": {
            "type": "Mm"
          }
        },
        {
          "__geoMeta": {
            "id": "[uuid]",
            "sourceRange": []
          },
          "ccw": true,
          "center": [
            -22.8067,
            -7.0
          ],
          "from": [
            -22.8067,
            -10.0
          ],
          "radius": 3.0,
          "tag": null,
          "to": [
            -19.8067,
            -7.0
          ],
          "type": "Arc",
          "units": {
            "type": "Mm"
          }
        },
        {
          "__geoMeta": {
            "id": "[uuid]",
            "sourceRange": []
          },
          "from": [
            -19.8067,
            -7.0
          ],
          "tag": null,
          "to": [
            -19.8067,
            7.0
          ],
          "type": "ToPoint",
          "units": {
            "type": "Mm"
          }
        },
        {
          "__geoMeta": {
            "id": "[uuid]",
            "sourceRange": []
          },
          "ccw": true,
          "center": [
            -22.8067,
            7.0
          ],
          "from": [
            -19.8067,
            7.0
          ],
          "radius": 3.0,
          "tag": null,
          "to": [
            -22.8067,
            10.0
          ],
          "type": "Arc",
          "units": {
            "type": "Mm"
          }
        },
        {
          "__geoMeta": {
            "id": "[uuid]",
            "sourceRange": []
          },
          "from": [
            -22.8067,
            10.0
          ],
          "tag": null,
          "to": [
            -26.8067,
            10.0
          ],
          "type": "ToPoint",
          "units": {
            "type": "Mm"
          }
        },
        {
          "__geoMeta": {
            "id": "[uuid]",
            "sourceRange": []
          },
          "ccw": true,
          "center": [
            -26.8067,
            7.0
          ],
          "from": [
            -26.8067,
            10.0
          ],
          "radius": 3.0,
          "tag": null,
          "to": [
            -29.8067,
            7.0
          ],
          "type": "Arc",
          "units": {
            "type": "Mm"
          }
        },
        {
          "__geoMeta": {
            "id": "[uuid]",
            "sourceRange": []
          },
          "from": [
            -29.8067,
            7.0
          ],
          "tag": {
            "commentStart": 4336,
            "end": 4348,
            "start": 4336,
            "type": "TagDeclarator",
            "value": "gripEdgeTop"
          },
          "to": [
            -29.8067,
            -7.0
          ],
          "type": "ToPoint",
          "units": {
            "type": "Mm"
          }
        },
        {
          "__geoMeta": {
            "id": "[uuid]",
            "sourceRange": []
          },
          "ccw": true,
          "center": [
            -26.8067,
            -7.0
          ],
          "from": [
            -29.8067,
            -7.0
          ],
          "radius": 3.0,
          "tag": null,
          "to": [
            -26.8067,
            -10.0
          ],
          "type": "Arc",
          "units": {
            "type": "Mm"
          }
        },
        {
          "__geoMeta": {
            "id": "[uuid]",
            "sourceRange": []
          },
          "from": [
            -26.8067,
            -10.0
          ],
          "tag": null,
          "to": [
            -26.8067,
            -10.0
          ],
          "type": "ToPoint",
          "units": {
            "type": "Mm"
          }
        }
      ],
      "on": {
        "artifactId": "[uuid]",
        "id": "[uuid]",
        "origin": {
          "x": 208.593833,
          "y": 0.0,
          "z": 75.921946,
          "units": {
            "type": "Mm"
          }
        },
        "type": "plane",
        "value": "Custom",
        "xAxis": {
          "x": 0.342019894888923,
          "y": -0.0,
          "z": -0.9396927112094517,
          "units": {
            "type": "Unknown"
          }
        },
        "yAxis": {
          "x": 0.0,
          "y": 1.0,
          "z": 0.0,
          "units": {
            "type": "Unknown"
          }
        }
      },
      "start": {
        "from": [
          -26.8067,
          -10.0
        ],
        "to": [
          -26.8067,
          -10.0
        ],
        "units": {
          "type": "Mm"
        },
        "tag": null,
        "__geoMeta": {
          "id": "[uuid]",
          "sourceRange": []
        }
      },
      "tags": {
        "gripEdgeTop": {
          "type": "TagIdentifier",
          "value": "gripEdgeTop"
        }
      },
      "artifactId": "[uuid]",
      "originalId": "[uuid]",
      "units": {
        "type": "Mm"
      }
    }
  },
  "gripSketch": {
    "type": "Plane",
    "value": {
      "artifactId": "[uuid]",
      "id": "[uuid]",
      "origin": {
        "x": 208.593833,
        "y": 0.0,
        "z": 75.921946,
        "units": {
          "type": "Mm"
        }
      },
      "value": "Custom",
      "xAxis": {
        "x": 0.342019894888923,
        "y": -0.0,
        "z": -0.9396927112094517,
        "units": {
          "type": "Unknown"
        }
      },
      "yAxis": {
        "x": 0.0,
        "y": 1.0,
        "z": 0.0,
        "units": {
          "type": "Unknown"
        }
      }
    }
  },
  "gripSlotWidth": {
    "type": "Number",
    "value": 8.0,
    "ty": {
      "type": "Default",
      "len": {
        "type": "Mm"
      },
      "angle": {
        "type": "Degrees"
      }
    }
  },
  "gripWidth": {
    "type": "Number",
    "value": 10.0,
    "ty": {
      "type": "Default",
      "len": {
        "type": "Mm"
      },
      "angle": {
        "type": "Degrees"
      }
    }
  },
  "handle": {
    "type": "Solid",
    "value": {
      "type": "Solid",
      "id": "[uuid]",
      "artifactId": "[uuid]",
      "value": [
        {
          "faceId": "[uuid]",
          "id": "[uuid]",
          "sourceRange": [],
          "tag": {
            "commentStart": 2988,
            "end": 3005,
            "start": 2988,
            "type": "TagDeclarator",
            "value": "handleBottomEdge"
          },
          "type": "extrudePlane"
        },
        {
          "faceId": "[uuid]",
          "id": "[uuid]",
          "sourceRange": [],
          "tag": null,
          "type": "extrudePlane"
        },
        {
          "faceId": "[uuid]",
          "id": "[uuid]",
          "sourceRange": [],
          "tag": null,
          "type": "extrudePlane"
        },
        {
          "faceId": "[uuid]",
          "id": "[uuid]",
          "sourceRange": [],
          "tag": {
            "commentStart": 3136,
            "end": 3150,
            "start": 3136,
            "type": "TagDeclarator",
            "value": "handleTopEdge"
          },
          "type": "extrudePlane"
        },
        {
          "faceId": "[uuid]",
          "id": "[uuid]",
          "sourceRange": [],
          "tag": null,
          "type": "extrudePlane"
        },
        {
          "faceId": "[uuid]",
          "id": "[uuid]",
          "sourceRange": [],
          "tag": null,
          "type": "extrudePlane"
        },
        {
          "faceId": "[uuid]",
          "id": "[uuid]",
          "sourceRange": [],
          "tag": null,
          "type": "extrudePlane"
        }
      ],
      "sketch": {
        "type": "Sketch",
        "id": "[uuid]",
        "paths": [
          {
            "__geoMeta": {
              "id": "[uuid]",
              "sourceRange": []
            },
            "from": [
              0.0,
              3.5
            ],
            "tag": {
              "commentStart": 2988,
              "end": 3005,
              "start": 2988,
              "type": "TagDeclarator",
              "value": "handleBottomEdge"
            },
            "to": [
              31.8198,
              35.3198
            ],
            "type": "ToPoint",
            "units": {
              "type": "Mm"
            }
          },
          {
            "__geoMeta": {
              "id": "[uuid]",
              "sourceRange": []
            },
            "from": [
              31.8198,
              35.3198
            ],
            "tag": null,
            "to": [
              172.7737,
              86.6228
            ],
            "type": "ToPoint",
            "units": {
              "type": "Mm"
            }
          },
          {
            "__geoMeta": {
              "id": "[uuid]",
              "sourceRange": []
            },
            "from": [
              172.7737,
              86.6228
            ],
            "tag": null,
            "to": [
              171.0636,
              91.3213
            ],
            "type": "ToPoint",
            "units": {
              "type": "Mm"
            }
          },
          {
            "__geoMeta": {
              "id": "[uuid]",
              "sourceRange": []
            },
            "from": [
              171.0636,
              91.3213
            ],
            "tag": {
              "commentStart": 3136,
              "end": 3150,
              "start": 3136,
              "type": "TagDeclarator",
              "value": "handleTopEdge"
            },
            "to": [
              29.0681,
              39.6391
            ],
            "type": "ToPoint",
            "units": {
              "type": "Mm"
            }
          },
          {
            "__geoMeta": {
              "id": "[uuid]",
              "sourceRange": []
            },
            "from": [
              29.0681,
              39.6391
            ],
            "tag": null,
            "to": [
              -7.0711,
              3.5
            ],
            "type": "ToPoint",
            "units": {
              "type": "Mm"
            }
          },
          {
            "__geoMeta": {
              "id": "[uuid]",
              "sourceRange": []
            },
            "from": [
              -7.0711,
              3.5
            ],
            "tag": null,
            "to": [
              -0.0,
              3.5
            ],
            "type": "ToPoint",
            "units": {
              "type": "Mm"
            }
          },
          {
            "__geoMeta": {
              "id": "[uuid]",
              "sourceRange": []
            },
            "from": [
              -0.0,
              3.5
            ],
            "tag": null,
            "to": [
              0.0,
              3.5
            ],
            "type": "ToPoint",
            "units": {
              "type": "Mm"
            }
          }
        ],
        "on": {
          "artifactId": "[uuid]",
          "id": "[uuid]",
          "origin": {
            "x": 0.0,
            "y": 7.5,
            "z": 0.0,
            "units": {
              "type": "Mm"
            }
          },
          "type": "plane",
          "value": "Custom",
          "xAxis": {
            "x": 1.0,
            "y": 0.0,
            "z": 0.0,
            "units": {
              "type": "Unknown"
            }
          },
          "yAxis": {
            "x": 0.0,
            "y": 0.0,
            "z": 1.0,
            "units": {
              "type": "Unknown"
            }
          }
        },
        "start": {
          "from": [
            0.0,
            3.5
          ],
          "to": [
            0.0,
            3.5
          ],
          "units": {
            "type": "Mm"
          },
          "tag": null,
          "__geoMeta": {
            "id": "[uuid]",
            "sourceRange": []
          }
        },
        "tags": {
          "handleBottomEdge": {
            "type": "TagIdentifier",
            "value": "handleBottomEdge"
          },
          "handleTopEdge": {
            "type": "TagIdentifier",
            "value": "handleTopEdge"
          }
        },
        "artifactId": "[uuid]",
        "originalId": "[uuid]",
        "units": {
          "type": "Mm"
        }
      },
      "height": 15.0,
      "startCapId": "[uuid]",
      "endCapId": "[uuid]",
      "units": {
        "type": "Mm"
      },
      "sectional": false
    }
  },
  "handleBottomEdge": {
    "type": "TagIdentifier",
    "type": "TagIdentifier",
    "value": "handleBottomEdge"
  },
  "handlePlane": {
    "type": "Object",
    "value": {
      "origin": {
        "type": "HomArray",
        "value": [
          {
            "type": "Number",
            "value": 208.5938,
            "ty": {
              "type": "Default",
              "len": {
                "type": "Mm"
              },
              "angle": {
                "type": "Degrees"
              }
            }
          },
          {
            "type": "Number",
            "value": 0.0,
            "ty": {
              "type": "Default",
              "len": {
                "type": "Mm"
              },
              "angle": {
                "type": "Degrees"
              }
            }
          },
          {
            "type": "Number",
            "value": 75.9219,
            "ty": {
              "type": "Default",
              "len": {
                "type": "Mm"
              },
              "angle": {
                "type": "Degrees"
              }
            }
          }
        ]
      },
      "xAxis": {
        "type": "HomArray",
        "value": [
          {
            "type": "Number",
            "value": 0.342,
            "ty": {
              "type": "Default",
              "len": {
                "type": "Mm"
              },
              "angle": {
                "type": "Degrees"
              }
            }
          },
          {
            "type": "Number",
            "value": -0.0,
            "ty": {
              "type": "Default",
              "len": {
                "type": "Mm"
              },
              "angle": {
                "type": "Degrees"
              }
            }
          },
          {
            "type": "Number",
            "value": -0.9397,
            "ty": {
              "type": "Default",
              "len": {
                "type": "Mm"
              },
              "angle": {
                "type": "Degrees"
              }
            }
          }
        ]
      },
      "yAxis": {
        "type": "HomArray",
        "value": [
          {
            "type": "Number",
            "value": 0.0,
            "ty": {
              "type": "Default",
              "len": {
                "type": "Mm"
              },
              "angle": {
                "type": "Degrees"
              }
            }
          },
          {
            "type": "Number",
            "value": 1.0,
            "ty": {
              "type": "Default",
              "len": {
                "type": "Mm"
              },
              "angle": {
                "type": "Degrees"
              }
            }
          },
          {
            "type": "Number",
            "value": 0.0,
            "ty": {
              "type": "Default",
              "len": {
                "type": "Mm"
              },
              "angle": {
                "type": "Degrees"
              }
            }
          }
        ]
      },
      "zAxis": {
        "type": "HomArray",
        "value": [
          {
            "type": "Number",
            "value": 0.9397,
            "ty": {
              "type": "Default",
              "len": {
                "type": "Mm"
              },
              "angle": {
                "type": "Degrees"
              }
            }
          },
          {
            "type": "Number",
            "value": -0.0,
            "ty": {
              "type": "Default",
              "len": {
                "type": "Mm"
              },
              "angle": {
                "type": "Degrees"
              }
            }
          },
          {
            "type": "Number",
            "value": 0.342,
            "ty": {
              "type": "Default",
              "len": {
                "type": "Mm"
              },
              "angle": {
                "type": "Degrees"
              }
            }
          }
        ]
      }
    }
  },
  "handleProfile": {
    "type": "Sketch",
    "value": {
      "type": "Sketch",
      "id": "[uuid]",
      "paths": [
        {
          "__geoMeta": {
            "id": "[uuid]",
            "sourceRange": []
          },
          "from": [
            0.0,
            3.5
          ],
          "tag": {
            "commentStart": 2988,
            "end": 3005,
            "start": 2988,
            "type": "TagDeclarator",
            "value": "handleBottomEdge"
          },
          "to": [
            31.8198,
            35.3198
          ],
          "type": "ToPoint",
          "units": {
            "type": "Mm"
          }
        },
        {
          "__geoMeta": {
            "id": "[uuid]",
            "sourceRange": []
          },
          "from": [
            31.8198,
            35.3198
          ],
          "tag": null,
          "to": [
            172.7737,
            86.6228
          ],
          "type": "ToPoint",
          "units": {
            "type": "Mm"
          }
        },
        {
          "__geoMeta": {
            "id": "[uuid]",
            "sourceRange": []
          },
          "from": [
            172.7737,
            86.6228
          ],
          "tag": null,
          "to": [
            171.0636,
            91.3213
          ],
          "type": "ToPoint",
          "units": {
            "type": "Mm"
          }
        },
        {
          "__geoMeta": {
            "id": "[uuid]",
            "sourceRange": []
          },
          "from": [
            171.0636,
            91.3213
          ],
          "tag": {
            "commentStart": 3136,
            "end": 3150,
            "start": 3136,
            "type": "TagDeclarator",
            "value": "handleTopEdge"
          },
          "to": [
            29.0681,
            39.6391
          ],
          "type": "ToPoint",
          "units": {
            "type": "Mm"
          }
        },
        {
          "__geoMeta": {
            "id": "[uuid]",
            "sourceRange": []
          },
          "from": [
            29.0681,
            39.6391
          ],
          "tag": null,
          "to": [
            -7.0711,
            3.5
          ],
          "type": "ToPoint",
          "units": {
            "type": "Mm"
          }
        },
        {
          "__geoMeta": {
            "id": "[uuid]",
            "sourceRange": []
          },
          "from": [
            -7.0711,
            3.5
          ],
          "tag": null,
          "to": [
            -0.0,
            3.5
          ],
          "type": "ToPoint",
          "units": {
            "type": "Mm"
          }
        },
        {
          "__geoMeta": {
            "id": "[uuid]",
            "sourceRange": []
          },
          "from": [
            -0.0,
            3.5
          ],
          "tag": null,
          "to": [
            0.0,
            3.5
          ],
          "type": "ToPoint",
          "units": {
            "type": "Mm"
          }
        }
      ],
      "on": {
        "artifactId": "[uuid]",
        "id": "[uuid]",
        "origin": {
          "x": 0.0,
          "y": 7.5,
          "z": 0.0,
          "units": {
            "type": "Mm"
          }
        },
        "type": "plane",
        "value": "Custom",
        "xAxis": {
          "x": 1.0,
          "y": 0.0,
          "z": 0.0,
          "units": {
            "type": "Unknown"
          }
        },
        "yAxis": {
          "x": 0.0,
          "y": 0.0,
          "z": 1.0,
          "units": {
            "type": "Unknown"
          }
        }
      },
      "start": {
        "from": [
          0.0,
          3.5
        ],
        "to": [
          0.0,
          3.5
        ],
        "units": {
          "type": "Mm"
        },
        "tag": null,
        "__geoMeta": {
          "id": "[uuid]",
          "sourceRange": []
        }
      },
      "tags": {
        "handleBottomEdge": {
          "type": "TagIdentifier",
          "value": "handleBottomEdge"
        },
        "handleTopEdge": {
          "type": "TagIdentifier",
          "value": "handleTopEdge"
        }
      },
      "artifactId": "[uuid]",
      "originalId": "[uuid]",
      "units": {
        "type": "Mm"
      }
    }
  },
  "handleSketch": {
    "type": "Plane",
    "value": {
      "artifactId": "[uuid]",
      "id": "[uuid]",
      "origin": {
        "x": 0.0,
        "y": 7.5,
        "z": 0.0,
        "units": {
          "type": "Mm"
        }
      },
      "value": "Custom",
      "xAxis": {
        "x": 1.0,
        "y": 0.0,
        "z": 0.0,
        "units": {
          "type": "Unknown"
        }
      },
      "yAxis": {
        "x": 0.0,
        "y": 0.0,
        "z": 1.0,
        "units": {
          "type": "Unknown"
        }
      }
    }
  },
  "handleTopEdge": {
    "type": "TagIdentifier",
    "type": "TagIdentifier",
    "value": "handleTopEdge"
  },
  "handleWidth": {
    "type": "Number",
    "value": 15.0,
    "ty": {
      "type": "Default",
      "len": {
        "type": "Mm"
      },
      "angle": {
        "type": "Degrees"
      }
    }
  },
  "holeSketch": {
    "type": "Face",
    "value": {
      "id": "[uuid]",
      "artifactId": "[uuid]",
      "value": "gripEdgeTop",
      "xAxis": {
        "x": 0.342019894888923,
        "y": -0.0,
        "z": -0.9396927112094517,
        "units": {
          "type": "Unknown"
        }
      },
      "yAxis": {
        "x": 0.0,
        "y": 1.0,
        "z": 0.0,
        "units": {
          "type": "Unknown"
        }
      },
      "solid": {
        "type": "Solid",
        "id": "[uuid]",
        "artifactId": "[uuid]",
        "value": [
          {
            "faceId": "[uuid]",
            "id": "[uuid]",
            "sourceRange": [],
            "tag": null,
            "type": "extrudePlane"
          },
          {
            "faceId": "[uuid]",
            "id": "[uuid]",
            "sourceRange": [],
            "tag": null,
            "type": "extrudeArc"
          },
          {
            "faceId": "[uuid]",
            "id": "[uuid]",
            "sourceRange": [],
            "tag": null,
            "type": "extrudePlane"
          },
          {
            "faceId": "[uuid]",
            "id": "[uuid]",
            "sourceRange": [],
            "tag": null,
            "type": "extrudeArc"
          },
          {
            "faceId": "[uuid]",
            "id": "[uuid]",
            "sourceRange": [],
            "tag": null,
            "type": "extrudePlane"
          },
          {
            "faceId": "[uuid]",
            "id": "[uuid]",
            "sourceRange": [],
            "tag": null,
            "type": "extrudeArc"
          },
          {
            "faceId": "[uuid]",
            "id": "[uuid]",
            "sourceRange": [],
            "tag": {
              "commentStart": 4336,
              "end": 4348,
              "start": 4336,
              "type": "TagDeclarator",
              "value": "gripEdgeTop"
            },
            "type": "extrudePlane"
          },
          {
            "faceId": "[uuid]",
            "id": "[uuid]",
            "sourceRange": [],
            "tag": null,
            "type": "extrudeArc"
          }
        ],
        "sketch": {
          "type": "Sketch",
          "id": "[uuid]",
          "paths": [
            {
              "__geoMeta": {
                "id": "[uuid]",
                "sourceRange": []
              },
              "from": [
                -26.8067,
                -10.0
              ],
              "tag": null,
              "to": [
                -22.8067,
                -10.0
              ],
              "type": "ToPoint",
              "units": {
                "type": "Mm"
              }
            },
            {
              "__geoMeta": {
                "id": "[uuid]",
                "sourceRange": []
              },
              "ccw": true,
              "center": [
                -22.8067,
                -7.0
              ],
              "from": [
                -22.8067,
                -10.0
              ],
              "radius": 3.0,
              "tag": null,
              "to": [
                -19.8067,
                -7.0
              ],
              "type": "Arc",
              "units": {
                "type": "Mm"
              }
            },
            {
              "__geoMeta": {
                "id": "[uuid]",
                "sourceRange": []
              },
              "from": [
                -19.8067,
                -7.0
              ],
              "tag": null,
              "to": [
                -19.8067,
                7.0
              ],
              "type": "ToPoint",
              "units": {
                "type": "Mm"
              }
            },
            {
              "__geoMeta": {
                "id": "[uuid]",
                "sourceRange": []
              },
              "ccw": true,
              "center": [
                -22.8067,
                7.0
              ],
              "from": [
                -19.8067,
                7.0
              ],
              "radius": 3.0,
              "tag": null,
              "to": [
                -22.8067,
                10.0
              ],
              "type": "Arc",
              "units": {
                "type": "Mm"
              }
            },
            {
              "__geoMeta": {
                "id": "[uuid]",
                "sourceRange": []
              },
              "from": [
                -22.8067,
                10.0
              ],
              "tag": null,
              "to": [
                -26.8067,
                10.0
              ],
              "type": "ToPoint",
              "units": {
                "type": "Mm"
              }
            },
            {
              "__geoMeta": {
                "id": "[uuid]",
                "sourceRange": []
              },
              "ccw": true,
              "center": [
                -26.8067,
                7.0
              ],
              "from": [
                -26.8067,
                10.0
              ],
              "radius": 3.0,
              "tag": null,
              "to": [
                -29.8067,
                7.0
              ],
              "type": "Arc",
              "units": {
                "type": "Mm"
              }
            },
            {
              "__geoMeta": {
                "id": "[uuid]",
                "sourceRange": []
              },
              "from": [
                -29.8067,
                7.0
              ],
              "tag": {
                "commentStart": 4336,
                "end": 4348,
                "start": 4336,
                "type": "TagDeclarator",
                "value": "gripEdgeTop"
              },
              "to": [
                -29.8067,
                -7.0
              ],
              "type": "ToPoint",
              "units": {
                "type": "Mm"
              }
            },
            {
              "__geoMeta": {
                "id": "[uuid]",
                "sourceRange": []
              },
              "ccw": true,
              "center": [
                -26.8067,
                -7.0
              ],
              "from": [
                -29.8067,
                -7.0
              ],
              "radius": 3.0,
              "tag": null,
              "to": [
                -26.8067,
                -10.0
              ],
              "type": "Arc",
              "units": {
                "type": "Mm"
              }
            },
            {
              "__geoMeta": {
                "id": "[uuid]",
                "sourceRange": []
              },
              "from": [
                -26.8067,
                -10.0
              ],
              "tag": null,
              "to": [
                -26.8067,
                -10.0
              ],
              "type": "ToPoint",
              "units": {
                "type": "Mm"
              }
            }
          ],
          "on": {
            "artifactId": "[uuid]",
            "id": "[uuid]",
            "origin": {
              "x": 208.593833,
              "y": 0.0,
              "z": 75.921946,
              "units": {
                "type": "Mm"
              }
            },
            "type": "plane",
            "value": "Custom",
            "xAxis": {
              "x": 0.342019894888923,
              "y": -0.0,
              "z": -0.9396927112094517,
              "units": {
                "type": "Unknown"
              }
            },
            "yAxis": {
              "x": 0.0,
              "y": 1.0,
              "z": 0.0,
              "units": {
                "type": "Unknown"
              }
            }
          },
          "start": {
            "from": [
              -26.8067,
              -10.0
            ],
            "to": [
              -26.8067,
              -10.0
            ],
            "units": {
              "type": "Mm"
            },
            "tag": null,
            "__geoMeta": {
              "id": "[uuid]",
              "sourceRange": []
            }
          },
          "tags": {
            "gripEdgeTop": {
              "type": "TagIdentifier",
              "value": "gripEdgeTop"
            }
          },
          "artifactId": "[uuid]",
          "originalId": "[uuid]",
          "units": {
            "type": "Mm"
          }
        },
        "height": -150.0,
        "startCapId": "[uuid]",
        "endCapId": "[uuid]",
        "units": {
          "type": "Mm"
        },
        "sectional": false
      },
      "units": {
        "type": "Mm"
      }
    }
  },
  "slot": {
    "type": "Function",
    "value": null
  },
  "slotProfile000": {
    "type": "Sketch",
    "value": {
      "type": "Sketch",
      "id": "[uuid]",
      "paths": [
        {
          "__geoMeta": {
            "id": "[uuid]",
            "sourceRange": []
          },
          "from": [
            -25.0,
            5.0
          ],
          "tag": null,
          "to": [
            -55.0,
            5.0
          ],
          "type": "ToPoint",
          "units": {
            "type": "Mm"
          }
        },
        {
          "__geoMeta": {
            "id": "[uuid]",
            "sourceRange": []
          },
          "ccw": true,
          "center": [
            -55.0,
            0.0
          ],
          "from": [
            -55.0,
            5.0
          ],
          "tag": null,
          "to": [
            -55.0,
            -5.0
          ],
          "type": "TangentialArc",
          "units": {
            "type": "Mm"
          }
        },
        {
          "__geoMeta": {
            "id": "[uuid]",
            "sourceRange": []
          },
          "from": [
            -55.0,
            -5.0
          ],
          "tag": null,
          "to": [
            -25.0,
            -5.0
          ],
          "type": "ToPoint",
          "units": {
            "type": "Mm"
          }
        },
        {
          "__geoMeta": {
            "id": "[uuid]",
            "sourceRange": []
          },
          "ccw": true,
          "center": [
            -25.0,
            0.0
          ],
          "from": [
            -25.0,
            -5.0
          ],
          "tag": null,
          "to": [
            -25.0,
            5.0
          ],
          "type": "TangentialArcTo",
          "units": {
            "type": "Mm"
          }
        },
        {
          "__geoMeta": {
            "id": "[uuid]",
            "sourceRange": []
          },
          "from": [
            -25.0,
            5.0
          ],
          "tag": null,
          "to": [
            -25.0,
            5.0
          ],
          "type": "ToPoint",
          "units": {
            "type": "Mm"
          }
        }
      ],
      "on": {
        "artifactId": "[uuid]",
        "id": "[uuid]",
        "origin": {
          "x": 0.0,
          "y": 0.0,
          "z": 0.0,
          "units": {
            "type": "Mm"
          }
        },
        "type": "plane",
        "value": "XY",
        "xAxis": {
          "x": 1.0,
          "y": 0.0,
          "z": 0.0,
          "units": {
            "type": "Unknown"
          }
        },
        "yAxis": {
          "x": 0.0,
          "y": 1.0,
          "z": 0.0,
          "units": {
            "type": "Unknown"
          }
        }
      },
      "start": {
        "from": [
          -25.0,
          5.0
        ],
        "to": [
          -25.0,
          5.0
        ],
        "units": {
          "type": "Mm"
        },
        "tag": null,
        "__geoMeta": {
          "id": "[uuid]",
          "sourceRange": []
        }
      },
      "artifactId": "[uuid]",
      "originalId": "[uuid]",
      "units": {
        "type": "Mm"
      }
    }
  },
  "slotProfile001": {
    "type": "Sketch",
    "value": {
      "type": "Sketch",
      "id": "[uuid]",
      "paths": [
        {
          "__geoMeta": {
            "id": "[uuid]",
            "sourceRange": []
          },
          "from": [
            -24.8334,
            22.9972
          ],
          "tag": null,
          "to": [
            -54.8334,
            23.9972
          ],
          "type": "ToPoint",
          "units": {
            "type": "Mm"
          }
        },
        {
          "__geoMeta": {
            "id": "[uuid]",
            "sourceRange": []
          },
          "ccw": true,
          "center": [
            -55.0,
            19.0
          ],
          "from": [
            -54.8334,
            23.9972
          ],
          "tag": null,
          "to": [
            -55.1666,
            14.0028
          ],
          "type": "TangentialArc",
          "units": {
            "type": "Mm"
          }
        },
        {
          "__geoMeta": {
            "id": "[uuid]",
            "sourceRange": []
          },
          "from": [
            -55.1666,
            14.0028
          ],
          "tag": null,
          "to": [
            -25.1666,
            13.0028
          ],
          "type": "ToPoint",
          "units": {
            "type": "Mm"
          }
        },
        {
          "__geoMeta": {
            "id": "[uuid]",
            "sourceRange": []
          },
          "ccw": true,
          "center": [
            -25.0,
            18.0
          ],
          "from": [
            -25.1666,
            13.0028
          ],
          "tag": null,
          "to": [
            -24.8334,
            22.9972
          ],
          "type": "TangentialArcTo",
          "units": {
            "type": "Mm"
          }
        },
        {
          "__geoMeta": {
            "id": "[uuid]",
            "sourceRange": []
          },
          "from": [
            -24.8334,
            22.9972
          ],
          "tag": null,
          "to": [
            -24.8334,
            22.9972
          ],
          "type": "ToPoint",
          "units": {
            "type": "Mm"
          }
        }
      ],
      "on": {
        "artifactId": "[uuid]",
        "id": "[uuid]",
        "origin": {
          "x": 0.0,
          "y": 0.0,
          "z": 0.0,
          "units": {
            "type": "Mm"
          }
        },
        "type": "plane",
        "value": "XY",
        "xAxis": {
          "x": 1.0,
          "y": 0.0,
          "z": 0.0,
          "units": {
            "type": "Unknown"
          }
        },
        "yAxis": {
          "x": 0.0,
          "y": 1.0,
          "z": 0.0,
          "units": {
            "type": "Unknown"
          }
        }
      },
      "start": {
        "from": [
          -24.8334,
          22.9972
        ],
        "to": [
          -24.8334,
          22.9972
        ],
        "units": {
          "type": "Mm"
        },
        "tag": null,
        "__geoMeta": {
          "id": "[uuid]",
          "sourceRange": []
        }
      },
      "artifactId": "[uuid]",
      "originalId": "[uuid]",
      "units": {
        "type": "Mm"
      }
    }
  },
  "slotProfile002": {
    "type": "Sketch",
    "value": {
      "type": "Sketch",
      "id": "[uuid]",
      "paths": [
        {
          "__geoMeta": {
            "id": "[uuid]",
            "sourceRange": []
          },
          "from": [
            -25.1666,
            -13.0028
          ],
          "tag": null,
          "to": [
            -55.1666,
            -14.0028
          ],
          "type": "ToPoint",
          "units": {
            "type": "Mm"
          }
        },
        {
          "__geoMeta": {
            "id": "[uuid]",
            "sourceRange": []
          },
          "ccw": true,
          "center": [
            -55.0,
            -19.0
          ],
          "from": [
            -55.1666,
            -14.0028
          ],
          "tag": null,
          "to": [
            -54.8334,
            -23.9972
          ],
          "type": "TangentialArc",
          "units": {
            "type": "Mm"
          }
        },
        {
          "__geoMeta": {
            "id": "[uuid]",
            "sourceRange": []
          },
          "from": [
            -54.8334,
            -23.9972
          ],
          "tag": null,
          "to": [
            -24.8334,
            -22.9972
          ],
          "type": "ToPoint",
          "units": {
            "type": "Mm"
          }
        },
        {
          "__geoMeta": {
            "id": "[uuid]",
            "sourceRange": []
          },
          "ccw": true,
          "center": [
            -25.0,
            -18.0
          ],
          "from": [
            -24.8334,
            -22.9972
          ],
          "tag": null,
          "to": [
            -25.1666,
            -13.0028
          ],
          "type": "TangentialArcTo",
          "units": {
            "type": "Mm"
          }
        },
        {
          "__geoMeta": {
            "id": "[uuid]",
            "sourceRange": []
          },
          "from": [
            -25.1666,
            -13.0028
          ],
          "tag": null,
          "to": [
            -25.1666,
            -13.0028
          ],
          "type": "ToPoint",
          "units": {
            "type": "Mm"
          }
        }
      ],
      "on": {
        "artifactId": "[uuid]",
        "id": "[uuid]",
        "origin": {
          "x": 0.0,
          "y": 0.0,
          "z": 0.0,
          "units": {
            "type": "Mm"
          }
        },
        "type": "plane",
        "value": "XY",
        "xAxis": {
          "x": 1.0,
          "y": 0.0,
          "z": 0.0,
          "units": {
            "type": "Unknown"
          }
        },
        "yAxis": {
          "x": 0.0,
          "y": 1.0,
          "z": 0.0,
          "units": {
            "type": "Unknown"
          }
        }
      },
      "start": {
        "from": [
          -25.1666,
          -13.0028
        ],
        "to": [
          -25.1666,
          -13.0028
        ],
        "units": {
          "type": "Mm"
        },
        "tag": null,
        "__geoMeta": {
          "id": "[uuid]",
          "sourceRange": []
        }
      },
      "artifactId": "[uuid]",
      "originalId": "[uuid]",
      "units": {
        "type": "Mm"
      }
    }
  },
  "spatulaProfile": {
    "type": "Sketch",
    "value": {
      "type": "Sketch",
      "id": "[uuid]",
      "paths": [
        {
          "__geoMeta": {
            "id": "[uuid]",
            "sourceRange": []
          },
          "from": [
            -70.0,
            -32.0
          ],
          "tag": null,
          "to": [
            0.0,
            -30.0
          ],
          "type": "ToPoint",
          "units": {
            "type": "Mm"
          }
        },
        {
          "__geoMeta": {
            "id": "[uuid]",
            "sourceRange": []
          },
          "from": [
            0.0,
            -30.0
          ],
          "tag": {
            "commentStart": 1590,
            "end": 1599,
            "start": 1590,
            "type": "TagDeclarator",
            "value": "backEdge"
          },
          "to": [
            0.0,
            30.0
          ],
          "type": "ToPoint",
          "units": {
            "type": "Mm"
          }
        },
        {
          "__geoMeta": {
            "id": "[uuid]",
            "sourceRange": []
          },
          "from": [
            0.0,
            30.0
          ],
          "tag": null,
          "to": [
            -70.0,
            32.0
          ],
          "type": "ToPoint",
          "units": {
            "type": "Mm"
          }
        },
        {
          "__geoMeta": {
            "id": "[uuid]",
            "sourceRange": []
          },
          "ccw": true,
          "center": [
            35.2426,
            -0.0
          ],
          "from": [
            -70.0,
            32.0
          ],
          "radius": 110.0,
          "tag": null,
          "to": [
            -70.0,
            -32.0
          ],
          "type": "Arc",
          "units": {
            "type": "Mm"
          }
        },
        {
          "__geoMeta": {
            "id": "[uuid]",
            "sourceRange": []
          },
          "from": [
            -70.0,
            -32.0
          ],
          "tag": null,
          "to": [
            -70.0,
            -32.0
          ],
          "type": "ToPoint",
          "units": {
            "type": "Mm"
          }
        }
      ],
      "on": {
        "artifactId": "[uuid]",
        "id": "[uuid]",
        "origin": {
          "x": 0.0,
          "y": 0.0,
          "z": 0.0,
          "units": {
            "type": "Mm"
          }
        },
        "type": "plane",
        "value": "XY",
        "xAxis": {
          "x": 1.0,
          "y": 0.0,
          "z": 0.0,
          "units": {
            "type": "Unknown"
          }
        },
        "yAxis": {
          "x": 0.0,
          "y": 1.0,
          "z": 0.0,
          "units": {
            "type": "Unknown"
          }
        }
      },
      "start": {
        "from": [
          -70.0,
          -32.0
        ],
        "to": [
          -70.0,
          -32.0
        ],
        "units": {
          "type": "Mm"
        },
        "tag": null,
        "__geoMeta": {
          "id": "[uuid]",
          "sourceRange": []
        }
      },
      "tags": {
        "backEdge": {
          "type": "TagIdentifier",
          "value": "backEdge"
        }
      },
      "artifactId": "[uuid]",
      "originalId": "[uuid]",
      "units": {
        "type": "Mm"
      }
    }
  }
}
